Archive member included to satisfy reference by file (symbol)

c:/st/stm32cubeide_1.9.0/stm32cubeide/plugins/com.st.stm32cube.ide.mcu.externaltools.gnu-tools-for-stm32.10.3-2021.10.win32_1.0.0.202111181127/tools/bin/../lib/gcc/arm-none-eabi/10.3.1/../../../../arm-none-eabi/lib/thumb/v7e-m+dp/hard\libc_nano.a(lib_a-errno.o)
                              ./Core/Src/syscalls.o (__errno)
c:/st/stm32cubeide_1.9.0/stm32cubeide/plugins/com.st.stm32cube.ide.mcu.externaltools.gnu-tools-for-stm32.10.3-2021.10.win32_1.0.0.202111181127/tools/bin/../lib/gcc/arm-none-eabi/10.3.1/../../../../arm-none-eabi/lib/thumb/v7e-m+dp/hard\libc_nano.a(lib_a-exit.o)
                              c:/st/stm32cubeide_1.9.0/stm32cubeide/plugins/com.st.stm32cube.ide.mcu.externaltools.gnu-tools-for-stm32.10.3-2021.10.win32_1.0.0.202111181127/tools/bin/../lib/gcc/arm-none-eabi/10.3.1/../../../../arm-none-eabi/lib/thumb/v7e-m+dp/hard/crt0.o (exit)
c:/st/stm32cubeide_1.9.0/stm32cubeide/plugins/com.st.stm32cube.ide.mcu.externaltools.gnu-tools-for-stm32.10.3-2021.10.win32_1.0.0.202111181127/tools/bin/../lib/gcc/arm-none-eabi/10.3.1/../../../../arm-none-eabi/lib/thumb/v7e-m+dp/hard\libc_nano.a(lib_a-impure.o)
                              c:/st/stm32cubeide_1.9.0/stm32cubeide/plugins/com.st.stm32cube.ide.mcu.externaltools.gnu-tools-for-stm32.10.3-2021.10.win32_1.0.0.202111181127/tools/bin/../lib/gcc/arm-none-eabi/10.3.1/../../../../arm-none-eabi/lib/thumb/v7e-m+dp/hard\libc_nano.a(lib_a-exit.o) (_global_impure_ptr)
c:/st/stm32cubeide_1.9.0/stm32cubeide/plugins/com.st.stm32cube.ide.mcu.externaltools.gnu-tools-for-stm32.10.3-2021.10.win32_1.0.0.202111181127/tools/bin/../lib/gcc/arm-none-eabi/10.3.1/../../../../arm-none-eabi/lib/thumb/v7e-m+dp/hard\libc_nano.a(lib_a-init.o)
                              c:/st/stm32cubeide_1.9.0/stm32cubeide/plugins/com.st.stm32cube.ide.mcu.externaltools.gnu-tools-for-stm32.10.3-2021.10.win32_1.0.0.202111181127/tools/bin/../lib/gcc/arm-none-eabi/10.3.1/../../../../arm-none-eabi/lib/thumb/v7e-m+dp/hard/crt0.o (__libc_init_array)
c:/st/stm32cubeide_1.9.0/stm32cubeide/plugins/com.st.stm32cube.ide.mcu.externaltools.gnu-tools-for-stm32.10.3-2021.10.win32_1.0.0.202111181127/tools/bin/../lib/gcc/arm-none-eabi/10.3.1/../../../../arm-none-eabi/lib/thumb/v7e-m+dp/hard\libc_nano.a(lib_a-malloc.o)
                              ./Core/Src/ChorusEffect.o (malloc)
c:/st/stm32cubeide_1.9.0/stm32cubeide/plugins/com.st.stm32cube.ide.mcu.externaltools.gnu-tools-for-stm32.10.3-2021.10.win32_1.0.0.202111181127/tools/bin/../lib/gcc/arm-none-eabi/10.3.1/../../../../arm-none-eabi/lib/thumb/v7e-m+dp/hard\libc_nano.a(lib_a-memset.o)
                              c:/st/stm32cubeide_1.9.0/stm32cubeide/plugins/com.st.stm32cube.ide.mcu.externaltools.gnu-tools-for-stm32.10.3-2021.10.win32_1.0.0.202111181127/tools/bin/../lib/gcc/arm-none-eabi/10.3.1/../../../../arm-none-eabi/lib/thumb/v7e-m+dp/hard/crt0.o (memset)
c:/st/stm32cubeide_1.9.0/stm32cubeide/plugins/com.st.stm32cube.ide.mcu.externaltools.gnu-tools-for-stm32.10.3-2021.10.win32_1.0.0.202111181127/tools/bin/../lib/gcc/arm-none-eabi/10.3.1/../../../../arm-none-eabi/lib/thumb/v7e-m+dp/hard\libc_nano.a(lib_a-nano-freer.o)
                              c:/st/stm32cubeide_1.9.0/stm32cubeide/plugins/com.st.stm32cube.ide.mcu.externaltools.gnu-tools-for-stm32.10.3-2021.10.win32_1.0.0.202111181127/tools/bin/../lib/gcc/arm-none-eabi/10.3.1/../../../../arm-none-eabi/lib/thumb/v7e-m+dp/hard\libc_nano.a(lib_a-malloc.o) (_free_r)
c:/st/stm32cubeide_1.9.0/stm32cubeide/plugins/com.st.stm32cube.ide.mcu.externaltools.gnu-tools-for-stm32.10.3-2021.10.win32_1.0.0.202111181127/tools/bin/../lib/gcc/arm-none-eabi/10.3.1/../../../../arm-none-eabi/lib/thumb/v7e-m+dp/hard\libc_nano.a(lib_a-nano-mallocr.o)
                              c:/st/stm32cubeide_1.9.0/stm32cubeide/plugins/com.st.stm32cube.ide.mcu.externaltools.gnu-tools-for-stm32.10.3-2021.10.win32_1.0.0.202111181127/tools/bin/../lib/gcc/arm-none-eabi/10.3.1/../../../../arm-none-eabi/lib/thumb/v7e-m+dp/hard\libc_nano.a(lib_a-malloc.o) (_malloc_r)
c:/st/stm32cubeide_1.9.0/stm32cubeide/plugins/com.st.stm32cube.ide.mcu.externaltools.gnu-tools-for-stm32.10.3-2021.10.win32_1.0.0.202111181127/tools/bin/../lib/gcc/arm-none-eabi/10.3.1/../../../../arm-none-eabi/lib/thumb/v7e-m+dp/hard\libc_nano.a(lib_a-sbrkr.o)
                              c:/st/stm32cubeide_1.9.0/stm32cubeide/plugins/com.st.stm32cube.ide.mcu.externaltools.gnu-tools-for-stm32.10.3-2021.10.win32_1.0.0.202111181127/tools/bin/../lib/gcc/arm-none-eabi/10.3.1/../../../../arm-none-eabi/lib/thumb/v7e-m+dp/hard\libc_nano.a(lib_a-nano-mallocr.o) (_sbrk_r)
c:/st/stm32cubeide_1.9.0/stm32cubeide/plugins/com.st.stm32cube.ide.mcu.externaltools.gnu-tools-for-stm32.10.3-2021.10.win32_1.0.0.202111181127/tools/bin/../lib/gcc/arm-none-eabi/10.3.1/../../../../arm-none-eabi/lib/thumb/v7e-m+dp/hard\libc_nano.a(lib_a-mlock.o)
[...]
Memory Configuration

Name             Origin             Length             Attributes
ITCMRAM          0x0000000000000000 0x0000000000010000 xrw
FLASH            0x0000000008000000 0x0000000000200000 xr
DTCMRAM1         0x0000000020000000 0x0000000000010000 xrw
DTCMRAM2         0x0000000020010000 0x0000000000010000 xrw
RAM              0x0000000024000000 0x0000000000100000 xrw
RAM_CD           0x0000000030000000 0x0000000000020000 xrw
RAM_SRD          0x0000000038000000 0x0000000000008000 xrw
*default*        0x0000000000000000 0xffffffffffffffff

Linker script and memory map

LOAD c:/st/stm32cubeide_1.9.0/stm32cubeide/plugins/com.st.stm32cube.ide.mcu.externaltools.gnu-tools-for-stm32.10.3-2021.10.win32_1.0.0.202111181127/tools/bin/../lib/gcc/arm-none-eabi/10.3.1/thumb/v7e-m+dp/hard/crti.o
LOAD c:/st/stm32cubeide_1.9.0/stm32cubeide/plugins/com.st.stm32cube.ide.mcu.externaltools.gnu-tools-for-stm32.10.3-2021.10.win32_1.0.0.202111181127/tools/bin/../lib/gcc/arm-none-eabi/10.3.1/thumb/v7e-m+dp/hard/crtbegin.o
LOAD c:/st/stm32cubeide_1.9.0/stm32cubeide/plugins/com.st.stm32cube.ide.mcu.externaltools.gnu-tools-for-stm32.10.3-2021.10.win32_1.0.0.202111181127/tools/bin/../lib/gcc/arm-none-eabi/10.3.1/../../../../arm-none-eabi/lib/thumb/v7e-m+dp/hard/crt0.o
LOAD ./Core/Src/ChorusEffect.o
LOAD ./Core/Src/DelayEffect.o
LOAD ./Core/Src/TremoloEffect.o
LOAD ./Core/Src/adc.o
LOAD ./Core/Src/dac.o
LOAD ./Core/Src/dma.o
LOAD ./Core/Src/gpio.o
LOAD ./Core/Src/i2c-lcd.o
LOAD ./Core/Src/i2c.o
LOAD ./Core/Src/main.o
LOAD ./Core/Src/stm32h7xx_hal_msp.o
LOAD ./Core/Src/stm32h7xx_it.o
LOAD ./Core/Src/syscalls.o
LOAD ./Core/Src/sysmem.o
LOAD ./Core/Src/system_stm32h7xx.o
LOAD ./Core/Src/tim.o
LOAD ./Core/Src/usart.o
LOAD ./Core/Src/usb_otg.o
LOAD ./Core/Startup/startup_stm32h7a3zitxq.o
LOAD ./Drivers/STM32H7xx_HAL_Driver/Src/stm32h7xx_hal.o
LOAD ./Drivers/STM32H7xx_HAL_Driver/Src/stm32h7xx_hal_adc.o
LOAD ./Drivers/STM32H7xx_HAL_Driver/Src/stm32h7xx_hal_adc_ex.o
LOAD ./Drivers/STM32H7xx_HAL_Driver/Src/stm32h7xx_hal_cortex.o
LOAD ./Drivers/STM32H7xx_HAL_Driver/Src/stm32h7xx_hal_dac.o
LOAD ./Drivers/STM32H7xx_HAL_Driver/Src/stm32h7xx_hal_dac_ex.o
LOAD ./Drivers/STM32H7xx_HAL_Driver/Src/stm32h7xx_hal_dma.o
LOAD ./Drivers/STM32H7xx_HAL_Driver/Src/stm32h7xx_hal_dma_ex.o
LOAD ./Drivers/STM32H7xx_HAL_Driver/Src/stm32h7xx_hal_exti.o
LOAD ./Drivers/STM32H7xx_HAL_Driver/Src/stm32h7xx_hal_flash.o
LOAD ./Drivers/STM32H7xx_HAL_Driver/Src/stm32h7xx_hal_flash_ex.o
LOAD ./Drivers/STM32H7xx_HAL_Driver/Src/stm32h7xx_hal_gpio.o
LOAD ./Drivers/STM32H7xx_HAL_Driver/Src/stm32h7xx_hal_hsem.o
LOAD ./Drivers/STM32H7xx_HAL_Driver/Src/stm32h7xx_hal_i2c.o
LOAD ./Drivers/STM32H7xx_HAL_Driver/Src/stm32h7xx_hal_i2c_ex.o
LOAD ./Drivers/STM32H7xx_HAL_Driver/Src/stm32h7xx_hal_mdma.o
LOAD ./Drivers/STM32H7xx_HAL_Driver/Src/stm32h7xx_hal_pwr.o
LOAD ./Drivers/STM32H7xx_HAL_Driver/Src/stm32h7xx_hal_pwr_ex.o
LOAD ./Drivers/STM32H7xx_HAL_Driver/Src/stm32h7xx_hal_rcc.o
LOAD ./Drivers/STM32H7xx_HAL_Driver/Src/stm32h7xx_hal_rcc_ex.o
LOAD ./Drivers/STM32H7xx_HAL_Driver/Src/stm32h7xx_hal_tim.o
LOAD ./Drivers/STM32H7xx_HAL_Driver/Src/stm32h7xx_hal_tim_ex.o
LOAD ./Drivers/STM32H7xx_HAL_Driver/Src/stm32h7xx_hal_uart.o
LOAD ./Drivers/STM32H7xx_HAL_Driver/Src/stm32h7xx_hal_uart_ex.o
START GROUP
LOAD c:/st/stm32cubeide_1.9.0/stm32cubeide/plugins/com.st.stm32cube.ide.mcu.externaltools.gnu-tools-for-stm32.10.3-2021.10.win32_1.0.0.202111181127/tools/bin/../lib/gcc/arm-none-eabi/10.3.1/../../../../arm-none-eabi/lib/thumb/v7e-m+dp/hard\libc_nano.a
LOAD c:/st/stm32cubeide_1.9.0/stm32cubeide/plugins/com.st.stm32cube.ide.mcu.externaltools.gnu-tools-for-stm32.10.3-2021.10.win32_1.0.0.202111181127/tools/bin/../lib/gcc/arm-none-eabi/10.3.1/../../../../arm-none-eabi/lib/thumb/v7e-m+dp/hard\libm.a
END GROUP
START GROUP
LOAD c:/st/stm32cubeide_1.9.0/stm32cubeide/plugins/com.st.stm32cube.ide.mcu.externaltools.gnu-tools-for-stm32.10.3-2021.10.win32_1.0.0.202111181127/tools/bin/../lib/gcc/arm-none-eabi/10.3.1/thumb/v7e-m+dp/hard\libgcc.a
LOAD c:/st/stm32cubeide_1.9.0/stm32cubeide/plugins/com.st.stm32cube.ide.mcu.externaltools.gnu-tools-for-stm32.10.3-2021.10.win32_1.0.0.202111181127/tools/bin/../lib/gcc/arm-none-eabi/10.3.1/../../../../arm-none-eabi/lib/thumb/v7e-m+dp/hard\libc_nano.a
END GROUP
START GROUP
LOAD c:/st/stm32cubeide_1.9.0/stm32cubeide/plugins/com.st.stm32cube.ide.mcu.externaltools.gnu-tools-for-stm32.10.3-2021.10.win32_1.0.0.202111181127/tools/bin/../lib/gcc/arm-none-eabi/10.3.1/thumb/v7e-m+dp/hard\libgcc.a
LOAD c:/st/stm32cubeide_1.9.0/stm32cubeide/plugins/com.st.stm32cube.ide.mcu.externaltools.gnu-tools-for-stm32.10.3-2021.10.win32_1.0.0.202111181127/tools/bin/../lib/gcc/arm-none-eabi/10.3.1/../../../../arm-none-eabi/lib/thumb/v7e-m+dp/hard\libc_nano.a
LOAD c:/st/stm32cubeide_1.9.0/stm32cubeide/plugins/com.st.stm32cube.ide.mcu.externaltools.gnu-tools-for-stm32.10.3-2021.10.win32_1.0.0.202111181127/tools/bin/../lib/gcc/arm-none-eabi/10.3.1/../../../../arm-none-eabi/lib/thumb/v7e-m+dp/hard\libnosys.a
END GROUP
START GROUP
LOAD c:/st/stm32cubeide_1.9.0/stm32cubeide/plugins/com.st.stm32cube.ide.mcu.externaltools.gnu-tools-for-stm32.10.3-2021.10.win32_1.0.0.202111181127/tools/bin/../lib/gcc/arm-none-eabi/10.3.1/thumb/v7e-m+dp/hard\libgcc.a
LOAD c:/st/stm32cubeide_1.9.0/stm32cubeide/plugins/com.st.stm32cube.ide.mcu.externaltools.gnu-tools-for-stm32.10.3-2021.10.win32_1.0.0.202111181127/tools/bin/../lib/gcc/arm-none-eabi/10.3.1/../../../../arm-none-eabi/lib/thumb/v7e-m+dp/hard\libc_nano.a
LOAD c:/st/stm32cubeide_1.9.0/stm32cubeide/plugins/com.st.stm32cube.ide.mcu.externaltools.gnu-tools-for-stm32.10.3-2021.10.win32_1.0.0.202111181127/tools/bin/../lib/gcc/arm-none-eabi/10.3.1/../../../../arm-none-eabi/lib/thumb/v7e-m+dp/hard\libnosys.a
END GROUP
LOAD c:/st/stm32cubeide_1.9.0/stm32cubeide/plugins/com.st.stm32cube.ide.mcu.externaltools.gnu-tools-for-stm32.10.3-2021.10.win32_1.0.0.202111181127/tools/bin/../lib/gcc/arm-none-eabi/10.3.1/thumb/v7e-m+dp/hard/crtend.o
LOAD c:/st/stm32cubeide_1.9.0/stm32cubeide/plugins/com.st.stm32cube.ide.mcu.externaltools.gnu-tools-for-stm32.10.3-2021.10.win32_1.0.0.202111181127/tools/bin/../lib/gcc/arm-none-eabi/10.3.1/thumb/v7e-m+dp/hard/crtn.o
                0x0000000024100000                _estack = (ORIGIN (RAM) + LENGTH (RAM))
                0x0000000000000200                _Min_Heap_Size = 0x200
                0x0000000000000400                _Min_Stack_Size = 0x400

.isr_vector     0x0000000008000000      0x2ac
                0x0000000008000000                . = ALIGN (0x4)
 *(.isr_vector)
 .isr_vector    0x0000000008000000      0x2ac ./Core/Startup/startup_stm32h7a3zitxq.o
                0x0000000008000000                g_pfnVectors
                0x00000000080002ac                . = ALIGN (0x4)

.text           0x00000000080002b0     0xceac
                0x00000000080002b0                . = ALIGN (0x4)
 *(.text)
 .text          0x00000000080002b0       0x40 c:/st/stm32cubeide_1.9.0/stm32cubeide/plugins/com.st.stm32cube.ide.mcu.externaltools.gnu-tools-for-stm32.10.3-2021.10.win32_1.0.0.202111181127/tools/bin/../lib/gcc/arm-none-eabi/10.3.1/thumb/v7e-m+dp/hard/crtbegin.o
 .text          0x00000000080002f0      0x378 c:/st/stm32cubeide_1.9.0/stm32cubeide/plugins/com.st.stm32cube.ide.mcu.externaltools.gnu-tools-for-stm32.10.3-2021.10.win32_1.0.0.202111181127/tools/bin/../lib/gcc/arm-none-eabi/10.3.1/thumb/v7e-m+dp/hard\libgcc.a(_arm_addsubdf3.o)
                0x00000000080002f0                __aeabi_drsub
                0x00000000080002f8                __aeabi_dsub
                0x00000000080002f8                __subdf3
                0x00000000080002fc                __aeabi_dadd
                0x00000000080002fc                __adddf3
                0x0000000008000574                __floatunsidf
                0x0000000008000574                __aeabi_ui2d
                0x0000000008000594                __floatsidf
                0x0000000008000594                __aeabi_i2d
                0x00000000080005b8                __aeabi_f2d
                0x00000000080005b8                __extendsfdf2
                0x00000000080005fc                __floatundidf
                0x00000000080005fc                __aeabi_ul2d
                0x000000000800060c                __floatdidf
                0x000000000800060c                __aeabi_l2d
 .text          0x0000000008000668       0x30 c:/st/stm32cubeide_1.9.0/stm32cubeide/plugins/com.st.stm32cube.ide.mcu.externaltools.gnu-tools-for-stm32.10.3-2021.10.win32_1.0.0.202111181127/tools/bin/../lib/gcc/arm-none-eabi/10.3.1/thumb/v7e-m+dp/hard\libgcc.a(_aeabi_uldivmod.o)
                0x0000000008000668                __aeabi_uldivmod
 .text          0x0000000008000698      0x2d0 c:/st/stm32cubeide_1.9.0/stm32cubeide/plugins/com.st.stm32cube.ide.mcu.externaltools.gnu-tools-for-stm32.10.3-2021.10.win32_1.0.0.202111181127/tools/bin/../lib/gcc/arm-none-eabi/10.3.1/thumb/v7e-m+dp/hard\libgcc.a(_udivmoddi4.o)
                0x0000000008000698                __udivmoddi4
 .text          0x0000000008000968        0x4 c:/st/stm32cubeide_1.9.0/stm32cubeide/plugins/com.st.stm32cube.ide.mcu.externaltools.gnu-tools-for-stm32.10.3-2021.10.win32_1.0.0.202111181127/tools/bin/../lib/gcc/arm-none-eabi/10.3.1/thumb/v7e-m+dp/hard\libgcc.a(_dvmd_tls.o)
                0x0000000008000968                __aeabi_idiv0
                0x0000000008000968                __aeabi_ldiv0
 *(.text*)
 .text.Chorus_Init
                0x000000000800096c      0x180 ./Core/Src/ChorusEffect.o
                0x000000000800096c                Chorus_Init
 .text.Chorus_LFO
                0x0000000008000aec       0x8c ./Core/Src/ChorusEffect.o
                0x0000000008000aec                Chorus_LFO
 .text.Chorus_Process
                0x0000000008000b78      0x1a4 ./Core/Src/ChorusEffect.o
                0x0000000008000b78                Chorus_Process
 *fill*         0x0000000008000d1c        0x4 
 .text.Chorus_Set_Params
                0x0000000008000d20       0xb4 ./Core/Src/ChorusEffect.o
                0x0000000008000d20                Chorus_Set_Params
 .text.Chorus_Free
                0x0000000008000dd4       0x30 ./Core/Src/ChorusEffect.o
                0x0000000008000dd4                Chorus_Free
 .text.Delay_Init
                0x0000000008000e04       0xb4 ./Core/Src/DelayEffect.o
                0x0000000008000e04                Delay_Init
 .text.Delay_Process
                0x0000000008000eb8       0xf8 ./Core/Src/DelayEffect.o
                0x0000000008000eb8                Delay_Process
 .text.Delay_Set_Params
                0x0000000008000fb0      0x1ac ./Core/Src/DelayEffect.o
                0x0000000008000fb0                Delay_Set_Params
 .text.Delay_Free
                0x000000000800115c       0x30 ./Core/Src/DelayEffect.o
                0x000000000800115c                Delay_Free
 *fill*         0x000000000800118c        0x4 
 .text.Tremolo_LFO
                0x0000000008001190       0xe4 ./Core/Src/TremoloEffect.o
                0x0000000008001190                Tremolo_LFO
 .text.Tremolo_Init
                0x0000000008001274       0x64 ./Core/Src/TremoloEffect.o
                0x0000000008001274                Tremolo_Init
 .text.Tremolo_Process
                0x00000000080012d8       0xdc ./Core/Src/TremoloEffect.o
                0x00000000080012d8                Tremolo_Process
 .text.Tremolo_Set_Waveform
                0x00000000080013b4       0x20 ./Core/Src/TremoloEffect.o
                0x00000000080013b4                Tremolo_Set_Waveform
 .text.Tremolo_Free
                0x00000000080013d4       0x24 ./Core/Src/TremoloEffect.o
                0x00000000080013d4                Tremolo_Free
 .text.MX_ADC1_Init
                0x00000000080013f8       0xf4 ./Core/Src/adc.o
                0x00000000080013f8                MX_ADC1_Init
 .text.MX_ADC2_Init
                0x00000000080014ec      0x110 ./Core/Src/adc.o
                0x00000000080014ec                MX_ADC2_Init
 .text.HAL_ADC_MspInit
                0x00000000080015fc      0x264 ./Core/Src/adc.o
                0x00000000080015fc                HAL_ADC_MspInit
 .text.MX_DAC1_Init
                0x0000000008001860       0x64 ./Core/Src/dac.o
                0x0000000008001860                MX_DAC1_Init
 .text.HAL_DAC_MspInit
                0x00000000080018c4       0xf4 ./Core/Src/dac.o
                0x00000000080018c4                HAL_DAC_MspInit
 .text.MX_DMA_Init
                0x00000000080019b8       0x60 ./Core/Src/dma.o
                0x00000000080019b8                MX_DMA_Init
 .text.MX_GPIO_Init
                0x0000000008001a18      0x1d0 ./Core/Src/gpio.o
                0x0000000008001a18                MX_GPIO_Init
 .text.lcd_send_cmd
                0x0000000008001be8       0x60 ./Core/Src/i2c-lcd.o
                0x0000000008001be8                lcd_send_cmd
 .text.lcd_send_data
                0x0000000008001c48       0x60 ./Core/Src/i2c-lcd.o
                0x0000000008001c48                lcd_send_data
 .text.lcd_clear
                0x0000000008001ca8       0x2e ./Core/Src/i2c-lcd.o
                0x0000000008001ca8                lcd_clear
 .text.lcd_put_cur
                0x0000000008001cd6       0x3e ./Core/Src/i2c-lcd.o
                0x0000000008001cd6                lcd_put_cur
 .text.lcd_init
                0x0000000008001d14       0x7a ./Core/Src/i2c-lcd.o
                0x0000000008001d14                lcd_init
 .text.lcd_send_string
                0x0000000008001d8e       0x2a ./Core/Src/i2c-lcd.o
                0x0000000008001d8e                lcd_send_string
 .text.MX_I2C2_Init
                0x0000000008001db8       0x80 ./Core/Src/i2c.o
                0x0000000008001db8                MX_I2C2_Init
 .text.HAL_I2C_MspInit
                0x0000000008001e38       0xcc ./Core/Src/i2c.o
                0x0000000008001e38                HAL_I2C_MspInit
 .text.HAL_ADC_ConvHalfCpltCallback
                0x0000000008001f04       0x48 ./Core/Src/main.o
                0x0000000008001f04                HAL_ADC_ConvHalfCpltCallback
 .text.HAL_ADC_ConvCpltCallback
                0x0000000008001f4c       0x48 ./Core/Src/main.o
                0x0000000008001f4c                HAL_ADC_ConvCpltCallback
 .text.Is_Tremolo
                0x0000000008001f94       0x34 ./Core/Src/main.o
                0x0000000008001f94                Is_Tremolo
 .text.Init_Tremolo_Waveform
                0x0000000008001fc8       0x3c ./Core/Src/main.o
                0x0000000008001fc8                Init_Tremolo_Waveform
 .text.processData
                0x0000000008002004      0x284 ./Core/Src/main.o
                0x0000000008002004                processData
 .text.initEffect
                0x0000000008002288       0xa0 ./Core/Src/main.o
                0x0000000008002288                initEffect
 .text.changeEffect
                0x0000000008002328       0x78 ./Core/Src/main.o
                0x0000000008002328                changeEffect
 .text.displayEffect
                0x00000000080023a0       0x88 ./Core/Src/main.o
                0x00000000080023a0                displayEffect
 .text.HAL_TIM_PeriodElapsedCallback
                0x0000000008002428       0x90 ./Core/Src/main.o
                0x0000000008002428                HAL_TIM_PeriodElapsedCallback
 .text.main     0x00000000080024b8      0x100 ./Core/Src/main.o
                0x00000000080024b8                main
 .text.SystemClock_Config
                0x00000000080025b8       0xf8 ./Core/Src/main.o
                0x00000000080025b8                SystemClock_Config
 .text.PeriphCommonClock_Config
                0x00000000080026b0       0x58 ./Core/Src/main.o
                0x00000000080026b0                PeriphCommonClock_Config
 .text.HAL_GPIO_EXTI_Callback
                0x0000000008002708       0xa0 ./Core/Src/main.o
                0x0000000008002708                HAL_GPIO_EXTI_Callback
 .text.Error_Handler
                0x00000000080027a8        0xa ./Core/Src/main.o
                0x00000000080027a8                Error_Handler
 *fill*         0x00000000080027b2        0x2 
 .text.HAL_MspInit
                0x00000000080027b4       0x34 ./Core/Src/stm32h7xx_hal_msp.o
                0x00000000080027b4                HAL_MspInit
 .text.NMI_Handler
                0x00000000080027e8        0x6 ./Core/Src/stm32h7xx_it.o
                0x00000000080027e8                NMI_Handler
 .text.HardFault_Handler
                0x00000000080027ee        0x6 ./Core/Src/stm32h7xx_it.o
                0x00000000080027ee                HardFault_Handler
 .text.MemManage_Handler
                0x00000000080027f4        0x6 ./Core/Src/stm32h7xx_it.o
                0x00000000080027f4                MemManage_Handler
 .text.BusFault_Handler
                0x00000000080027fa        0x6 ./Core/Src/stm32h7xx_it.o
                0x00000000080027fa                BusFault_Handler
 .text.UsageFault_Handler
                0x0000000008002800        0x6 ./Core/Src/stm32h7xx_it.o
                0x0000000008002800                UsageFault_Handler
 .text.SVC_Handler
                0x0000000008002806        0xe ./Core/Src/stm32h7xx_it.o
                0x0000000008002806                SVC_Handler
 .text.DebugMon_Handler
                0x0000000008002814        0xe ./Core/Src/stm32h7xx_it.o
                0x0000000008002814                DebugMon_Handler
 .text.PendSV_Handler
                0x0000000008002822        0xe ./Core/Src/stm32h7xx_it.o
                0x0000000008002822                PendSV_Handler
 .text.SysTick_Handler
                0x0000000008002830        0xc ./Core/Src/stm32h7xx_it.o
                0x0000000008002830                SysTick_Handler
 .text.DMA1_Stream0_IRQHandler
                0x000000000800283c       0x14 ./Core/Src/stm32h7xx_it.o
                0x000000000800283c                DMA1_Stream0_IRQHandler
 .text.DMA1_Stream1_IRQHandler
                0x0000000008002850       0x14 ./Core/Src/stm32h7xx_it.o
                0x0000000008002850                DMA1_Stream1_IRQHandler
 .text.DMA1_Stream2_IRQHandler
                0x0000000008002864       0x14 ./Core/Src/stm32h7xx_it.o
                0x0000000008002864                DMA1_Stream2_IRQHandler
 .text.TIM4_IRQHandler
                0x0000000008002878       0x14 ./Core/Src/stm32h7xx_it.o
                0x0000000008002878                TIM4_IRQHandler
 .text.EXTI15_10_IRQHandler
                0x000000000800288c       0x10 ./Core/Src/stm32h7xx_it.o
                0x000000000800288c                EXTI15_10_IRQHandler
 .text._sbrk    0x000000000800289c       0x6c ./Core/Src/sysmem.o
                0x000000000800289c                _sbrk
 .text.SystemInit
                0x0000000008002908       0xf0 ./Core/Src/system_stm32h7xx.o
                0x0000000008002908                SystemInit
 .text.MX_TIM1_Init
                0x00000000080029f8       0xa8 ./Core/Src/tim.o
                0x00000000080029f8                MX_TIM1_Init
 .text.MX_TIM3_Init
                0x0000000008002aa0       0xac ./Core/Src/tim.o
                0x0000000008002aa0                MX_TIM3_Init
 .text.MX_TIM4_Init
                0x0000000008002b4c       0xa0 ./Core/Src/tim.o
                0x0000000008002b4c                MX_TIM4_Init
 .text.MX_TIM6_Init
                0x0000000008002bec       0x6c ./Core/Src/tim.o
                0x0000000008002bec                MX_TIM6_Init
 .text.HAL_TIM_Base_MspInit
                0x0000000008002c58       0xac ./Core/Src/tim.o
                0x0000000008002c58                HAL_TIM_Base_MspInit
 .text.HAL_TIM_Encoder_MspInit
                0x0000000008002d04       0xd4 ./Core/Src/tim.o
                0x0000000008002d04                HAL_TIM_Encoder_MspInit
 .text.MX_USART3_UART_Init
                0x0000000008002dd8       0x98 ./Core/Src/usart.o
                0x0000000008002dd8                MX_USART3_UART_Init
 .text.HAL_UART_MspInit
                0x0000000008002e70       0xcc ./Core/Src/usart.o
                0x0000000008002e70                HAL_UART_MspInit
 .text.MX_USB_OTG_HS_USB_Init
                0x0000000008002f3c        0xe ./Core/Src/usb_otg.o
                0x0000000008002f3c                MX_USB_OTG_HS_USB_Init
 *fill*         0x0000000008002f4a        0x2 
 .text.Reset_Handler
                0x0000000008002f4c       0x50 ./Core/Startup/startup_stm32h7a3zitxq.o
                0x0000000008002f4c                Reset_Handler
 .text.Default_Handler
                0x0000000008002f9c        0x2 ./Core/Startup/startup_stm32h7a3zitxq.o
                0x0000000008002f9c                RTC_Alarm_IRQHandler
                0x0000000008002f9c                EXTI2_IRQHandler
                0x0000000008002f9c                TIM8_CC_IRQHandler
                0x0000000008002f9c                UART8_IRQHandler
                0x0000000008002f9c                BDMA2_Channel1_IRQHandler
                0x0000000008002f9c                SPI4_IRQHandler
                0x0000000008002f9c                BDMA2_Channel0_IRQHandler
                0x0000000008002f9c                TIM1_CC_IRQHandler
                0x0000000008002f9c                DMA2_Stream5_IRQHandler
                0x0000000008002f9c                JPEG_IRQHandler
                0x0000000008002f9c                DMA1_Stream5_IRQHandler
                0x0000000008002f9c                EXTI3_IRQHandler
                0x0000000008002f9c                LPTIM4_IRQHandler
                0x0000000008002f9c                TIM8_TRG_COM_TIM14_IRQHandler
                0x0000000008002f9c                LPTIM2_IRQHandler
                0x0000000008002f9c                DFSDM1_FLT1_IRQHandler
                0x0000000008002f9c                DMAMUX2_OVR_IRQHandler
                0x0000000008002f9c                GFXMMU_IRQHandler
                0x0000000008002f9c                TIM8_UP_TIM13_IRQHandler
                0x0000000008002f9c                I2C3_ER_IRQHandler
                0x0000000008002f9c                DFSDM1_FLT2_IRQHandler
                0x0000000008002f9c                USART10_IRQHandler
                0x0000000008002f9c                MDMA_IRQHandler
                0x0000000008002f9c                LPTIM3_IRQHandler
                0x0000000008002f9c                BDMA2_Channel3_IRQHandler
                0x0000000008002f9c                HSEM1_IRQHandler
                0x0000000008002f9c                EXTI0_IRQHandler
                0x0000000008002f9c                I2C2_EV_IRQHandler
                0x0000000008002f9c                DAC2_IRQHandler
                0x0000000008002f9c                FPU_IRQHandler
                0x0000000008002f9c                OTG_HS_WKUP_IRQHandler
                0x0000000008002f9c                FDCAN1_IT1_IRQHandler
                0x0000000008002f9c                LTDC_ER_IRQHandler
                0x0000000008002f9c                DMA2_Stream2_IRQHandler
                0x0000000008002f9c                SPI1_IRQHandler
                0x0000000008002f9c                OCTOSPI1_IRQHandler
                0x0000000008002f9c                TIM6_DAC_IRQHandler
                0x0000000008002f9c                BDMA2_Channel6_IRQHandler
                0x0000000008002f9c                DMA2_Stream3_IRQHandler
                0x0000000008002f9c                OCTOSPI2_IRQHandler
                0x0000000008002f9c                SAI2_IRQHandler
                0x0000000008002f9c                BDMA1_IRQHandler
                0x0000000008002f9c                DFSDM1_FLT3_IRQHandler
                0x0000000008002f9c                USART6_IRQHandler
                0x0000000008002f9c                TIM17_IRQHandler
                0x0000000008002f9c                USART3_IRQHandler
                0x0000000008002f9c                LPTIM5_IRQHandler
                0x0000000008002f9c                UART5_IRQHandler
                0x0000000008002f9c                DMA2_Stream0_IRQHandler
                0x0000000008002f9c                I2C1_EV_IRQHandler
                0x0000000008002f9c                DMA1_Stream6_IRQHandler
                0x0000000008002f9c                DMAMUX1_OVR_IRQHandler
                0x0000000008002f9c                TIM16_IRQHandler
                0x0000000008002f9c                UART4_IRQHandler
                0x0000000008002f9c                TIM3_IRQHandler
                0x0000000008002f9c                RCC_IRQHandler
                0x0000000008002f9c                UART9_IRQHandler
                0x0000000008002f9c                TIM8_BRK_TIM12_IRQHandler
                0x0000000008002f9c                TIM1_TRG_COM_IRQHandler
                0x0000000008002f9c                Default_Handler
                0x0000000008002f9c                ECC_IRQHandler
                0x0000000008002f9c                BDMA2_Channel2_IRQHandler
                0x0000000008002f9c                CEC_IRQHandler
                0x0000000008002f9c                DFSDM1_FLT4_IRQHandler
                0x0000000008002f9c                ADC_IRQHandler
                0x0000000008002f9c                DMA1_Stream7_IRQHandler
                0x0000000008002f9c                SPI5_IRQHandler
                0x0000000008002f9c                TIM7_IRQHandler
                0x0000000008002f9c                SDMMC1_IRQHandler
                0x0000000008002f9c                TIM5_IRQHandler
                0x0000000008002f9c                DMA2_Stream7_IRQHandler
                0x0000000008002f9c                TIM15_IRQHandler
                0x0000000008002f9c                I2C3_EV_IRQHandler
                0x0000000008002f9c                DFSDM2_IRQHandler
                0x0000000008002f9c                EXTI9_5_IRQHandler
                0x0000000008002f9c                RTC_WKUP_IRQHandler
                0x0000000008002f9c                LTDC_IRQHandler
                0x0000000008002f9c                SPDIF_RX_IRQHandler
                0x0000000008002f9c                PVD_PVM_IRQHandler
                0x0000000008002f9c                SPI2_IRQHandler
                0x0000000008002f9c                OTG_HS_EP1_IN_IRQHandler
                0x0000000008002f9c                DFSDM1_FLT5_IRQHandler
                0x0000000008002f9c                CRS_IRQHandler
                0x0000000008002f9c                EXTI4_IRQHandler
                0x0000000008002f9c                DFSDM1_FLT6_IRQHandler
                0x0000000008002f9c                RNG_IRQHandler
                0x0000000008002f9c                FDCAN2_IT1_IRQHandler
                0x0000000008002f9c                COMP_IRQHandler
                0x0000000008002f9c                TIM1_UP_IRQHandler
                0x0000000008002f9c                OTG_HS_EP1_OUT_IRQHandler
                0x0000000008002f9c                WWDG_IRQHandler
                0x0000000008002f9c                SPI6_IRQHandler
                0x0000000008002f9c                MDIOS_IRQHandler
                0x0000000008002f9c                I2C4_EV_IRQHandler
                0x0000000008002f9c                FDCAN2_IT0_IRQHandler
                0x0000000008002f9c                LPUART1_IRQHandler
                0x0000000008002f9c                FDCAN1_IT0_IRQHandler
                0x0000000008002f9c                TIM2_IRQHandler
                0x0000000008002f9c                BDMA2_Channel5_IRQHandler
                0x0000000008002f9c                OTG_HS_IRQHandler
                0x0000000008002f9c                DMA2D_IRQHandler
                0x0000000008002f9c                TIM1_BRK_IRQHandler
                0x0000000008002f9c                EXTI1_IRQHandler
                0x0000000008002f9c                SDMMC2_IRQHandler
                0x0000000008002f9c                DTS_IRQHandler
                0x0000000008002f9c                UART7_IRQHandler
                0x0000000008002f9c                MDIOS_WKUP_IRQHandler
                0x0000000008002f9c                USART2_IRQHandler
                0x0000000008002f9c                DFSDM1_FLT0_IRQHandler
                0x0000000008002f9c                I2C2_ER_IRQHandler
                0x0000000008002f9c                DMA2_Stream1_IRQHandler
                0x0000000008002f9c                DFSDM1_FLT7_IRQHandler
                0x0000000008002f9c                FLASH_IRQHandler
                0x0000000008002f9c                DMA2_Stream4_IRQHandler
                0x0000000008002f9c                USART1_IRQHandler
                0x0000000008002f9c                SPI3_IRQHandler
                0x0000000008002f9c                WAKEUP_PIN_IRQHandler
                0x0000000008002f9c                DMA1_Stream4_IRQHandler
                0x0000000008002f9c                I2C1_ER_IRQHandler
                0x0000000008002f9c                FMC_IRQHandler
                0x0000000008002f9c                BDMA2_Channel7_IRQHandler
                0x0000000008002f9c                FDCAN_CAL_IRQHandler
                0x0000000008002f9c                SWPMI1_IRQHandler
                0x0000000008002f9c                LPTIM1_IRQHandler
                0x0000000008002f9c                DCMI_PSSI_IRQHandler
                0x0000000008002f9c                I2C4_ER_IRQHandler
                0x0000000008002f9c                DMA2_Stream6_IRQHandler
                0x0000000008002f9c                SAI1_IRQHandler
                0x0000000008002f9c                DMA1_Stream3_IRQHandler
                0x0000000008002f9c                RTC_TAMP_STAMP_CSS_LSE_IRQHandler
                0x0000000008002f9c                BDMA2_Channel4_IRQHandler
 *fill*         0x0000000008002f9e        0x2 
 .text.HAL_Init
                0x0000000008002fa0       0x78 ./Drivers/STM32H7xx_HAL_Driver/Src/stm32h7xx_hal.o
                0x0000000008002fa0                HAL_Init
 .text.HAL_InitTick
                0x0000000008003018       0x6c ./Drivers/STM32H7xx_HAL_Driver/Src/stm32h7xx_hal.o
                0x0000000008003018                HAL_InitTick
 .text.HAL_IncTick
                0x0000000008003084       0x28 ./Drivers/STM32H7xx_HAL_Driver/Src/stm32h7xx_hal.o
                0x0000000008003084                HAL_IncTick
 .text.HAL_GetTick
                0x00000000080030ac       0x18 ./Drivers/STM32H7xx_HAL_Driver/Src/stm32h7xx_hal.o
                0x00000000080030ac                HAL_GetTick
 .text.HAL_Delay
                0x00000000080030c4       0x48 ./Drivers/STM32H7xx_HAL_Driver/Src/stm32h7xx_hal.o
                0x00000000080030c4                HAL_Delay
 .text.LL_ADC_SetCommonClock
                0x000000000800310c       0x26 ./Drivers/STM32H7xx_HAL_Driver/Src/stm32h7xx_hal_adc.o
 .text.LL_ADC_SetCommonPathInternalCh
                0x0000000008003132       0x26 ./Drivers/STM32H7xx_HAL_Driver/Src/stm32h7xx_hal_adc.o
 .text.LL_ADC_GetCommonPathInternalCh
                0x0000000008003158       0x1c ./Drivers/STM32H7xx_HAL_Driver/Src/stm32h7xx_hal_adc.o
 .text.LL_ADC_SetOffset
                0x0000000008003174       0x40 ./Drivers/STM32H7xx_HAL_Driver/Src/stm32h7xx_hal_adc.o
 .text.LL_ADC_SetDataRightShift
                0x00000000080031b4       0x32 ./Drivers/STM32H7xx_HAL_Driver/Src/stm32h7xx_hal_adc.o
 .text.LL_ADC_SetOffsetSignedSaturation
                0x00000000080031e6       0x36 ./Drivers/STM32H7xx_HAL_Driver/Src/stm32h7xx_hal_adc.o
 .text.LL_ADC_REG_IsTriggerSourceSWStart
                0x000000000800321c       0x26 ./Drivers/STM32H7xx_HAL_Driver/Src/stm32h7xx_hal_adc.o
 .text.LL_ADC_REG_SetSequencerRanks
                0x0000000008003242       0x58 ./Drivers/STM32H7xx_HAL_Driver/Src/stm32h7xx_hal_adc.o
 .text.LL_ADC_REG_SetDataTransferMode
                0x000000000800329a       0x26 ./Drivers/STM32H7xx_HAL_Driver/Src/stm32h7xx_hal_adc.o
 .text.LL_ADC_SetChannelSamplingTime
                0x00000000080032c0       0x56 ./Drivers/STM32H7xx_HAL_Driver/Src/stm32h7xx_hal_adc.o
 *fill*         0x0000000008003316        0x2 
 .text.LL_ADC_SetChannelSingleDiff
                0x0000000008003318       0x48 ./Drivers/STM32H7xx_HAL_Driver/Src/stm32h7xx_hal_adc.o
 .text.LL_ADC_GetMultimode
                0x0000000008003360       0x1c ./Drivers/STM32H7xx_HAL_Driver/Src/stm32h7xx_hal_adc.o
 .text.LL_ADC_DisableDeepPowerDown
                0x000000000800337c       0x24 ./Drivers/STM32H7xx_HAL_Driver/Src/stm32h7xx_hal_adc.o
 .text.LL_ADC_IsDeepPowerDownEnabled
                0x00000000080033a0       0x28 ./Drivers/STM32H7xx_HAL_Driver/Src/stm32h7xx_hal_adc.o
 .text.LL_ADC_EnableInternalRegulator
                0x00000000080033c8       0x28 ./Drivers/STM32H7xx_HAL_Driver/Src/stm32h7xx_hal_adc.o
 .text.LL_ADC_IsInternalRegulatorEnabled
                0x00000000080033f0       0x28 ./Drivers/STM32H7xx_HAL_Driver/Src/stm32h7xx_hal_adc.o
 .text.LL_ADC_Enable
                0x0000000008003418       0x28 ./Drivers/STM32H7xx_HAL_Driver/Src/stm32h7xx_hal_adc.o
 .text.LL_ADC_IsEnabled
                0x0000000008003440       0x26 ./Drivers/STM32H7xx_HAL_Driver/Src/stm32h7xx_hal_adc.o
 *fill*         0x0000000008003466        0x2 
 .text.LL_ADC_REG_StartConversion
                0x0000000008003468       0x28 ./Drivers/STM32H7xx_HAL_Driver/Src/stm32h7xx_hal_adc.o
 .text.LL_ADC_REG_IsConversionOngoing
                0x0000000008003490       0x26 ./Drivers/STM32H7xx_HAL_Driver/Src/stm32h7xx_hal_adc.o
 .text.LL_ADC_INJ_IsConversionOngoing
                0x00000000080034b6       0x26 ./Drivers/STM32H7xx_HAL_Driver/Src/stm32h7xx_hal_adc.o
 .text.HAL_ADC_Init
                0x00000000080034dc      0x2b4 ./Drivers/STM32H7xx_HAL_Driver/Src/stm32h7xx_hal_adc.o
                0x00000000080034dc                HAL_ADC_Init
 .text.HAL_ADC_Start_DMA
                0x0000000008003790      0x168 ./Drivers/STM32H7xx_HAL_Driver/Src/stm32h7xx_hal_adc.o
                0x0000000008003790                HAL_ADC_Start_DMA
 .text.HAL_ADC_ErrorCallback
                0x00000000080038f8       0x14 ./Drivers/STM32H7xx_HAL_Driver/Src/stm32h7xx_hal_adc.o
                0x00000000080038f8                HAL_ADC_ErrorCallback
 .text.HAL_ADC_ConfigChannel
                0x000000000800390c      0x5cc ./Drivers/STM32H7xx_HAL_Driver/Src/stm32h7xx_hal_adc.o
                0x000000000800390c                HAL_ADC_ConfigChannel
 .text.ADC_Enable
                0x0000000008003ed8       0xf8 ./Drivers/STM32H7xx_HAL_Driver/Src/stm32h7xx_hal_adc.o
                0x0000000008003ed8                ADC_Enable
 .text.ADC_DMAConvCplt
                0x0000000008003fd0       0xd8 ./Drivers/STM32H7xx_HAL_Driver/Src/stm32h7xx_hal_adc.o
                0x0000000008003fd0                ADC_DMAConvCplt
 .text.ADC_DMAHalfConvCplt
                0x00000000080040a8       0x1c ./Drivers/STM32H7xx_HAL_Driver/Src/stm32h7xx_hal_adc.o
                0x00000000080040a8                ADC_DMAHalfConvCplt
 .text.ADC_DMAError
                0x00000000080040c4       0x34 ./Drivers/STM32H7xx_HAL_Driver/Src/stm32h7xx_hal_adc.o
                0x00000000080040c4                ADC_DMAError
 .text.ADC_ConfigureBoostMode
                0x00000000080040f8      0x198 ./Drivers/STM32H7xx_HAL_Driver/Src/stm32h7xx_hal_adc.o
                0x00000000080040f8                ADC_ConfigureBoostMode
 .text.LL_ADC_IsEnabled
                0x0000000008004290       0x26 ./Drivers/STM32H7xx_HAL_Driver/Src/stm32h7xx_hal_adc_ex.o
 .text.LL_ADC_REG_IsConversionOngoing
                0x00000000080042b6       0x26 ./Drivers/STM32H7xx_HAL_Driver/Src/stm32h7xx_hal_adc_ex.o
 .text.HAL_ADCEx_MultiModeConfigChannel
                0x00000000080042dc      0x138 ./Drivers/STM32H7xx_HAL_Driver/Src/stm32h7xx_hal_adc_ex.o
                0x00000000080042dc                HAL_ADCEx_MultiModeConfigChannel
 .text.__NVIC_SetPriorityGrouping
                0x0000000008004414       0x48 ./Drivers/STM32H7xx_HAL_Driver/Src/stm32h7xx_hal_cortex.o
 .text.__NVIC_GetPriorityGrouping
                0x000000000800445c       0x1c ./Drivers/STM32H7xx_HAL_Driver/Src/stm32h7xx_hal_cortex.o
 .text.__NVIC_EnableIRQ
                0x0000000008004478       0x3c ./Drivers/STM32H7xx_HAL_Driver/Src/stm32h7xx_hal_cortex.o
 .text.__NVIC_SetPriority
                0x00000000080044b4       0x54 ./Drivers/STM32H7xx_HAL_Driver/Src/stm32h7xx_hal_cortex.o
 .text.NVIC_EncodePriority
                0x0000000008004508       0x66 ./Drivers/STM32H7xx_HAL_Driver/Src/stm32h7xx_hal_cortex.o
 *fill*         0x000000000800456e        0x2 
 .text.SysTick_Config
                0x0000000008004570       0x44 ./Drivers/STM32H7xx_HAL_Driver/Src/stm32h7xx_hal_cortex.o
 .text.HAL_NVIC_SetPriorityGrouping
                0x00000000080045b4       0x16 ./Drivers/STM32H7xx_HAL_Driver/Src/stm32h7xx_hal_cortex.o
                0x00000000080045b4                HAL_NVIC_SetPriorityGrouping
 .text.HAL_NVIC_SetPriority
                0x00000000080045ca       0x34 ./Drivers/STM32H7xx_HAL_Driver/Src/stm32h7xx_hal_cortex.o
                0x00000000080045ca                HAL_NVIC_SetPriority
 .text.HAL_NVIC_EnableIRQ
                0x00000000080045fe       0x1c ./Drivers/STM32H7xx_HAL_Driver/Src/stm32h7xx_hal_cortex.o
                0x00000000080045fe                HAL_NVIC_EnableIRQ
 .text.HAL_SYSTICK_Config
                0x000000000800461a       0x18 ./Drivers/STM32H7xx_HAL_Driver/Src/stm32h7xx_hal_cortex.o
                0x000000000800461a                HAL_SYSTICK_Config
 .text.HAL_DAC_Init
                0x0000000008004632       0x44 ./Drivers/STM32H7xx_HAL_Driver/Src/stm32h7xx_hal_dac.o
                0x0000000008004632                HAL_DAC_Init
 *fill*         0x0000000008004676        0x2 
 .text.HAL_DAC_Start_DMA
                0x0000000008004678      0x198 ./Drivers/STM32H7xx_HAL_Driver/Src/stm32h7xx_hal_dac.o
                0x0000000008004678                HAL_DAC_Start_DMA
 .text.HAL_DAC_ConvCpltCallbackCh1
                0x0000000008004810       0x14 ./Drivers/STM32H7xx_HAL_Driver/Src/stm32h7xx_hal_dac.o
                0x0000000008004810                HAL_DAC_ConvCpltCallbackCh1
 .text.HAL_DAC_ConvHalfCpltCallbackCh1
                0x0000000008004824       0x14 ./Drivers/STM32H7xx_HAL_Driver/Src/stm32h7xx_hal_dac.o
                0x0000000008004824                HAL_DAC_ConvHalfCpltCallbackCh1
 .text.HAL_DAC_ErrorCallbackCh1
                0x0000000008004838       0x14 ./Drivers/STM32H7xx_HAL_Driver/Src/stm32h7xx_hal_dac.o
                0x0000000008004838                HAL_DAC_ErrorCallbackCh1
 .text.HAL_DAC_ConfigChannel
                0x000000000800484c      0x260 ./Drivers/STM32H7xx_HAL_Driver/Src/stm32h7xx_hal_dac.o
                0x000000000800484c                HAL_DAC_ConfigChannel
 .text.DAC_DMAConvCpltCh1
                0x0000000008004aac       0x22 ./Drivers/STM32H7xx_HAL_Driver/Src/stm32h7xx_hal_dac.o
                0x0000000008004aac                DAC_DMAConvCpltCh1
 .text.DAC_DMAHalfConvCpltCh1
                0x0000000008004ace       0x1c ./Drivers/STM32H7xx_HAL_Driver/Src/stm32h7xx_hal_dac.o
                0x0000000008004ace                DAC_DMAHalfConvCpltCh1
 .text.DAC_DMAErrorCh1
                0x0000000008004aea       0x2e ./Drivers/STM32H7xx_HAL_Driver/Src/stm32h7xx_hal_dac.o
                0x0000000008004aea                DAC_DMAErrorCh1
 .text.HAL_DACEx_ConvCpltCallbackCh2
                0x0000000008004b18       0x14 ./Drivers/STM32H7xx_HAL_Driver/Src/stm32h7xx_hal_dac_ex.o
                0x0000000008004b18                HAL_DACEx_ConvCpltCallbackCh2
 .text.HAL_DACEx_ConvHalfCpltCallbackCh2
                0x0000000008004b2c       0x14 ./Drivers/STM32H7xx_HAL_Driver/Src/stm32h7xx_hal_dac_ex.o
                0x0000000008004b2c                HAL_DACEx_ConvHalfCpltCallbackCh2
 .text.HAL_DACEx_ErrorCallbackCh2
                0x0000000008004b40       0x14 ./Drivers/STM32H7xx_HAL_Driver/Src/stm32h7xx_hal_dac_ex.o
                0x0000000008004b40                HAL_DACEx_ErrorCallbackCh2
 .text.DAC_DMAConvCpltCh2
                0x0000000008004b54       0x22 ./Drivers/STM32H7xx_HAL_Driver/Src/stm32h7xx_hal_dac_ex.o
                0x0000000008004b54                DAC_DMAConvCpltCh2
 .text.DAC_DMAHalfConvCpltCh2
                0x0000000008004b76       0x1c ./Drivers/STM32H7xx_HAL_Driver/Src/stm32h7xx_hal_dac_ex.o
                0x0000000008004b76                DAC_DMAHalfConvCpltCh2
 .text.DAC_DMAErrorCh2
                0x0000000008004b92       0x2e ./Drivers/STM32H7xx_HAL_Driver/Src/stm32h7xx_hal_dac_ex.o
                0x0000000008004b92                DAC_DMAErrorCh2
 .text.HAL_DMA_Init
                0x0000000008004bc0      0x720 ./Drivers/STM32H7xx_HAL_Driver/Src/stm32h7xx_hal_dma.o
                0x0000000008004bc0                HAL_DMA_Init
 .text.HAL_DMA_Start_IT
                0x00000000080052e0      0x4d4 ./Drivers/STM32H7xx_HAL_Driver/Src/stm32h7xx_hal_dma.o
                0x00000000080052e0                HAL_DMA_Start_IT
 .text.HAL_DMA_IRQHandler
                0x00000000080057b4      0xec4 ./Drivers/STM32H7xx_HAL_Driver/Src/stm32h7xx_hal_dma.o
                0x00000000080057b4                HAL_DMA_IRQHandler
 .text.DMA_SetConfig
                0x0000000008006678      0x3c8 ./Drivers/STM32H7xx_HAL_Driver/Src/stm32h7xx_hal_dma.o
 .text.DMA_CalcBaseAndBitshift
                0x0000000008006a40      0x164 ./Drivers/STM32H7xx_HAL_Driver/Src/stm32h7xx_hal_dma.o
 .text.DMA_CheckFifoParam
                0x0000000008006ba4       0xf8 ./Drivers/STM32H7xx_HAL_Driver/Src/stm32h7xx_hal_dma.o
 .text.DMA_CalcDMAMUXChannelBaseAndMask
                0x0000000008006c9c      0x134 ./Drivers/STM32H7xx_HAL_Driver/Src/stm32h7xx_hal_dma.o
 .text.DMA_CalcDMAMUXRequestGenBaseAndMask
                0x0000000008006dd0       0xe8 ./Drivers/STM32H7xx_HAL_Driver/Src/stm32h7xx_hal_dma.o
 .text.HAL_GPIO_Init
                0x0000000008006eb8      0x360 ./Drivers/STM32H7xx_HAL_Driver/Src/stm32h7xx_hal_gpio.o
                0x0000000008006eb8                HAL_GPIO_Init
 .text.HAL_GPIO_WritePin
                0x0000000008007218       0x32 ./Drivers/STM32H7xx_HAL_Driver/Src/stm32h7xx_hal_gpio.o
                0x0000000008007218                HAL_GPIO_WritePin
 .text.HAL_GPIO_EXTI_IRQHandler
                0x000000000800724a       0x34 ./Drivers/STM32H7xx_HAL_Driver/Src/stm32h7xx_hal_gpio.o
                0x000000000800724a                HAL_GPIO_EXTI_IRQHandler
 *fill*         0x000000000800727e        0x2 
 .text.HAL_I2C_Init
                0x0000000008007280      0x120 ./Drivers/STM32H7xx_HAL_Driver/Src/stm32h7xx_hal_i2c.o
                0x0000000008007280                HAL_I2C_Init
 .text.HAL_I2C_Master_Transmit
                0x00000000080073a0      0x1e8 ./Drivers/STM32H7xx_HAL_Driver/Src/stm32h7xx_hal_i2c.o
                0x00000000080073a0                HAL_I2C_Master_Transmit
 .text.I2C_Flush_TXDR
                0x0000000008007588       0x48 ./Drivers/STM32H7xx_HAL_Driver/Src/stm32h7xx_hal_i2c.o
 .text.I2C_WaitOnFlagUntilTimeout
                0x00000000080075d0       0x80 ./Drivers/STM32H7xx_HAL_Driver/Src/stm32h7xx_hal_i2c.o
 .text.I2C_WaitOnTXISFlagUntilTimeout
                0x0000000008007650       0x80 ./Drivers/STM32H7xx_HAL_Driver/Src/stm32h7xx_hal_i2c.o
 .text.I2C_WaitOnSTOPFlagUntilTimeout
                0x00000000080076d0       0x78 ./Drivers/STM32H7xx_HAL_Driver/Src/stm32h7xx_hal_i2c.o
 .text.I2C_IsErrorOccurred
                0x0000000008007748      0x1d8 ./Drivers/STM32H7xx_HAL_Driver/Src/stm32h7xx_hal_i2c.o
 .text.I2C_TransferConfig
                0x0000000008007920       0x64 ./Drivers/STM32H7xx_HAL_Driver/Src/stm32h7xx_hal_i2c.o
 .text.HAL_I2CEx_ConfigAnalogFilter
                0x0000000008007984       0x96 ./Drivers/STM32H7xx_HAL_Driver/Src/stm32h7xx_hal_i2c_ex.o
                0x0000000008007984                HAL_I2CEx_ConfigAnalogFilter
 .text.HAL_I2CEx_ConfigDigitalFilter
                0x0000000008007a1a       0x98 ./Drivers/STM32H7xx_HAL_Driver/Src/stm32h7xx_hal_i2c_ex.o
                0x0000000008007a1a                HAL_I2CEx_ConfigDigitalFilter
 *fill*         0x0000000008007ab2        0x2 
 .text.HAL_PWREx_ConfigSupply
                0x0000000008007ab4       0xb4 ./Drivers/STM32H7xx_HAL_Driver/Src/stm32h7xx_hal_pwr_ex.o
                0x0000000008007ab4                HAL_PWREx_ConfigSupply
 .text.HAL_RCC_OscConfig
                0x0000000008007b68      0x808 ./Drivers/STM32H7xx_HAL_Driver/Src/stm32h7xx_hal_rcc.o
                0x0000000008007b68                HAL_RCC_OscConfig
 .text.HAL_RCC_ClockConfig
                0x0000000008008370      0x36c ./Drivers/STM32H7xx_HAL_Driver/Src/stm32h7xx_hal_rcc.o
                0x0000000008008370                HAL_RCC_ClockConfig
 .text.HAL_RCC_GetSysClockFreq
                0x00000000080086dc      0x2f4 ./Drivers/STM32H7xx_HAL_Driver/Src/stm32h7xx_hal_rcc.o
                0x00000000080086dc                HAL_RCC_GetSysClockFreq
 .text.HAL_RCC_GetHCLKFreq
                0x00000000080089d0       0x60 ./Drivers/STM32H7xx_HAL_Driver/Src/stm32h7xx_hal_rcc.o
                0x00000000080089d0                HAL_RCC_GetHCLKFreq
 .text.HAL_RCC_GetPCLK1Freq
                0x0000000008008a30       0x2c ./Drivers/STM32H7xx_HAL_Driver/Src/stm32h7xx_hal_rcc.o
                0x0000000008008a30                HAL_RCC_GetPCLK1Freq
 .text.HAL_RCC_GetPCLK2Freq
                0x0000000008008a5c       0x2c ./Drivers/STM32H7xx_HAL_Driver/Src/stm32h7xx_hal_rcc.o
                0x0000000008008a5c                HAL_RCC_GetPCLK2Freq
 .text.HAL_RCCEx_PeriphCLKConfig
                0x0000000008008a88      0xe18 ./Drivers/STM32H7xx_HAL_Driver/Src/stm32h7xx_hal_rcc_ex.o
                0x0000000008008a88                HAL_RCCEx_PeriphCLKConfig
 .text.HAL_RCCEx_GetPeriphCLKFreq
                0x00000000080098a0      0x85c ./Drivers/STM32H7xx_HAL_Driver/Src/stm32h7xx_hal_rcc_ex.o
                0x00000000080098a0                HAL_RCCEx_GetPeriphCLKFreq
 .text.HAL_RCCEx_GetD3PCLK1Freq
                0x000000000800a0fc       0x2c ./Drivers/STM32H7xx_HAL_Driver/Src/stm32h7xx_hal_rcc_ex.o
                0x000000000800a0fc                HAL_RCCEx_GetD3PCLK1Freq
 .text.HAL_RCCEx_GetPLL2ClockFreq
                0x000000000800a128      0x2a8 ./Drivers/STM32H7xx_HAL_Driver/Src/stm32h7xx_hal_rcc_ex.o
                0x000000000800a128                HAL_RCCEx_GetPLL2ClockFreq
 .text.HAL_RCCEx_GetPLL3ClockFreq
                0x000000000800a3d0      0x2a8 ./Drivers/STM32H7xx_HAL_Driver/Src/stm32h7xx_hal_rcc_ex.o
                0x000000000800a3d0                HAL_RCCEx_GetPLL3ClockFreq
 .text.HAL_RCCEx_GetPLL1ClockFreq
                0x000000000800a678      0x2a4 ./Drivers/STM32H7xx_HAL_Driver/Src/stm32h7xx_hal_rcc_ex.o
                0x000000000800a678                HAL_RCCEx_GetPLL1ClockFreq
 .text.RCCEx_PLL2_Config
                0x000000000800a91c      0x164 ./Drivers/STM32H7xx_HAL_Driver/Src/stm32h7xx_hal_rcc_ex.o
 .text.RCCEx_PLL3_Config
                0x000000000800aa80      0x164 ./Drivers/STM32H7xx_HAL_Driver/Src/stm32h7xx_hal_rcc_ex.o
 .text.HAL_TIM_Base_Init
                0x000000000800abe4       0xae ./Drivers/STM32H7xx_HAL_Driver/Src/stm32h7xx_hal_tim.o
                0x000000000800abe4                HAL_TIM_Base_Init
 *fill*         0x000000000800ac92        0x2 
 .text.HAL_TIM_Base_Start
                0x000000000800ac94       0xe0 ./Drivers/STM32H7xx_HAL_Driver/Src/stm32h7xx_hal_tim.o
                0x000000000800ac94                HAL_TIM_Base_Start
 .text.HAL_TIM_Base_Start_IT
                0x000000000800ad74       0xf0 ./Drivers/STM32H7xx_HAL_Driver/Src/stm32h7xx_hal_tim.o
                0x000000000800ad74                HAL_TIM_Base_Start_IT
 .text.HAL_TIM_Encoder_Init
                0x000000000800ae64      0x14c ./Drivers/STM32H7xx_HAL_Driver/Src/stm32h7xx_hal_tim.o
                0x000000000800ae64                HAL_TIM_Encoder_Init
 .text.HAL_TIM_Encoder_Start_IT
                0x000000000800afb0      0x15c ./Drivers/STM32H7xx_HAL_Driver/Src/stm32h7xx_hal_tim.o
                0x000000000800afb0                HAL_TIM_Encoder_Start_IT
 .text.HAL_TIM_IRQHandler
                0x000000000800b10c      0x23e ./Drivers/STM32H7xx_HAL_Driver/Src/stm32h7xx_hal_tim.o
                0x000000000800b10c                HAL_TIM_IRQHandler
 *fill*         0x000000000800b34a        0x2 
 .text.HAL_TIM_ConfigClockSource
                0x000000000800b34c      0x1f0 ./Drivers/STM32H7xx_HAL_Driver/Src/stm32h7xx_hal_tim.o
                0x000000000800b34c                HAL_TIM_ConfigClockSource
 .text.HAL_TIM_OC_DelayElapsedCallback
                0x000000000800b53c       0x14 ./Drivers/STM32H7xx_HAL_Driver/Src/stm32h7xx_hal_tim.o
                0x000000000800b53c                HAL_TIM_OC_DelayElapsedCallback
 .text.HAL_TIM_IC_CaptureCallback
                0x000000000800b550       0x14 ./Drivers/STM32H7xx_HAL_Driver/Src/stm32h7xx_hal_tim.o
                0x000000000800b550                HAL_TIM_IC_CaptureCallback
 .text.HAL_TIM_PWM_PulseFinishedCallback
                0x000000000800b564       0x14 ./Drivers/STM32H7xx_HAL_Driver/Src/stm32h7xx_hal_tim.o
                0x000000000800b564                HAL_TIM_PWM_PulseFinishedCallback
 .text.HAL_TIM_TriggerCallback
                0x000000000800b578       0x14 ./Drivers/STM32H7xx_HAL_Driver/Src/stm32h7xx_hal_tim.o
                0x000000000800b578                HAL_TIM_TriggerCallback
 .text.TIM_Base_SetConfig
                0x000000000800b58c      0x134 ./Drivers/STM32H7xx_HAL_Driver/Src/stm32h7xx_hal_tim.o
                0x000000000800b58c                TIM_Base_SetConfig
 .text.TIM_TI1_ConfigInputStage
                0x000000000800b6c0       0x5e ./Drivers/STM32H7xx_HAL_Driver/Src/stm32h7xx_hal_tim.o
 .text.TIM_TI2_ConfigInputStage
                0x000000000800b71e       0x60 ./Drivers/STM32H7xx_HAL_Driver/Src/stm32h7xx_hal_tim.o
 *fill*         0x000000000800b77e        0x2 
 .text.TIM_ITRx_SetConfig
                0x000000000800b780       0x3c ./Drivers/STM32H7xx_HAL_Driver/Src/stm32h7xx_hal_tim.o
 .text.TIM_ETR_SetConfig
                0x000000000800b7bc       0x40 ./Drivers/STM32H7xx_HAL_Driver/Src/stm32h7xx_hal_tim.o
                0x000000000800b7bc                TIM_ETR_SetConfig
 .text.TIM_CCxChannelCmd
                0x000000000800b7fc       0x4a ./Drivers/STM32H7xx_HAL_Driver/Src/stm32h7xx_hal_tim.o
                0x000000000800b7fc                TIM_CCxChannelCmd
 *fill*         0x000000000800b846        0x2 
 .text.HAL_TIMEx_MasterConfigSynchronization
                0x000000000800b848      0x11c ./Drivers/STM32H7xx_HAL_Driver/Src/stm32h7xx_hal_tim_ex.o
                0x000000000800b848                HAL_TIMEx_MasterConfigSynchronization
 .text.HAL_TIMEx_CommutCallback
                0x000000000800b964       0x14 ./Drivers/STM32H7xx_HAL_Driver/Src/stm32h7xx_hal_tim_ex.o
                0x000000000800b964                HAL_TIMEx_CommutCallback
 .text.HAL_TIMEx_BreakCallback
                0x000000000800b978       0x14 ./Drivers/STM32H7xx_HAL_Driver/Src/stm32h7xx_hal_tim_ex.o
                0x000000000800b978                HAL_TIMEx_BreakCallback
 .text.HAL_TIMEx_Break2Callback
                0x000000000800b98c       0x14 ./Drivers/STM32H7xx_HAL_Driver/Src/stm32h7xx_hal_tim_ex.o
                0x000000000800b98c                HAL_TIMEx_Break2Callback
 .text.HAL_UART_Init
                0x000000000800b9a0       0xa0 ./Drivers/STM32H7xx_HAL_Driver/Src/stm32h7xx_hal_uart.o
                0x000000000800b9a0                HAL_UART_Init
 .text.UART_SetConfig
                0x000000000800ba40      0xcd8 ./Drivers/STM32H7xx_HAL_Driver/Src/stm32h7xx_hal_uart.o
                0x000000000800ba40                UART_SetConfig
 .text.UART_AdvFeatureConfig
                0x000000000800c718      0x144 ./Drivers/STM32H7xx_HAL_Driver/Src/stm32h7xx_hal_uart.o
                0x000000000800c718                UART_AdvFeatureConfig
 .text.UART_CheckIdleState
                0x000000000800c85c       0x96 ./Drivers/STM32H7xx_HAL_Driver/Src/stm32h7xx_hal_uart.o
                0x000000000800c85c                UART_CheckIdleState
 .text.UART_WaitOnFlagUntilTimeout
                0x000000000800c8f2      0x190 ./Drivers/STM32H7xx_HAL_Driver/Src/stm32h7xx_hal_uart.o
                0x000000000800c8f2                UART_WaitOnFlagUntilTimeout
 .text.HAL_UARTEx_DisableFifoMode
                0x000000000800ca82       0x72 ./Drivers/STM32H7xx_HAL_Driver/Src/stm32h7xx_hal_uart_ex.o
                0x000000000800ca82                HAL_UARTEx_DisableFifoMode
 .text.HAL_UARTEx_SetTxFifoThreshold
                0x000000000800caf4       0x7c ./Drivers/STM32H7xx_HAL_Driver/Src/stm32h7xx_hal_uart_ex.o
                0x000000000800caf4                HAL_UARTEx_SetTxFifoThreshold
 .text.HAL_UARTEx_SetRxFifoThreshold
                0x000000000800cb70       0x7c ./Drivers/STM32H7xx_HAL_Driver/Src/stm32h7xx_hal_uart_ex.o
                0x000000000800cb70                HAL_UARTEx_SetRxFifoThreshold
 .text.UARTEx_SetNbDataToProcess
                0x000000000800cbec       0x9c ./Drivers/STM32H7xx_HAL_Driver/Src/stm32h7xx_hal_uart_ex.o
 .text.__errno  0x000000000800cc88        0xc c:/st/stm32cubeide_1.9.0/stm32cubeide/plugins/com.st.stm32cube.ide.mcu.externaltools.gnu-tools-for-stm32.10.3-2021.10.win32_1.0.0.202111181127/tools/bin/../lib/gcc/arm-none-eabi/10.3.1/../../../../arm-none-eabi/lib/thumb/v7e-m+dp/hard\libc_nano.a(lib_a-errno.o)
                0x000000000800cc88                __errno
 .text.__libc_init_array
                0x000000000800cc94       0x48 c:/st/stm32cubeide_1.9.0/stm32cubeide/plugins/com.st.stm32cube.ide.mcu.externaltools.gnu-tools-for-stm32.10.3-2021.10.win32_1.0.0.202111181127/tools/bin/../lib/gcc/arm-none-eabi/10.3.1/../../../../arm-none-eabi/lib/thumb/v7e-m+dp/hard\libc_nano.a(lib_a-init.o)
                0x000000000800cc94                __libc_init_array
 .text.malloc   0x000000000800ccdc       0x10 c:/st/stm32cubeide_1.9.0/stm32cubeide/plugins/com.st.stm32cube.ide.mcu.externaltools.gnu-tools-for-stm32.10.3-2021.10.win32_1.0.0.202111181127/tools/bin/../lib/gcc/arm-none-eabi/10.3.1/../../../../arm-none-eabi/lib/thumb/v7e-m+dp/hard\libc_nano.a(lib_a-malloc.o)
                0x000000000800ccdc                malloc
 .text.free     0x000000000800ccec       0x10 c:/st/stm32cubeide_1.9.0/stm32cubeide/plugins/com.st.stm32cube.ide.mcu.externaltools.gnu-tools-for-stm32.10.3-2021.10.win32_1.0.0.202111181127/tools/bin/../lib/gcc/arm-none-eabi/10.3.1/../../../../arm-none-eabi/lib/thumb/v7e-m+dp/hard\libc_nano.a(lib_a-malloc.o)
                0x000000000800ccec                free
 .text.memset   0x000000000800ccfc       0x10 c:/st/stm32cubeide_1.9.0/stm32cubeide/plugins/com.st.stm32cube.ide.mcu.externaltools.gnu-tools-for-stm32.10.3-2021.10.win32_1.0.0.202111181127/tools/bin/../lib/gcc/arm-none-eabi/10.3.1/../../../../arm-none-eabi/lib/thumb/v7e-m+dp/hard\libc_nano.a(lib_a-memset.o)
                0x000000000800ccfc                memset
 .text._free_r  0x000000000800cd0c       0x98 c:/st/stm32cubeide_1.9.0/stm32cubeide/plugins/com.st.stm32cube.ide.mcu.externaltools.gnu-tools-for-stm32.10.3-2021.10.win32_1.0.0.202111181127/tools/bin/../lib/gcc/arm-none-eabi/10.3.1/../../../../arm-none-eabi/lib/thumb/v7e-m+dp/hard\libc_nano.a(lib_a-nano-freer.o)
                0x000000000800cd0c                _free_r
 .text.sbrk_aligned
                0x000000000800cda4       0x40 c:/st/stm32cubeide_1.9.0/stm32cubeide/plugins/com.st.stm32cube.ide.mcu.externaltools.gnu-tools-for-stm32.10.3-2021.10.win32_1.0.0.202111181127/tools/bin/../lib/gcc/arm-none-eabi/10.3.1/../../../../arm-none-eabi/lib/thumb/v7e-m+dp/hard\libc_nano.a(lib_a-nano-mallocr.o)
 .text._malloc_r
                0x000000000800cde4       0xe8 c:/st/stm32cubeide_1.9.0/stm32cubeide/plugins/com.st.stm32cube.ide.mcu.externaltools.gnu-tools-for-stm32.10.3-2021.10.win32_1.0.0.202111181127/tools/bin/../lib/gcc/arm-none-eabi/10.3.1/../../../../arm-none-eabi/lib/thumb/v7e-m+dp/hard\libc_nano.a(lib_a-nano-mallocr.o)
                0x000000000800cde4                _malloc_r
 .text._sbrk_r  0x000000000800cecc       0x20 c:/st/stm32cubeide_1.9.0/stm32cubeide/plugins/com.st.stm32cube.ide.mcu.externaltools.gnu-tools-for-stm32.10.3-2021.10.win32_1.0.0.202111181127/tools/bin/../lib/gcc/arm-none-eabi/10.3.1/../../../../arm-none-eabi/lib/thumb/v7e-m+dp/hard\libc_nano.a(lib_a-sbrkr.o)
                0x000000000800cecc                _sbrk_r
 .text.__malloc_lock
                0x000000000800ceec        0xc c:/st/stm32cubeide_1.9.0/stm32cubeide/plugins/com.st.stm32cube.ide.mcu.externaltools.gnu-tools-for-stm32.10.3-2021.10.win32_1.0.0.202111181127/tools/bin/../lib/gcc/arm-none-eabi/10.3.1/../../../../arm-none-eabi/lib/thumb/v7e-m+dp/hard\libc_nano.a(lib_a-mlock.o)
                0x000000000800ceec                __malloc_lock
 .text.__malloc_unlock
                0x000000000800cef8        0xc c:/st/stm32cubeide_1.9.0/stm32cubeide/plugins/com.st.stm32cube.ide.mcu.externaltools.gnu-tools-for-stm32.10.3-2021.10.win32_1.0.0.202111181127/tools/bin/../lib/gcc/arm-none-eabi/10.3.1/../../../../arm-none-eabi/lib/thumb/v7e-m+dp/hard\libc_nano.a(lib_a-mlock.o)
                0x000000000800cef8                __malloc_unlock
 .text.__retarget_lock_acquire_recursive
                0x000000000800cf04        0x2 c:/st/stm32cubeide_1.9.0/stm32cubeide/plugins/com.st.stm32cube.ide.mcu.externaltools.gnu-tools-for-stm32.10.3-2021.10.win32_1.0.0.202111181127/tools/bin/../lib/gcc/arm-none-eabi/10.3.1/../../../../arm-none-eabi/lib/thumb/v7e-m+dp/hard\libc_nano.a(lib_a-lock.o)
                0x000000000800cf04                __retarget_lock_acquire_recursive
 .text.__retarget_lock_release_recursive
                0x000000000800cf06        0x2 c:/st/stm32cubeide_1.9.0/stm32cubeide/plugins/com.st.stm32cube.ide.mcu.externaltools.gnu-tools-for-stm32.10.3-2021.10.win32_1.0.0.202111181127/tools/bin/../lib/gcc/arm-none-eabi/10.3.1/../../../../arm-none-eabi/lib/thumb/v7e-m+dp/hard\libc_nano.a(lib_a-lock.o)
                0x000000000800cf06                __retarget_lock_release_recursive
 .text.floorf   0x000000000800cf08       0x84 c:/st/stm32cubeide_1.9.0/stm32cubeide/plugins/com.st.stm32cube.ide.mcu.externaltools.gnu-tools-for-stm32.10.3-2021.10.win32_1.0.0.202111181127/tools/bin/../lib/gcc/arm-none-eabi/10.3.1/../../../../arm-none-eabi/lib/thumb/v7e-m+dp/hard\libm.a(lib_a-sf_floor.o)
                0x000000000800cf08                floorf
 .text.sinf_poly
                0x000000000800cf8c       0x54 c:/st/stm32cubeide_1.9.0/stm32cubeide/plugins/com.st.stm32cube.ide.mcu.externaltools.gnu-tools-for-stm32.10.3-2021.10.win32_1.0.0.202111181127/tools/bin/../lib/gcc/arm-none-eabi/10.3.1/../../../../arm-none-eabi/lib/thumb/v7e-m+dp/hard\libm.a(lib_a-sinf.o)
 .text.sinf     0x000000000800cfe0      0x130 c:/st/stm32cubeide_1.9.0/stm32cubeide/plugins/com.st.stm32cube.ide.mcu.externaltools.gnu-tools-for-stm32.10.3-2021.10.win32_1.0.0.202111181127/tools/bin/../lib/gcc/arm-none-eabi/10.3.1/../../../../arm-none-eabi/lib/thumb/v7e-m+dp/hard\libm.a(lib_a-sinf.o)
                0x000000000800cfe0                sinf
 .text.with_errnof
                0x000000000800d110       0x16 c:/st/stm32cubeide_1.9.0/stm32cubeide/plugins/com.st.stm32cube.ide.mcu.externaltools.gnu-tools-for-stm32.10.3-2021.10.win32_1.0.0.202111181127/tools/bin/../lib/gcc/arm-none-eabi/10.3.1/../../../../arm-none-eabi/lib/thumb/v7e-m+dp/hard\libm.a(lib_a-math_errf.o)
 .text.__math_invalidf
                0x000000000800d126       0x1e c:/st/stm32cubeide_1.9.0/stm32cubeide/plugins/com.st.stm32cube.ide.mcu.externaltools.gnu-tools-for-stm32.10.3-2021.10.win32_1.0.0.202111181127/tools/bin/../lib/gcc/arm-none-eabi/10.3.1/../../../../arm-none-eabi/lib/thumb/v7e-m+dp/hard\libm.a(lib_a-math_errf.o)
                0x000000000800d126                __math_invalidf
 *(.glue_7)
 .glue_7        0x000000000800d144        0x0 linker stubs
 *(.glue_7t)
 .glue_7t       0x000000000800d144        0x0 linker stubs
 *(.eh_frame)
 .eh_frame      0x000000000800d144        0x0 c:/st/stm32cubeide_1.9.0/stm32cubeide/plugins/com.st.stm32cube.ide.mcu.externaltools.gnu-tools-for-stm32.10.3-2021.10.win32_1.0.0.202111181127/tools/bin/../lib/gcc/arm-none-eabi/10.3.1/thumb/v7e-m+dp/hard/crtbegin.o
 *(.init)
 .init          0x000000000800d144        0x4 c:/st/stm32cubeide_1.9.0/stm32cubeide/plugins/com.st.stm32cube.ide.mcu.externaltools.gnu-tools-for-stm32.10.3-2021.10.win32_1.0.0.202111181127/tools/bin/../lib/gcc/arm-none-eabi/10.3.1/thumb/v7e-m+dp/hard/crti.o
                0x000000000800d144                _init
 .init          0x000000000800d148        0x8 c:/st/stm32cubeide_1.9.0/stm32cubeide/plugins/com.st.stm32cube.ide.mcu.externaltools.gnu-tools-for-stm32.10.3-2021.10.win32_1.0.0.202111181127/tools/bin/../lib/gcc/arm-none-eabi/10.3.1/thumb/v7e-m+dp/hard/crtn.o
 *(.fini)
 .fini          0x000000000800d150        0x4 c:/st/stm32cubeide_1.9.0/stm32cubeide/plugins/com.st.stm32cube.ide.mcu.externaltools.gnu-tools-for-stm32.10.3-2021.10.win32_1.0.0.202111181127/tools/bin/../lib/gcc/arm-none-eabi/10.3.1/thumb/v7e-m+dp/hard/crti.o
                0x000000000800d150                _fini
 .fini          0x000000000800d154        0x8 c:/st/stm32cubeide_1.9.0/stm32cubeide/plugins/com.st.stm32cube.ide.mcu.externaltools.gnu-tools-for-stm32.10.3-2021.10.win32_1.0.0.202111181127/tools/bin/../lib/gcc/arm-none-eabi/10.3.1/thumb/v7e-m+dp/hard/crtn.o
                0x000000000800d15c                . = ALIGN (0x4)
                0x000000000800d15c                _etext = .

.vfp11_veneer   0x000000000800d15c        0x0
 .vfp11_veneer  0x000000000800d15c        0x0 linker stubs

.v4_bx          0x000000000800d15c        0x0
 .v4_bx         0x000000000800d15c        0x0 linker stubs

.iplt           0x000000000800d15c        0x0
 .iplt          0x000000000800d15c        0x0 c:/st/stm32cubeide_1.9.0/stm32cubeide/plugins/com.st.stm32cube.ide.mcu.externaltools.gnu-tools-for-stm32.10.3-2021.10.win32_1.0.0.202111181127/tools/bin/../lib/gcc/arm-none-eabi/10.3.1/thumb/v7e-m+dp/hard/crtbegin.o

.rodata         0x000000000800d160      0x1f0
                0x000000000800d160                . = ALIGN (0x4)
 *(.rodata)
 .rodata        0x000000000800d160       0x6d ./Core/Src/main.o
 *(.rodata*)
 *fill*         0x000000000800d1cd        0x3 
 .rodata.D1CorePrescTable
                0x000000000800d1d0       0x10 ./Core/Src/system_stm32h7xx.o
                0x000000000800d1d0                D1CorePrescTable
 .rodata.flagBitshiftOffset.0
                0x000000000800d1e0        0x8 ./Drivers/STM32H7xx_HAL_Driver/Src/stm32h7xx_hal_dma.o
 .rodata.UARTPrescTable
                0x000000000800d1e8       0x18 ./Drivers/STM32H7xx_HAL_Driver/Src/stm32h7xx_hal_uart.o
                0x000000000800d1e8                UARTPrescTable
 .rodata.numerator.1
                0x000000000800d200        0x8 ./Drivers/STM32H7xx_HAL_Driver/Src/stm32h7xx_hal_uart_ex.o
 .rodata.denominator.0
                0x000000000800d208        0x8 ./Drivers/STM32H7xx_HAL_Driver/Src/stm32h7xx_hal_uart_ex.o
 .rodata.__inv_pio4
                0x000000000800d210       0x60 c:/st/stm32cubeide_1.9.0/stm32cubeide/plugins/com.st.stm32cube.ide.mcu.externaltools.gnu-tools-for-stm32.10.3-2021.10.win32_1.0.0.202111181127/tools/bin/../lib/gcc/arm-none-eabi/10.3.1/../../../../arm-none-eabi/lib/thumb/v7e-m+dp/hard\libm.a(lib_a-sincosf_data.o)
                0x000000000800d210                __inv_pio4
 .rodata.__sincosf_table
                0x000000000800d270       0xe0 c:/st/stm32cubeide_1.9.0/stm32cubeide/plugins/com.st.stm32cube.ide.mcu.externaltools.gnu-tools-for-stm32.10.3-2021.10.win32_1.0.0.202111181127/tools/bin/../lib/gcc/arm-none-eabi/10.3.1/../../../../arm-none-eabi/lib/thumb/v7e-m+dp/hard\libm.a(lib_a-sincosf_data.o)
                0x000000000800d270                __sincosf_table
                0x000000000800d350                . = ALIGN (0x4)

.ARM.extab
 *(.ARM.extab* .gnu.linkonce.armextab.*)

.ARM            0x000000000800d350        0x8
                0x000000000800d350                __exidx_start = .
 *(.ARM.exidx*)
 .ARM.exidx     0x000000000800d350        0x8 c:/st/stm32cubeide_1.9.0/stm32cubeide/plugins/com.st.stm32cube.ide.mcu.externaltools.gnu-tools-for-stm32.10.3-2021.10.win32_1.0.0.202111181127/tools/bin/../lib/gcc/arm-none-eabi/10.3.1/thumb/v7e-m+dp/hard\libgcc.a(_udivmoddi4.o)
                0x000000000800d358                __exidx_end = .

.rel.dyn        0x000000000800d358        0x0
 .rel.iplt      0x000000000800d358        0x0 c:/st/stm32cubeide_1.9.0/stm32cubeide/plugins/com.st.stm32cube.ide.mcu.externaltools.gnu-tools-for-stm32.10.3-2021.10.win32_1.0.0.202111181127/tools/bin/../lib/gcc/arm-none-eabi/10.3.1/thumb/v7e-m+dp/hard/crtbegin.o

.preinit_array  0x000000000800d358        0x0
                0x000000000800d358                PROVIDE (__preinit_array_start = .)
 *(.preinit_array*)
                0x000000000800d358                PROVIDE (__preinit_array_end = .)

.init_array     0x000000000800d358        0x4
                0x000000000800d358                PROVIDE (__init_array_start = .)
 *(SORT_BY_NAME(.init_array.*))
 *(.init_array*)
 .init_array    0x000000000800d358        0x4 c:/st/stm32cubeide_1.9.0/stm32cubeide/plugins/com.st.stm32cube.ide.mcu.externaltools.gnu-tools-for-stm32.10.3-2021.10.win32_1.0.0.202111181127/tools/bin/../lib/gcc/arm-none-eabi/10.3.1/thumb/v7e-m+dp/hard/crtbegin.o
                0x000000000800d35c                PROVIDE (__init_array_end = .)

.fini_array     0x000000000800d35c        0x4
                [!provide]                        PROVIDE (__fini_array_start = .)
 *(SORT_BY_NAME(.fini_array.*))
 *(.fini_array*)
 .fini_array    0x000000000800d35c        0x4 c:/st/stm32cubeide_1.9.0/stm32cubeide/plugins/com.st.stm32cube.ide.mcu.externaltools.gnu-tools-for-stm32.10.3-2021.10.win32_1.0.0.202111181127/tools/bin/../lib/gcc/arm-none-eabi/10.3.1/thumb/v7e-m+dp/hard/crtbegin.o
                [!provide]                        PROVIDE (__fini_array_end = .)
                0x000000000800d360                _sidata = LOADADDR (.data)

.data           0x0000000024000000       0x78 load address 0x000000000800d360
                0x0000000024000000                . = ALIGN (0x4)
                0x0000000024000000                _sdata = .
 *(.data)
 *(.data*)
 .data.effectReady
                0x0000000024000000        0x1 ./Core/Src/main.o
                0x0000000024000000                effectReady
 .data.encoderDirection
                0x0000000024000001        0x1 ./Core/Src/main.o
                0x0000000024000001                encoderDirection
 *fill*         0x0000000024000002        0x2 
 .data.SystemCoreClock
                0x0000000024000004        0x4 ./Core/Src/system_stm32h7xx.o
                0x0000000024000004                SystemCoreClock
 .data.SystemD2Clock
                0x0000000024000008        0x4 ./Core/Src/system_stm32h7xx.o
                0x0000000024000008                SystemD2Clock
 .data.uwTickPrio
                0x000000002400000c        0x4 ./Drivers/STM32H7xx_HAL_Driver/Src/stm32h7xx_hal.o
                0x000000002400000c                uwTickPrio
 .data.uwTickFreq
                0x0000000024000010        0x1 ./Drivers/STM32H7xx_HAL_Driver/Src/stm32h7xx_hal.o
                0x0000000024000010                uwTickFreq
 *fill*         0x0000000024000011        0x3 
 .data._impure_ptr
                0x0000000024000014        0x4 c:/st/stm32cubeide_1.9.0/stm32cubeide/plugins/com.st.stm32cube.ide.mcu.externaltools.gnu-tools-for-stm32.10.3-2021.10.win32_1.0.0.202111181127/tools/bin/../lib/gcc/arm-none-eabi/10.3.1/../../../../arm-none-eabi/lib/thumb/v7e-m+dp/hard\libc_nano.a(lib_a-impure.o)
                0x0000000024000014                _impure_ptr
 .data.impure_data
                0x0000000024000018       0x60 c:/st/stm32cubeide_1.9.0/stm32cubeide/plugins/com.st.stm32cube.ide.mcu.externaltools.gnu-tools-for-stm32.10.3-2021.10.win32_1.0.0.202111181127/tools/bin/../lib/gcc/arm-none-eabi/10.3.1/../../../../arm-none-eabi/lib/thumb/v7e-m+dp/hard\libc_nano.a(lib_a-impure.o)
 *(.RamFunc)
 *(.RamFunc*)
                0x0000000024000078                . = ALIGN (0x4)
                0x0000000024000078                _edata = .

.igot.plt       0x0000000024000078        0x0 load address 0x000000000800d3d8
 .igot.plt      0x0000000024000078        0x0 c:/st/stm32cubeide_1.9.0/stm32cubeide/plugins/com.st.stm32cube.ide.mcu.externaltools.gnu-tools-for-stm32.10.3-2021.10.win32_1.0.0.202111181127/tools/bin/../lib/gcc/arm-none-eabi/10.3.1/thumb/v7e-m+dp/hard/crtbegin.o
                0x0000000024000078                . = ALIGN (0x4)

.bss            0x0000000024000078      0xcc0 load address 0x000000000800d3d8
                0x0000000024000078                _sbss = .
                0x0000000024000078                __bss_start__ = _sbss
 *(.bss)
 .bss           0x0000000024000078       0x1c c:/st/stm32cubeide_1.9.0/stm32cubeide/plugins/com.st.stm32cube.ide.mcu.externaltools.gnu-tools-for-stm32.10.3-2021.10.win32_1.0.0.202111181127/tools/bin/../lib/gcc/arm-none-eabi/10.3.1/thumb/v7e-m+dp/hard/crtbegin.o
 *(.bss*)
 .bss.chorus    0x0000000024000094        0x4 ./Core/Src/ChorusEffect.o
                0x0000000024000094                chorus
 .bss.delay     0x0000000024000098        0x4 ./Core/Src/DelayEffect.o
                0x0000000024000098                delay
 .bss.tremolo   0x000000002400009c        0x4 ./Core/Src/TremoloEffect.o
                0x000000002400009c                tremolo
 .bss.hadc1     0x00000000240000a0       0x64 ./Core/Src/adc.o
                0x00000000240000a0                hadc1
 .bss.hadc2     0x0000000024000104       0x64 ./Core/Src/adc.o
                0x0000000024000104                hadc2
 .bss.hdma_adc1
                0x0000000024000168       0x78 ./Core/Src/adc.o
                0x0000000024000168                hdma_adc1
 .bss.hdma_adc2
                0x00000000240001e0       0x78 ./Core/Src/adc.o
                0x00000000240001e0                hdma_adc2
 .bss.HAL_RCC_ADC12_CLK_ENABLED
                0x0000000024000258        0x4 ./Core/Src/adc.o
 .bss.hdac1     0x000000002400025c       0x14 ./Core/Src/dac.o
                0x000000002400025c                hdac1
 .bss.hdma_dac1_ch1
                0x0000000024000270       0x78 ./Core/Src/dac.o
                0x0000000024000270                hdma_dac1_ch1
 .bss.hi2c2     0x00000000240002e8       0x4c ./Core/Src/i2c.o
                0x00000000240002e8                hi2c2
 .bss.adcData   0x0000000024000334      0x400 ./Core/Src/main.o
                0x0000000024000334                adcData
 .bss.dacData   0x0000000024000734      0x400 ./Core/Src/main.o
                0x0000000024000734                dacData
 .bss.adc2Data  0x0000000024000b34        0x6 ./Core/Src/main.o
                0x0000000024000b34                adc2Data
 *fill*         0x0000000024000b3a        0x2 
 .bss.inBuffPtr
                0x0000000024000b3c        0x4 ./Core/Src/main.o
 .bss.outBuffPtr
                0x0000000024000b40        0x4 ./Core/Src/main.o
 .bss.dataReady
                0x0000000024000b44        0x1 ./Core/Src/main.o
                0x0000000024000b44                dataReady
 .bss.currentEffect
                0x0000000024000b45        0x1 ./Core/Src/main.o
                0x0000000024000b45                currentEffect
 *fill*         0x0000000024000b46        0x2 
 .bss.counterOld
                0x0000000024000b48        0x4 ./Core/Src/main.o
                0x0000000024000b48                counterOld
 .bss.triggerChange
                0x0000000024000b4c        0x1 ./Core/Src/main.o
                0x0000000024000b4c                triggerChange
 *fill*         0x0000000024000b4d        0x3 
 .bss.in.3      0x0000000024000b50        0x4 ./Core/Src/main.o
 .bss.out.2     0x0000000024000b54        0x4 ./Core/Src/main.o
 .bss.in.1      0x0000000024000b58        0x4 ./Core/Src/main.o
 .bss.out.0     0x0000000024000b5c        0x4 ./Core/Src/main.o
 .bss.__sbrk_heap_end
                0x0000000024000b60        0x4 ./Core/Src/sysmem.o
 .bss.htim1     0x0000000024000b64       0x4c ./Core/Src/tim.o
                0x0000000024000b64                htim1
 .bss.htim3     0x0000000024000bb0       0x4c ./Core/Src/tim.o
                0x0000000024000bb0                htim3
 .bss.htim4     0x0000000024000bfc       0x4c ./Core/Src/tim.o
                0x0000000024000bfc                htim4
 .bss.htim6     0x0000000024000c48       0x4c ./Core/Src/tim.o
                0x0000000024000c48                htim6
 .bss.huart3    0x0000000024000c94       0x90 ./Core/Src/usart.o
                0x0000000024000c94                huart3
 .bss.uwTick    0x0000000024000d24        0x4 ./Drivers/STM32H7xx_HAL_Driver/Src/stm32h7xx_hal.o
                0x0000000024000d24                uwTick
 .bss.__malloc_free_list
                0x0000000024000d28        0x4 c:/st/stm32cubeide_1.9.0/stm32cubeide/plugins/com.st.stm32cube.ide.mcu.externaltools.gnu-tools-for-stm32.10.3-2021.10.win32_1.0.0.202111181127/tools/bin/../lib/gcc/arm-none-eabi/10.3.1/../../../../arm-none-eabi/lib/thumb/v7e-m+dp/hard\libc_nano.a(lib_a-nano-mallocr.o)
                0x0000000024000d28                __malloc_free_list
 .bss.__malloc_sbrk_start
                0x0000000024000d2c        0x4 c:/st/stm32cubeide_1.9.0/stm32cubeide/plugins/com.st.stm32cube.ide.mcu.externaltools.gnu-tools-for-stm32.10.3-2021.10.win32_1.0.0.202111181127/tools/bin/../lib/gcc/arm-none-eabi/10.3.1/../../../../arm-none-eabi/lib/thumb/v7e-m+dp/hard\libc_nano.a(lib_a-nano-mallocr.o)
                0x0000000024000d2c                __malloc_sbrk_start
 .bss.errno     0x0000000024000d30        0x4 c:/st/stm32cubeide_1.9.0/stm32cubeide/plugins/com.st.stm32cube.ide.mcu.externaltools.gnu-tools-for-stm32.10.3-2021.10.win32_1.0.0.202111181127/tools/bin/../lib/gcc/arm-none-eabi/10.3.1/../../../../arm-none-eabi/lib/thumb/v7e-m+dp/hard\libc_nano.a(lib_a-reent.o)
                0x0000000024000d30                errno
 .bss.__lock___malloc_recursive_mutex
                0x0000000024000d34        0x1 c:/st/stm32cubeide_1.9.0/stm32cubeide/plugins/com.st.stm32cube.ide.mcu.externaltools.gnu-tools-for-stm32.10.3-2021.10.win32_1.0.0.202111181127/tools/bin/../lib/gcc/arm-none-eabi/10.3.1/../../../../arm-none-eabi/lib/thumb/v7e-m+dp/hard\libc_nano.a(lib_a-lock.o)
                0x0000000024000d34                __lock___malloc_recursive_mutex
 *(COMMON)
                0x0000000024000d38                . = ALIGN (0x4)
 *fill*         0x0000000024000d35        0x3 
                0x0000000024000d38                _ebss = .
                0x0000000024000d38                __bss_end__ = _ebss

._user_heap_stack
                0x0000000024000d38      0x600 load address 0x000000000800d3d8
                0x0000000024000d38                . = ALIGN (0x8)
                [!provide]                        PROVIDE (end = .)
                0x0000000024000d38                PROVIDE (_end = .)
                0x0000000024000f38                . = (. + _Min_Heap_Size)
 *fill*         0x0000000024000d38      0x200 
                0x0000000024001338                . = (. + _Min_Stack_Size)
 *fill*         0x0000000024000f38      0x400 
                0x0000000024001338                . = ALIGN (0x8)

/DISCARD/
 libc.a(*)
 libm.a(*)
 libgcc.a(*)

.ARM.attributes
                0x0000000000000000       0x2e
 *(.ARM.attributes)
 .ARM.attributes
                0x0000000000000000       0x1e c:/st/stm32cubeide_1.9.0/stm32cubeide/plugins/com.st.stm32cube.ide.mcu.externaltools.gnu-tools-for-stm32.10.3-2021.10.win32_1.0.0.202111181127/tools/bin/../lib/gcc/arm-none-eabi/10.3.1/thumb/v7e-m+dp/hard/crti.o
 .ARM.attributes
                0x000000000000001e       0x32 c:/st/stm32cubeide_1.9.0/stm32cubeide/plugins/com.st.stm32cube.ide.mcu.externaltools.gnu-tools-for-stm32.10.3-2021.10.win32_1.0.0.202111181127/tools/bin/../lib/gcc/arm-none-eabi/10.3.1/thumb/v7e-m+dp/hard/crtbegin.o
 .ARM.attributes
                0x0000000000000050       0x32 ./Core/Src/ChorusEffect.o
 .ARM.attributes
                0x0000000000000082       0x32 ./Core/Src/DelayEffect.o
 .ARM.attributes
                0x00000000000000b4       0x32 ./Core/Src/TremoloEffect.o
 .ARM.attributes
                0x00000000000000e6       0x32 ./Core/Src/adc.o
 .ARM.attributes
                0x0000000000000118       0x32 ./Core/Src/dac.o
 .ARM.attributes
                0x000000000000014a       0x32 ./Core/Src/dma.o
 .ARM.attributes
                0x000000000000017c       0x32 ./Core/Src/gpio.o
 .ARM.attributes
                0x00000000000001ae       0x32 ./Core/Src/i2c-lcd.o
 .ARM.attributes
                0x00000000000001e0       0x32 ./Core/Src/i2c.o
 .ARM.attributes
                0x0000000000000212       0x32 ./Core/Src/main.o
 .ARM.attributes
                0x0000000000000244       0x32 ./Core/Src/stm32h7xx_hal_msp.o
 .ARM.attributes
                0x0000000000000276       0x32 ./Core/Src/stm32h7xx_it.o
 .ARM.attributes
                0x00000000000002a8       0x32 ./Core/Src/sysmem.o
 .ARM.attributes
                0x00000000000002da       0x32 ./Core/Src/system_stm32h7xx.o
 .ARM.attributes
                0x000000000000030c       0x32 ./Core/Src/tim.o
 .ARM.attributes
                0x000000000000033e       0x32 ./Core/Src/usart.o
 .ARM.attributes
                0x0000000000000370       0x32 ./Core/Src/usb_otg.o
 .ARM.attributes
                0x00000000000003a2       0x21 ./Core/Startup/startup_stm32h7a3zitxq.o
 .ARM.attributes
                0x00000000000003c3       0x32 ./Drivers/STM32H7xx_HAL_Driver/Src/stm32h7xx_hal.o
 .ARM.attributes
                0x00000000000003f5       0x32 ./Drivers/STM32H7xx_HAL_Driver/Src/stm32h7xx_hal_adc.o
 .ARM.attributes
                0x0000000000000427       0x32 ./Drivers/STM32H7xx_HAL_Driver/Src/stm32h7xx_hal_adc_ex.o
 .ARM.attributes
                0x0000000000000459       0x32 ./Drivers/STM32H7xx_HAL_Driver/Src/stm32h7xx_hal_cortex.o
 .ARM.attributes
                0x000000000000048b       0x32 ./Drivers/STM32H7xx_HAL_Driver/Src/stm32h7xx_hal_dac.o
 .ARM.attributes
                0x00000000000004bd       0x32 ./Drivers/STM32H7xx_HAL_Driver/Src/stm32h7xx_hal_dac_ex.o
 .ARM.attributes
                0x00000000000004ef       0x32 ./Drivers/STM32H7xx_HAL_Driver/Src/stm32h7xx_hal_dma.o
 .ARM.attributes
                0x0000000000000521       0x32 ./Drivers/STM32H7xx_HAL_Driver/Src/stm32h7xx_hal_gpio.o
 .ARM.attributes
                0x0000000000000553       0x32 ./Drivers/STM32H7xx_HAL_Driver/Src/stm32h7xx_hal_i2c.o
 .ARM.attributes
                0x0000000000000585       0x32 ./Drivers/STM32H7xx_HAL_Driver/Src/stm32h7xx_hal_i2c_ex.o
 .ARM.attributes
                0x00000000000005b7       0x32 ./Drivers/STM32H7xx_HAL_Driver/Src/stm32h7xx_hal_pwr_ex.o
 .ARM.attributes
                0x00000000000005e9       0x32 ./Drivers/STM32H7xx_HAL_Driver/Src/stm32h7xx_hal_rcc.o
 .ARM.attributes
                0x000000000000061b       0x32 ./Drivers/STM32H7xx_HAL_Driver/Src/stm32h7xx_hal_rcc_ex.o
 .ARM.attributes
                0x000000000000064d       0x32 ./Drivers/STM32H7xx_HAL_Driver/Src/stm32h7xx_hal_tim.o
 .ARM.attributes
                0x000000000000067f       0x32 ./Drivers/STM32H7xx_HAL_Driver/Src/stm32h7xx_hal_tim_ex.o
 .ARM.attributes
                0x00000000000006b1       0x32 ./Drivers/STM32H7xx_HAL_Driver/Src/stm32h7xx_hal_uart.o
 .ARM.attributes
                0x00000000000006e3       0x32 ./Drivers/STM32H7xx_HAL_Driver/Src/stm32h7xx_hal_uart_ex.o
 .ARM.attributes
                0x0000000000000715       0x32 c:/st/stm32cubeide_1.9.0/stm32cubeide/plugins/com.st.stm32cube.ide.mcu.externaltools.gnu-tools-for-stm32.10.3-2021.10.win32_1.0.0.202111181127/tools/bin/../lib/gcc/arm-none-eabi/10.3.1/../../../../arm-none-eabi/lib/thumb/v7e-m+dp/hard\libc_nano.a(lib_a-errno.o)
 .ARM.attributes
                0x0000000000000747       0x32 c:/st/stm32cubeide_1.9.0/stm32cubeide/plugins/com.st.stm32cube.ide.mcu.externaltools.gnu-tools-for-stm32.10.3-2021.10.win32_1.0.0.202111181127/tools/bin/../lib/gcc/arm-none-eabi/10.3.1/../../../../arm-none-eabi/lib/thumb/v7e-m+dp/hard\libc_nano.a(lib_a-impure.o)
 .ARM.attributes
                0x0000000000000779       0x32 c:/st/stm32cubeide_1.9.0/stm32cubeide/plugins/com.st.stm32cube.ide.mcu.externaltools.gnu-tools-for-stm32.10.3-2021.10.win32_1.0.0.202111181127/tools/bin/../lib/gcc/arm-none-eabi/10.3.1/../../../../arm-none-eabi/lib/thumb/v7e-m+dp/hard\libc_nano.a(lib_a-init.o)
 .ARM.attributes
                0x00000000000007ab       0x32 c:/st/stm32cubeide_1.9.0/stm32cubeide/plugins/com.st.stm32cube.ide.mcu.externaltools.gnu-tools-for-stm32.10.3-2021.10.win32_1.0.0.202111181127/tools/bin/../lib/gcc/arm-none-eabi/10.3.1/../../../../arm-none-eabi/lib/thumb/v7e-m+dp/hard\libc_nano.a(lib_a-malloc.o)
 .ARM.attributes
                0x00000000000007dd       0x32 c:/st/stm32cubeide_1.9.0/stm32cubeide/plugins/com.st.stm32cube.ide.mcu.externaltools.gnu-tools-for-stm32.10.3-2021.10.win32_1.0.0.202111181127/tools/bin/../lib/gcc/arm-none-eabi/10.3.1/../../../../arm-none-eabi/lib/thumb/v7e-m+dp/hard\libc_nano.a(lib_a-memset.o)
 .ARM.attributes
                0x000000000000080f       0x32 c:/st/stm32cubeide_1.9.0/stm32cubeide/plugins/com.st.stm32cube.ide.mcu.externaltools.gnu-tools-for-stm32.10.3-2021.10.win32_1.0.0.202111181127/tools/bin/../lib/gcc/arm-none-eabi/10.3.1/../../../../arm-none-eabi/lib/thumb/v7e-m+dp/hard\libc_nano.a(lib_a-nano-freer.o)
 .ARM.attributes
                0x0000000000000841       0x32 c:/st/stm32cubeide_1.9.0/stm32cubeide/plugins/com.st.stm32cube.ide.mcu.externaltools.gnu-tools-for-stm32.10.3-2021.10.win32_1.0.0.202111181127/tools/bin/../lib/gcc/arm-none-eabi/10.3.1/../../../../arm-none-eabi/lib/thumb/v7e-m+dp/hard\libc_nano.a(lib_a-nano-mallocr.o)
 .ARM.attributes
                0x0000000000000873       0x32 c:/st/stm32cubeide_1.9.0/stm32cubeide/plugins/com.st.stm32cube.ide.mcu.externaltools.gnu-tools-for-stm32.10.3-2021.10.win32_1.0.0.202111181127/tools/bin/../lib/gcc/arm-none-eabi/10.3.1/../../../../arm-none-eabi/lib/thumb/v7e-m+dp/hard\libc_nano.a(lib_a-sbrkr.o)
 .ARM.attributes
                0x00000000000008a5       0x32 c:/st/stm32cubeide_1.9.0/stm32cubeide/plugins/com.st.stm32cube.ide.mcu.externaltools.gnu-tools-for-stm32.10.3-2021.10.win32_1.0.0.202111181127/tools/bin/../lib/gcc/arm-none-eabi/10.3.1/../../../../arm-none-eabi/lib/thumb/v7e-m+dp/hard\libc_nano.a(lib_a-mlock.o)
 .ARM.attributes
                0x00000000000008d7       0x32 c:/st/stm32cubeide_1.9.0/stm32cubeide/plugins/com.st.stm32cube.ide.mcu.externaltools.gnu-tools-for-stm32.10.3-2021.10.win32_1.0.0.202111181127/tools/bin/../lib/gcc/arm-none-eabi/10.3.1/../../../../arm-none-eabi/lib/thumb/v7e-m+dp/hard\libc_nano.a(lib_a-reent.o)
 .ARM.attributes
                0x0000000000000909       0x32 c:/st/stm32cubeide_1.9.0/stm32cubeide/plugins/com.st.stm32cube.ide.mcu.externaltools.gnu-tools-for-stm32.10.3-2021.10.win32_1.0.0.202111181127/tools/bin/../lib/gcc/arm-none-eabi/10.3.1/../../../../arm-none-eabi/lib/thumb/v7e-m+dp/hard\libc_nano.a(lib_a-lock.o)
 .ARM.attributes
                0x000000000000093b       0x32 c:/st/stm32cubeide_1.9.0/stm32cubeide/plugins/com.st.stm32cube.ide.mcu.externaltools.gnu-tools-for-stm32.10.3-2021.10.win32_1.0.0.202111181127/tools/bin/../lib/gcc/arm-none-eabi/10.3.1/../../../../arm-none-eabi/lib/thumb/v7e-m+dp/hard\libm.a(lib_a-sf_floor.o)
 .ARM.attributes
                0x000000000000096d       0x32 c:/st/stm32cubeide_1.9.0/stm32cubeide/plugins/com.st.stm32cube.ide.mcu.externaltools.gnu-tools-for-stm32.10.3-2021.10.win32_1.0.0.202111181127/tools/bin/../lib/gcc/arm-none-eabi/10.3.1/../../../../arm-none-eabi/lib/thumb/v7e-m+dp/hard\libm.a(lib_a-sinf.o)
 .ARM.attributes
                0x000000000000099f       0x32 c:/st/stm32cubeide_1.9.0/stm32cubeide/plugins/com.st.stm32cube.ide.mcu.externaltools.gnu-tools-for-stm32.10.3-2021.10.win32_1.0.0.202111181127/tools/bin/../lib/gcc/arm-none-eabi/10.3.1/../../../../arm-none-eabi/lib/thumb/v7e-m+dp/hard\libm.a(lib_a-math_errf.o)
 .ARM.attributes
                0x00000000000009d1       0x32 c:/st/stm32cubeide_1.9.0/stm32cubeide/plugins/com.st.stm32cube.ide.mcu.externaltools.gnu-tools-for-stm32.10.3-2021.10.win32_1.0.0.202111181127/tools/bin/../lib/gcc/arm-none-eabi/10.3.1/../../../../arm-none-eabi/lib/thumb/v7e-m+dp/hard\libm.a(lib_a-sincosf_data.o)
 .ARM.attributes
                0x0000000000000a03       0x1e c:/st/stm32cubeide_1.9.0/stm32cubeide/plugins/com.st.stm32cube.ide.mcu.externaltools.gnu-tools-for-stm32.10.3-2021.10.win32_1.0.0.202111181127/tools/bin/../lib/gcc/arm-none-eabi/10.3.1/thumb/v7e-m+dp/hard\libgcc.a(_arm_addsubdf3.o)
 .ARM.attributes
                0x0000000000000a21       0x1e c:/st/stm32cubeide_1.9.0/stm32cubeide/plugins/com.st.stm32cube.ide.mcu.externaltools.gnu-tools-for-stm32.10.3-2021.10.win32_1.0.0.202111181127/tools/bin/../lib/gcc/arm-none-eabi/10.3.1/thumb/v7e-m+dp/hard\libgcc.a(_aeabi_uldivmod.o)
 .ARM.attributes
                0x0000000000000a3f       0x32 c:/st/stm32cubeide_1.9.0/stm32cubeide/plugins/com.st.stm32cube.ide.mcu.externaltools.gnu-tools-for-stm32.10.3-2021.10.win32_1.0.0.202111181127/tools/bin/../lib/gcc/arm-none-eabi/10.3.1/thumb/v7e-m+dp/hard\libgcc.a(_udivmoddi4.o)
 .ARM.attributes
                0x0000000000000a71       0x1e c:/st/stm32cubeide_1.9.0/stm32cubeide/plugins/com.st.stm32cube.ide.mcu.externaltools.gnu-tools-for-stm32.10.3-2021.10.win32_1.0.0.202111181127/tools/bin/../lib/gcc/arm-none-eabi/10.3.1/thumb/v7e-m+dp/hard\libgcc.a(_dvmd_tls.o)
 .ARM.attributes
                0x0000000000000a8f       0x1e c:/st/stm32cubeide_1.9.0/stm32cubeide/plugins/com.st.stm32cube.ide.mcu.externaltools.gnu-tools-for-stm32.10.3-2021.10.win32_1.0.0.202111181127/tools/bin/../lib/gcc/arm-none-eabi/10.3.1/thumb/v7e-m+dp/hard/crtn.o
OUTPUT(thesis-2-nucleo-h7a3zi-q.elf elf32-littlearm)
LOAD linker stubs
LOAD c:/st/stm32cubeide_1.9.0/stm32cubeide/plugins/com.st.stm32cube.ide.mcu.externaltools.gnu-tools-for-stm32.10.3-2021.10.win32_1.0.0.202111181127/tools/bin/../lib/gcc/arm-none-eabi/10.3.1/../../../../arm-none-eabi/lib/thumb/v7e-m+dp/hard\libc.a
LOAD c:/st/stm32cubeide_1.9.0/stm32cubeide/plugins/com.st.stm32cube.ide.mcu.externaltools.gnu-tools-for-stm32.10.3-2021.10.win32_1.0.0.202111181127/tools/bin/../lib/gcc/arm-none-eabi/10.3.1/../../../../arm-none-eabi/lib/thumb/v7e-m+dp/hard\libm.a
LOAD c:/st/stm32cubeide_1.9.0/stm32cubeide/plugins/com.st.stm32cube.ide.mcu.externaltools.gnu-tools-for-stm32.10.3-2021.10.win32_1.0.0.202111181127/tools/bin/../lib/gcc/arm-none-eabi/10.3.1/thumb/v7e-m+dp/hard\libgcc.a

.debug_info     0x0000000000000000    0x24f3b
 .debug_info    0x0000000000000000      0x2c6 ./Core/Src/ChorusEffect.o
 .debug_info    0x00000000000002c6      0x234 ./Core/Src/DelayEffect.o
 .debug_info    0x00000000000004fa      0x256 ./Core/Src/TremoloEffect.o
 .debug_info    0x0000000000000750     0x112e ./Core/Src/adc.o
 .debug_info    0x000000000000187e      0xd90 ./Core/Src/dac.o
 .debug_info    0x000000000000260e      0x871 ./Core/Src/dma.o
 .debug_info    0x0000000000002e7f      0xac7 ./Core/Src/gpio.o
 .debug_info    0x0000000000003946      0x8ac ./Core/Src/i2c-lcd.o
 .debug_info    0x00000000000041f2     0x103c ./Core/Src/i2c.o
 .debug_info    0x000000000000522e     0x1f3b ./Core/Src/main.o
 .debug_info    0x0000000000007169      0x4cc ./Core/Src/stm32h7xx_hal_msp.o
 .debug_info    0x0000000000007635      0x910 ./Core/Src/stm32h7xx_it.o
 .debug_info    0x0000000000007f45      0x171 ./Core/Src/sysmem.o
 .debug_info    0x00000000000080b6      0xc8a ./Core/Src/system_stm32h7xx.o
 .debug_info    0x0000000000008d40     0x14e9 ./Core/Src/tim.o
 .debug_info    0x000000000000a229     0x10e8 ./Core/Src/usart.o
 .debug_info    0x000000000000b311       0x9e ./Core/Src/usb_otg.o
 .debug_info    0x000000000000b3af       0x22 ./Core/Startup/startup_stm32h7a3zitxq.o
 .debug_info    0x000000000000b3d1     0x1476 ./Drivers/STM32H7xx_HAL_Driver/Src/stm32h7xx_hal.o
 .debug_info    0x000000000000c847     0x1ebc ./Drivers/STM32H7xx_HAL_Driver/Src/stm32h7xx_hal_adc.o
 .debug_info    0x000000000000e703     0x1ffc ./Drivers/STM32H7xx_HAL_Driver/Src/stm32h7xx_hal_adc_ex.o
 .debug_info    0x00000000000106ff     0x114f ./Drivers/STM32H7xx_HAL_Driver/Src/stm32h7xx_hal_cortex.o
 .debug_info    0x000000000001184e      0xc27 ./Drivers/STM32H7xx_HAL_Driver/Src/stm32h7xx_hal_dac.o
 .debug_info    0x0000000000012475      0xc26 ./Drivers/STM32H7xx_HAL_Driver/Src/stm32h7xx_hal_dac_ex.o
 .debug_info    0x000000000001309b      0xc06 ./Drivers/STM32H7xx_HAL_Driver/Src/stm32h7xx_hal_dma.o
 .debug_info    0x0000000000013ca1      0xbe7 ./Drivers/STM32H7xx_HAL_Driver/Src/stm32h7xx_hal_gpio.o
 .debug_info    0x0000000000014888     0x23b3 ./Drivers/STM32H7xx_HAL_Driver/Src/stm32h7xx_hal_i2c.o
 .debug_info    0x0000000000016c3b      0xcf8 ./Drivers/STM32H7xx_HAL_Driver/Src/stm32h7xx_hal_i2c_ex.o
 .debug_info    0x0000000000017933      0xfba ./Drivers/STM32H7xx_HAL_Driver/Src/stm32h7xx_hal_pwr_ex.o
 .debug_info    0x00000000000188ed      0xf8f ./Drivers/STM32H7xx_HAL_Driver/Src/stm32h7xx_hal_rcc.o
 .debug_info    0x000000000001987c     0x12a4 ./Drivers/STM32H7xx_HAL_Driver/Src/stm32h7xx_hal_rcc_ex.o
 .debug_info    0x000000000001ab20     0x2dd1 ./Drivers/STM32H7xx_HAL_Driver/Src/stm32h7xx_hal_tim.o
 .debug_info    0x000000000001d8f1     0x19d5 ./Drivers/STM32H7xx_HAL_Driver/Src/stm32h7xx_hal_tim_ex.o
 .debug_info    0x000000000001f2c6     0x4c6a ./Drivers/STM32H7xx_HAL_Driver/Src/stm32h7xx_hal_uart.o
 .debug_info    0x0000000000023f30     0x100b ./Drivers/STM32H7xx_HAL_Driver/Src/stm32h7xx_hal_uart_ex.o

.debug_abbrev   0x0000000000000000     0x47ca
 .debug_abbrev  0x0000000000000000      0x182 ./Core/Src/ChorusEffect.o
 .debug_abbrev  0x0000000000000182      0x15a ./Core/Src/DelayEffect.o
 .debug_abbrev  0x00000000000002dc      0x1a4 ./Core/Src/TremoloEffect.o
 .debug_abbrev  0x0000000000000480      0x266 ./Core/Src/adc.o
 .debug_abbrev  0x00000000000006e6      0x239 ./Core/Src/dac.o
 .debug_abbrev  0x000000000000091f      0x12c ./Core/Src/dma.o
 .debug_abbrev  0x0000000000000a4b      0x195 ./Core/Src/gpio.o
 .debug_abbrev  0x0000000000000be0      0x1e9 ./Core/Src/i2c-lcd.o
 .debug_abbrev  0x0000000000000dc9      0x248 ./Core/Src/i2c.o
 .debug_abbrev  0x0000000000001011      0x3b0 ./Core/Src/main.o
 .debug_abbrev  0x00000000000013c1       0xeb ./Core/Src/stm32h7xx_hal_msp.o
 .debug_abbrev  0x00000000000014ac      0x19e ./Core/Src/stm32h7xx_it.o
 .debug_abbrev  0x000000000000164a       0xbb ./Core/Src/sysmem.o
 .debug_abbrev  0x0000000000001705      0x147 ./Core/Src/system_stm32h7xx.o
 .debug_abbrev  0x000000000000184c      0x26f ./Core/Src/tim.o
 .debug_abbrev  0x0000000000001abb      0x244 ./Core/Src/usart.o
 .debug_abbrev  0x0000000000001cff       0x47 ./Core/Src/usb_otg.o
 .debug_abbrev  0x0000000000001d46       0x12 ./Core/Startup/startup_stm32h7a3zitxq.o
 .debug_abbrev  0x0000000000001d58      0x289 ./Drivers/STM32H7xx_HAL_Driver/Src/stm32h7xx_hal.o
 .debug_abbrev  0x0000000000001fe1      0x2bf ./Drivers/STM32H7xx_HAL_Driver/Src/stm32h7xx_hal_adc.o
 .debug_abbrev  0x00000000000022a0      0x305 ./Drivers/STM32H7xx_HAL_Driver/Src/stm32h7xx_hal_adc_ex.o
 .debug_abbrev  0x00000000000025a5      0x329 ./Drivers/STM32H7xx_HAL_Driver/Src/stm32h7xx_hal_cortex.o
 .debug_abbrev  0x00000000000028ce      0x209 ./Drivers/STM32H7xx_HAL_Driver/Src/stm32h7xx_hal_dac.o
 .debug_abbrev  0x0000000000002ad7      0x23d ./Drivers/STM32H7xx_HAL_Driver/Src/stm32h7xx_hal_dac_ex.o
 .debug_abbrev  0x0000000000002d14      0x239 ./Drivers/STM32H7xx_HAL_Driver/Src/stm32h7xx_hal_dma.o
 .debug_abbrev  0x0000000000002f4d      0x1ec ./Drivers/STM32H7xx_HAL_Driver/Src/stm32h7xx_hal_gpio.o
 .debug_abbrev  0x0000000000003139      0x243 ./Drivers/STM32H7xx_HAL_Driver/Src/stm32h7xx_hal_i2c.o
 .debug_abbrev  0x000000000000337c      0x1e1 ./Drivers/STM32H7xx_HAL_Driver/Src/stm32h7xx_hal_i2c_ex.o
 .debug_abbrev  0x000000000000355d      0x27e ./Drivers/STM32H7xx_HAL_Driver/Src/stm32h7xx_hal_pwr_ex.o
 .debug_abbrev  0x00000000000037db      0x2b8 ./Drivers/STM32H7xx_HAL_Driver/Src/stm32h7xx_hal_rcc.o
 .debug_abbrev  0x0000000000003a93      0x26d ./Drivers/STM32H7xx_HAL_Driver/Src/stm32h7xx_hal_rcc_ex.o
 .debug_abbrev  0x0000000000003d00      0x25d ./Drivers/STM32H7xx_HAL_Driver/Src/stm32h7xx_hal_tim.o
 .debug_abbrev  0x0000000000003f5d      0x27a ./Drivers/STM32H7xx_HAL_Driver/Src/stm32h7xx_hal_tim_ex.o
 .debug_abbrev  0x00000000000041d7      0x336 ./Drivers/STM32H7xx_HAL_Driver/Src/stm32h7xx_hal_uart.o
 .debug_abbrev  0x000000000000450d      0x2bd ./Drivers/STM32H7xx_HAL_Driver/Src/stm32h7xx_hal_uart_ex.o

.debug_aranges  0x0000000000000000     0x1b78
 .debug_aranges
                0x0000000000000000       0x40 ./Core/Src/ChorusEffect.o
 .debug_aranges
                0x0000000000000040       0x38 ./Core/Src/DelayEffect.o
 .debug_aranges
                0x0000000000000078       0x40 ./Core/Src/TremoloEffect.o
 .debug_aranges
                0x00000000000000b8       0x38 ./Core/Src/adc.o
 .debug_aranges
                0x00000000000000f0       0x30 ./Core/Src/dac.o
 .debug_aranges
                0x0000000000000120       0x20 ./Core/Src/dma.o
 .debug_aranges
                0x0000000000000140       0x20 ./Core/Src/gpio.o
 .debug_aranges
                0x0000000000000160       0x48 ./Core/Src/i2c-lcd.o
 .debug_aranges
                0x00000000000001a8       0x30 ./Core/Src/i2c.o
 .debug_aranges
                0x00000000000001d8       0x88 ./Core/Src/main.o
 .debug_aranges
                0x0000000000000260       0x20 ./Core/Src/stm32h7xx_hal_msp.o
 .debug_aranges
                0x0000000000000280       0x88 ./Core/Src/stm32h7xx_it.o
 .debug_aranges
                0x0000000000000308       0x20 ./Core/Src/sysmem.o
 .debug_aranges
                0x0000000000000328       0x28 ./Core/Src/system_stm32h7xx.o
 .debug_aranges
                0x0000000000000350       0x58 ./Core/Src/tim.o
 .debug_aranges
                0x00000000000003a8       0x30 ./Core/Src/usart.o
 .debug_aranges
                0x00000000000003d8       0x20 ./Core/Src/usb_otg.o
 .debug_aranges
                0x00000000000003f8       0x28 ./Core/Startup/startup_stm32h7a3zitxq.o
 .debug_aranges
                0x0000000000000420      0x1a0 ./Drivers/STM32H7xx_HAL_Driver/Src/stm32h7xx_hal.o
 .debug_aranges
                0x00000000000005c0      0x228 ./Drivers/STM32H7xx_HAL_Driver/Src/stm32h7xx_hal_adc.o
 .debug_aranges
                0x00000000000007e8      0x1d8 ./Drivers/STM32H7xx_HAL_Driver/Src/stm32h7xx_hal_adc_ex.o
 .debug_aranges