Archive member included to satisfy reference by file (symbol)

c:/st/stm32cubeide_1.9.0/stm32cubeide/plugins/com.st.stm32cube.ide.mcu.externaltools.gnu-tools-for-stm32.10.3-2021.10.win32_1.0.0.202111181127/tools/bin/../lib/gcc/arm-none-eabi/10.3.1/../../../../arm-none-eabi/lib/thumb/v7e-m+dp/hard\libc_nano.a(lib_a-errno.o)
                              ./Core/Src/syscalls.o (__errno)
c:/st/stm32cubeide_1.9.0/stm32cubeide/plugins/com.st.stm32cube.ide.mcu.externaltools.gnu-tools-for-stm32.10.3-2021.10.win32_1.0.0.202111181127/tools/bin/../lib/gcc/arm-none-eabi/10.3.1/../../../../arm-none-eabi/lib/thumb/v7e-m+dp/hard\libc_nano.a(lib_a-exit.o)
                              c:/st/stm32cubeide_1.9.0/stm32cubeide/plugins/com.st.stm32cube.ide.mcu.externaltools.gnu-tools-for-stm32.10.3-2021.10.win32_1.0.0.202111181127/tools/bin/../lib/gcc/arm-none-eabi/10.3.1/../../../../arm-none-eabi/lib/thumb/v7e-m+dp/hard/crt0.o (exit)
c:/st/stm32cubeide_1.9.0/stm32cubeide/plugins/com.st.stm32cube.ide.mcu.externaltools.gnu-tools-for-stm32.10.3-2021.10.win32_1.0.0.202111181127/tools/bin/../lib/gcc/arm-none-eabi/10.3.1/../../../../arm-none-eabi/lib/thumb/v7e-m+dp/hard\libc_nano.a(lib_a-impure.o)
                              c:/st/stm32cubeide_1.9.0/stm32cubeide/plugins/com.st.stm32cube.ide.mcu.externaltools.gnu-tools-for-stm32.10.3-2021.10.win32_1.0.0.202111181127/tools/bin/../lib/gcc/arm-none-eabi/10.3.1/../../../../arm-none-eabi/lib/thumb/v7e-m+dp/hard\libc_nano.a(lib_a-exit.o) (_global_impure_ptr)
c:/st/stm32cubeide_1.9.0/stm32cubeide/plugins/com.st.stm32cube.ide.mcu.externaltools.gnu-tools-for-stm32.10.3-2021.10.win32_1.0.0.202111181127/tools/bin/../lib/gcc/arm-none-eabi/10.3.1/../../../../arm-none-eabi/lib/thumb/v7e-m+dp/hard\libc_nano.a(lib_a-init.o)
                              c:/st/stm32cubeide_1.9.0/stm32cubeide/plugins/com.st.stm32cube.ide.mcu.externaltools.gnu-tools-for-stm32.10.3-2021.10.win32_1.0.0.202111181127/tools/bin/../lib/gcc/arm-none-eabi/10.3.1/../../../../arm-none-eabi/lib/thumb/v7e-m+dp/hard/crt0.o (__libc_init_array)
c:/st/stm32cubeide_1.9.0/stm32cubeide/plugins/com.st.stm32cube.ide.mcu.externaltools.gnu-tools-for-stm32.10.3-2021.10.win32_1.0.0.202111181127/tools/bin/../lib/gcc/arm-none-eabi/10.3.1/../../../../arm-none-eabi/lib/thumb/v7e-m+dp/hard\libc_nano.a(lib_a-malloc.o)
                              ./Core/Src/ChorusEffect.o (malloc)
c:/st/stm32cubeide_1.9.0/stm32cubeide/plugins/com.st.stm32cube.ide.mcu.externaltools.gnu-tools-for-stm32.10.3-2021.10.win32_1.0.0.202111181127/tools/bin/../lib/gcc/arm-none-eabi/10.3.1/../../../../arm-none-eabi/lib/thumb/v7e-m+dp/hard\libc_nano.a(lib_a-memset.o)
                              c:/st/stm32cubeide_1.9.0/stm32cubeide/plugins/com.st.stm32cube.ide.mcu.externaltools.gnu-tools-for-stm32.10.3-2021.10.win32_1.0.0.202111181127/tools/bin/../lib/gcc/arm-none-eabi/10.3.1/../../../../arm-none-eabi/lib/thumb/v7e-m+dp/hard/crt0.o (memset)
c:/st/stm32cubeide_1.9.0/stm32cubeide/plugins/com.st.stm32cube.ide.mcu.externaltools.gnu-tools-for-stm32.10.3-2021.10.win32_1.0.0.202111181127/tools/bin/../lib/gcc/arm-none-eabi/10.3.1/../../../../arm-none-eabi/lib/thumb/v7e-m+dp/hard\libc_nano.a(lib_a-nano-freer.o)
                              c:/st/stm32cubeide_1.9.0/stm32cubeide/plugins/com.st.stm32cube.ide.mcu.externaltools.gnu-tools-for-stm32.10.3-2021.10.win32_1.0.0.202111181127/tools/bin/../lib/gcc/arm-none-eabi/10.3.1/../../../../arm-none-eabi/lib/thumb/v7e-m+dp/hard\libc_nano.a(lib_a-malloc.o) (_free_r)
c:/st/stm32cubeide_1.9.0/stm32cubeide/plugins/com.st.stm32cube.ide.mcu.externaltools.gnu-tools-for-stm32.10.3-2021.10.win32_1.0.0.202111181127/tools/bin/../lib/gcc/arm-none-eabi/10.3.1/../../../../arm-none-eabi/lib/thumb/v7e-m+dp/hard\libc_nano.a(lib_a-nano-mallocr.o)
                              c:/st/stm32cubeide_1.9.0/stm32cubeide/plugins/com.st.stm32cube.ide.mcu.externaltools.gnu-tools-for-stm32.10.3-2021.10.win32_1.0.0.202111181127/tools/bin/../lib/gcc/arm-none-eabi/10.3.1/../../../../arm-none-eabi/lib/thumb/v7e-m+dp/hard\libc_nano.a(lib_a-malloc.o) (_malloc_r)
c:/st/stm32cubeide_1.9.0/stm32cubeide/plugins/com.st.stm32cube.ide.mcu.externaltools.gnu-tools-for-stm32.10.3-2021.10.win32_1.0.0.202111181127/tools/bin/../lib/gcc/arm-none-eabi/10.3.1/../../../../arm-none-eabi/lib/thumb/v7e-m+dp/hard\libc_nano.a(lib_a-sbrkr.o)
                              c:/st/stm32cubeide_1.9.0/stm32cubeide/plugins/com.st.stm32cube.ide.mcu.externaltools.gnu-tools-for-stm32.10.3-2021.10.win32_1.0.0.202111181127/tools/bin/../lib/gcc/arm-none-eabi/10.3.1/../../../../arm-none-eabi/lib/thumb/v7e-m+dp/hard\libc_nano.a(lib_a-nano-mallocr.o) (_sbrk_r)
c:/st/stm32cubeide_1.9.0/stm32cubeide/plugins/com.st.stm32cube.ide.mcu.externaltools.gnu-tools-for-stm32.10.3-2021.10.win32_1.0.0.202111181127/tools/bin/../lib/gcc/arm-none-eabi/10.3.1/../../../../arm-none-eabi/lib/thumb/v7e-m+dp/hard\libc_nano.a(lib_a-mlock.o)
[...]
Memory Configuration

Name             Origin             Length             Attributes
ITCMRAM          0x0000000000000000 0x0000000000010000 xrw
FLASH            0x0000000008000000 0x0000000000200000 xr
DTCMRAM1         0x0000000020000000 0x0000000000010000 xrw
DTCMRAM2         0x0000000020010000 0x0000000000010000 xrw
RAM              0x0000000024000000 0x0000000000100000 xrw
RAM_CD           0x0000000030000000 0x0000000000020000 xrw
RAM_SRD          0x0000000038000000 0x0000000000008000 xrw
*default*        0x0000000000000000 0xffffffffffffffff

Linker script and memory map

LOAD c:/st/stm32cubeide_1.9.0/stm32cubeide/plugins/com.st.stm32cube.ide.mcu.externaltools.gnu-tools-for-stm32.10.3-2021.10.win32_1.0.0.202111181127/tools/bin/../lib/gcc/arm-none-eabi/10.3.1/thumb/v7e-m+dp/hard/crti.o
LOAD c:/st/stm32cubeide_1.9.0/stm32cubeide/plugins/com.st.stm32cube.ide.mcu.externaltools.gnu-tools-for-stm32.10.3-2021.10.win32_1.0.0.202111181127/tools/bin/../lib/gcc/arm-none-eabi/10.3.1/thumb/v7e-m+dp/hard/crtbegin.o
LOAD c:/st/stm32cubeide_1.9.0/stm32cubeide/plugins/com.st.stm32cube.ide.mcu.externaltools.gnu-tools-for-stm32.10.3-2021.10.win32_1.0.0.202111181127/tools/bin/../lib/gcc/arm-none-eabi/10.3.1/../../../../arm-none-eabi/lib/thumb/v7e-m+dp/hard/crt0.o
LOAD ./Core/Src/ChorusEffect.o
LOAD ./Core/Src/DelayEffect.o
LOAD ./Core/Src/TremoloEffect.o
LOAD ./Core/Src/adc.o
LOAD ./Core/Src/dac.o
LOAD ./Core/Src/dma.o
LOAD ./Core/Src/gpio.o
LOAD ./Core/Src/i2c-lcd.o
LOAD ./Core/Src/i2c.o
LOAD ./Core/Src/main.o
LOAD ./Core/Src/stm32h7xx_hal_msp.o
LOAD ./Core/Src/stm32h7xx_it.o
LOAD ./Core/Src/syscalls.o
LOAD ./Core/Src/sysmem.o
LOAD ./Core/Src/system_stm32h7xx.o
LOAD ./Core/Src/tim.o
LOAD ./Core/Startup/startup_stm32h7a3zitxq.o
LOAD ./Drivers/STM32H7xx_HAL_Driver/Src/stm32h7xx_hal.o
LOAD ./Drivers/STM32H7xx_HAL_Driver/Src/stm32h7xx_hal_adc.o
LOAD ./Drivers/STM32H7xx_HAL_Driver/Src/stm32h7xx_hal_adc_ex.o
LOAD ./Drivers/STM32H7xx_HAL_Driver/Src/stm32h7xx_hal_cortex.o
LOAD ./Drivers/STM32H7xx_HAL_Driver/Src/stm32h7xx_hal_dac.o
LOAD ./Drivers/STM32H7xx_HAL_Driver/Src/stm32h7xx_hal_dac_ex.o
LOAD ./Drivers/STM32H7xx_HAL_Driver/Src/stm32h7xx_hal_dma.o
LOAD ./Drivers/STM32H7xx_HAL_Driver/Src/stm32h7xx_hal_dma_ex.o
LOAD ./Drivers/STM32H7xx_HAL_Driver/Src/stm32h7xx_hal_exti.o
LOAD ./Drivers/STM32H7xx_HAL_Driver/Src/stm32h7xx_hal_flash.o
LOAD ./Drivers/STM32H7xx_HAL_Driver/Src/stm32h7xx_hal_flash_ex.o
LOAD ./Drivers/STM32H7xx_HAL_Driver/Src/stm32h7xx_hal_gpio.o
LOAD ./Drivers/STM32H7xx_HAL_Driver/Src/stm32h7xx_hal_hsem.o
LOAD ./Drivers/STM32H7xx_HAL_Driver/Src/stm32h7xx_hal_i2c.o
LOAD ./Drivers/STM32H7xx_HAL_Driver/Src/stm32h7xx_hal_i2c_ex.o
LOAD ./Drivers/STM32H7xx_HAL_Driver/Src/stm32h7xx_hal_mdma.o
LOAD ./Drivers/STM32H7xx_HAL_Driver/Src/stm32h7xx_hal_pwr.o
LOAD ./Drivers/STM32H7xx_HAL_Driver/Src/stm32h7xx_hal_pwr_ex.o
LOAD ./Drivers/STM32H7xx_HAL_Driver/Src/stm32h7xx_hal_rcc.o
LOAD ./Drivers/STM32H7xx_HAL_Driver/Src/stm32h7xx_hal_rcc_ex.o
LOAD ./Drivers/STM32H7xx_HAL_Driver/Src/stm32h7xx_hal_tim.o
LOAD ./Drivers/STM32H7xx_HAL_Driver/Src/stm32h7xx_hal_tim_ex.o
START GROUP
LOAD c:/st/stm32cubeide_1.9.0/stm32cubeide/plugins/com.st.stm32cube.ide.mcu.externaltools.gnu-tools-for-stm32.10.3-2021.10.win32_1.0.0.202111181127/tools/bin/../lib/gcc/arm-none-eabi/10.3.1/../../../../arm-none-eabi/lib/thumb/v7e-m+dp/hard\libc_nano.a
LOAD c:/st/stm32cubeide_1.9.0/stm32cubeide/plugins/com.st.stm32cube.ide.mcu.externaltools.gnu-tools-for-stm32.10.3-2021.10.win32_1.0.0.202111181127/tools/bin/../lib/gcc/arm-none-eabi/10.3.1/../../../../arm-none-eabi/lib/thumb/v7e-m+dp/hard\libm.a
END GROUP
START GROUP
LOAD c:/st/stm32cubeide_1.9.0/stm32cubeide/plugins/com.st.stm32cube.ide.mcu.externaltools.gnu-tools-for-stm32.10.3-2021.10.win32_1.0.0.202111181127/tools/bin/../lib/gcc/arm-none-eabi/10.3.1/thumb/v7e-m+dp/hard\libgcc.a
LOAD c:/st/stm32cubeide_1.9.0/stm32cubeide/plugins/com.st.stm32cube.ide.mcu.externaltools.gnu-tools-for-stm32.10.3-2021.10.win32_1.0.0.202111181127/tools/bin/../lib/gcc/arm-none-eabi/10.3.1/../../../../arm-none-eabi/lib/thumb/v7e-m+dp/hard\libc_nano.a
END GROUP
START GROUP
LOAD c:/st/stm32cubeide_1.9.0/stm32cubeide/plugins/com.st.stm32cube.ide.mcu.externaltools.gnu-tools-for-stm32.10.3-2021.10.win32_1.0.0.202111181127/tools/bin/../lib/gcc/arm-none-eabi/10.3.1/thumb/v7e-m+dp/hard\libgcc.a
LOAD c:/st/stm32cubeide_1.9.0/stm32cubeide/plugins/com.st.stm32cube.ide.mcu.externaltools.gnu-tools-for-stm32.10.3-2021.10.win32_1.0.0.202111181127/tools/bin/../lib/gcc/arm-none-eabi/10.3.1/../../../../arm-none-eabi/lib/thumb/v7e-m+dp/hard\libc_nano.a
LOAD c:/st/stm32cubeide_1.9.0/stm32cubeide/plugins/com.st.stm32cube.ide.mcu.externaltools.gnu-tools-for-stm32.10.3-2021.10.win32_1.0.0.202111181127/tools/bin/../lib/gcc/arm-none-eabi/10.3.1/../../../../arm-none-eabi/lib/thumb/v7e-m+dp/hard\libnosys.a
END GROUP
START GROUP
LOAD c:/st/stm32cubeide_1.9.0/stm32cubeide/plugins/com.st.stm32cube.ide.mcu.externaltools.gnu-tools-for-stm32.10.3-2021.10.win32_1.0.0.202111181127/tools/bin/../lib/gcc/arm-none-eabi/10.3.1/thumb/v7e-m+dp/hard\libgcc.a
LOAD c:/st/stm32cubeide_1.9.0/stm32cubeide/plugins/com.st.stm32cube.ide.mcu.externaltools.gnu-tools-for-stm32.10.3-2021.10.win32_1.0.0.202111181127/tools/bin/../lib/gcc/arm-none-eabi/10.3.1/../../../../arm-none-eabi/lib/thumb/v7e-m+dp/hard\libc_nano.a
LOAD c:/st/stm32cubeide_1.9.0/stm32cubeide/plugins/com.st.stm32cube.ide.mcu.externaltools.gnu-tools-for-stm32.10.3-2021.10.win32_1.0.0.202111181127/tools/bin/../lib/gcc/arm-none-eabi/10.3.1/../../../../arm-none-eabi/lib/thumb/v7e-m+dp/hard\libnosys.a
END GROUP
LOAD c:/st/stm32cubeide_1.9.0/stm32cubeide/plugins/com.st.stm32cube.ide.mcu.externaltools.gnu-tools-for-stm32.10.3-2021.10.win32_1.0.0.202111181127/tools/bin/../lib/gcc/arm-none-eabi/10.3.1/thumb/v7e-m+dp/hard/crtend.o
LOAD c:/st/stm32cubeide_1.9.0/stm32cubeide/plugins/com.st.stm32cube.ide.mcu.externaltools.gnu-tools-for-stm32.10.3-2021.10.win32_1.0.0.202111181127/tools/bin/../lib/gcc/arm-none-eabi/10.3.1/thumb/v7e-m+dp/hard/crtn.o
                0x0000000024100000                _estack = (ORIGIN (RAM) + LENGTH (RAM))
                0x0000000000000200                _Min_Heap_Size = 0x200
                0x0000000000000400                _Min_Stack_Size = 0x400

.isr_vector     0x0000000008000000      0x2ac
                0x0000000008000000                . = ALIGN (0x4)
 *(.isr_vector)
 .isr_vector    0x0000000008000000      0x2ac ./Core/Startup/startup_stm32h7a3zitxq.o
                0x0000000008000000                g_pfnVectors
                0x00000000080002ac                . = ALIGN (0x4)

.text           0x00000000080002b0     0xb6f4
                0x00000000080002b0                . = ALIGN (0x4)
 *(.text)
 .text          0x00000000080002b0       0x40 c:/st/stm32cubeide_1.9.0/stm32cubeide/plugins/com.st.stm32cube.ide.mcu.externaltools.gnu-tools-for-stm32.10.3-2021.10.win32_1.0.0.202111181127/tools/bin/../lib/gcc/arm-none-eabi/10.3.1/thumb/v7e-m+dp/hard/crtbegin.o
 .text          0x00000000080002f0      0x378 c:/st/stm32cubeide_1.9.0/stm32cubeide/plugins/com.st.stm32cube.ide.mcu.externaltools.gnu-tools-for-stm32.10.3-2021.10.win32_1.0.0.202111181127/tools/bin/../lib/gcc/arm-none-eabi/10.3.1/thumb/v7e-m+dp/hard\libgcc.a(_arm_addsubdf3.o)
                0x00000000080002f0                __aeabi_drsub
                0x00000000080002f8                __aeabi_dsub
                0x00000000080002f8                __subdf3
                0x00000000080002fc                __aeabi_dadd
                0x00000000080002fc                __adddf3
                0x0000000008000574                __floatunsidf
                0x0000000008000574                __aeabi_ui2d
                0x0000000008000594                __floatsidf
                0x0000000008000594                __aeabi_i2d
                0x00000000080005b8                __aeabi_f2d
                0x00000000080005b8                __extendsfdf2
                0x00000000080005fc                __floatundidf
                0x00000000080005fc                __aeabi_ul2d
                0x000000000800060c                __floatdidf
                0x000000000800060c                __aeabi_l2d
 *(.text*)
 .text.Chorus_Init
                0x0000000008000668      0x180 ./Core/Src/ChorusEffect.o
                0x0000000008000668                Chorus_Init
 .text.Chorus_LFO
                0x00000000080007e8       0x8c ./Core/Src/ChorusEffect.o
                0x00000000080007e8                Chorus_LFO
 .text.Chorus_Process
                0x0000000008000874      0x1a4 ./Core/Src/ChorusEffect.o
                0x0000000008000874                Chorus_Process
 .text.Chorus_Set_Params
                0x0000000008000a18       0xb4 ./Core/Src/ChorusEffect.o
                0x0000000008000a18                Chorus_Set_Params
 .text.Chorus_Free
                0x0000000008000acc       0x30 ./Core/Src/ChorusEffect.o
                0x0000000008000acc                Chorus_Free
 .text.Delay_Init
                0x0000000008000afc       0xb4 ./Core/Src/DelayEffect.o
                0x0000000008000afc                Delay_Init
 .text.Delay_Process
                0x0000000008000bb0       0xf8 ./Core/Src/DelayEffect.o
                0x0000000008000bb0                Delay_Process
 .text.Delay_Set_Params
                0x0000000008000ca8      0x1ac ./Core/Src/DelayEffect.o
                0x0000000008000ca8                Delay_Set_Params
 .text.Delay_Free
                0x0000000008000e54       0x30 ./Core/Src/DelayEffect.o
                0x0000000008000e54                Delay_Free
 *fill*         0x0000000008000e84        0x4 
 .text.Tremolo_LFO
                0x0000000008000e88       0xe4 ./Core/Src/TremoloEffect.o
                0x0000000008000e88                Tremolo_LFO
 .text.Tremolo_Init
                0x0000000008000f6c       0x64 ./Core/Src/TremoloEffect.o
                0x0000000008000f6c                Tremolo_Init
 .text.Tremolo_Process
                0x0000000008000fd0       0xdc ./Core/Src/TremoloEffect.o
                0x0000000008000fd0                Tremolo_Process
 .text.Tremolo_Set_Waveform
                0x00000000080010ac       0x20 ./Core/Src/TremoloEffect.o
                0x00000000080010ac                Tremolo_Set_Waveform
 .text.Tremolo_Free
                0x00000000080010cc       0x24 ./Core/Src/TremoloEffect.o
                0x00000000080010cc                Tremolo_Free
 .text.MX_ADC1_Init
                0x00000000080010f0       0xf4 ./Core/Src/adc.o
                0x00000000080010f0                MX_ADC1_Init
 .text.MX_ADC2_Init
                0x00000000080011e4      0x110 ./Core/Src/adc.o
                0x00000000080011e4                MX_ADC2_Init
 .text.HAL_ADC_MspInit
                0x00000000080012f4      0x264 ./Core/Src/adc.o
                0x00000000080012f4                HAL_ADC_MspInit
 .text.MX_DAC1_Init
                0x0000000008001558       0x64 ./Core/Src/dac.o
                0x0000000008001558                MX_DAC1_Init
 .text.HAL_DAC_MspInit
                0x00000000080015bc       0xf4 ./Core/Src/dac.o
                0x00000000080015bc                HAL_DAC_MspInit
 .text.MX_DMA_Init
                0x00000000080016b0       0x60 ./Core/Src/dma.o
                0x00000000080016b0                MX_DMA_Init
 .text.MX_GPIO_Init
                0x0000000008001710      0x1dc ./Core/Src/gpio.o
                0x0000000008001710                MX_GPIO_Init
 .text.lcd_send_cmd
                0x00000000080018ec       0x60 ./Core/Src/i2c-lcd.o
                0x00000000080018ec                lcd_send_cmd
 .text.lcd_send_data
                0x000000000800194c       0x60 ./Core/Src/i2c-lcd.o
                0x000000000800194c                lcd_send_data
 .text.lcd_clear
                0x00000000080019ac       0x2e ./Core/Src/i2c-lcd.o
                0x00000000080019ac                lcd_clear
 .text.lcd_put_cur
                0x00000000080019da       0x3e ./Core/Src/i2c-lcd.o
                0x00000000080019da                lcd_put_cur
 .text.lcd_init
                0x0000000008001a18       0x7a ./Core/Src/i2c-lcd.o
                0x0000000008001a18                lcd_init
 .text.lcd_send_string
                0x0000000008001a92       0x2a ./Core/Src/i2c-lcd.o
                0x0000000008001a92                lcd_send_string
 .text.MX_I2C2_Init
                0x0000000008001abc       0x80 ./Core/Src/i2c.o
                0x0000000008001abc                MX_I2C2_Init
 .text.HAL_I2C_MspInit
                0x0000000008001b3c       0xcc ./Core/Src/i2c.o
                0x0000000008001b3c                HAL_I2C_MspInit
 .text.HAL_ADC_ConvHalfCpltCallback
                0x0000000008001c08       0x48 ./Core/Src/main.o
                0x0000000008001c08                HAL_ADC_ConvHalfCpltCallback
 .text.HAL_ADC_ConvCpltCallback
                0x0000000008001c50       0x48 ./Core/Src/main.o
                0x0000000008001c50                HAL_ADC_ConvCpltCallback
 .text.Is_Tremolo
                0x0000000008001c98       0x34 ./Core/Src/main.o
                0x0000000008001c98                Is_Tremolo
 .text.Init_Tremolo_Waveform
                0x0000000008001ccc       0x3c ./Core/Src/main.o
                0x0000000008001ccc                Init_Tremolo_Waveform
 .text.processData
                0x0000000008001d08      0x284 ./Core/Src/main.o
                0x0000000008001d08                processData
 .text.initEffect
                0x0000000008001f8c       0xa0 ./Core/Src/main.o
                0x0000000008001f8c                initEffect
 .text.changeEffect
                0x000000000800202c       0x78 ./Core/Src/main.o
                0x000000000800202c                changeEffect
 .text.displayEffect
                0x00000000080020a4       0x88 ./Core/Src/main.o
                0x00000000080020a4                displayEffect
 .text.HAL_TIM_PeriodElapsedCallback
                0x000000000800212c       0x90 ./Core/Src/main.o
                0x000000000800212c                HAL_TIM_PeriodElapsedCallback
 .text.main     0x00000000080021bc       0xf8 ./Core/Src/main.o
                0x00000000080021bc                main
 .text.SystemClock_Config
                0x00000000080022b4       0xf4 ./Core/Src/main.o
                0x00000000080022b4                SystemClock_Config
 .text.PeriphCommonClock_Config
                0x00000000080023a8       0x58 ./Core/Src/main.o
                0x00000000080023a8                PeriphCommonClock_Config
 .text.HAL_GPIO_EXTI_Callback
                0x0000000008002400       0xa0 ./Core/Src/main.o
                0x0000000008002400                HAL_GPIO_EXTI_Callback
 .text.Error_Handler
                0x00000000080024a0        0xa ./Core/Src/main.o
                0x00000000080024a0                Error_Handler
 *fill*         0x00000000080024aa        0x2 
 .text.HAL_MspInit
                0x00000000080024ac       0x34 ./Core/Src/stm32h7xx_hal_msp.o
                0x00000000080024ac                HAL_MspInit
 .text.NMI_Handler
                0x00000000080024e0        0x6 ./Core/Src/stm32h7xx_it.o
                0x00000000080024e0                NMI_Handler
 .text.HardFault_Handler
                0x00000000080024e6        0x6 ./Core/Src/stm32h7xx_it.o
                0x00000000080024e6                HardFault_Handler
 .text.MemManage_Handler
                0x00000000080024ec        0x6 ./Core/Src/stm32h7xx_it.o
                0x00000000080024ec                MemManage_Handler
 .text.BusFault_Handler
                0x00000000080024f2        0x6 ./Core/Src/stm32h7xx_it.o
                0x00000000080024f2                BusFault_Handler
 .text.UsageFault_Handler
                0x00000000080024f8        0x6 ./Core/Src/stm32h7xx_it.o
                0x00000000080024f8                UsageFault_Handler
 .text.SVC_Handler
                0x00000000080024fe        0xe ./Core/Src/stm32h7xx_it.o
                0x00000000080024fe                SVC_Handler
 .text.DebugMon_Handler
                0x000000000800250c        0xe ./Core/Src/stm32h7xx_it.o
                0x000000000800250c                DebugMon_Handler
 .text.PendSV_Handler
                0x000000000800251a        0xe ./Core/Src/stm32h7xx_it.o
                0x000000000800251a                PendSV_Handler
 .text.SysTick_Handler
                0x0000000008002528        0xc ./Core/Src/stm32h7xx_it.o
                0x0000000008002528                SysTick_Handler
 .text.DMA1_Stream0_IRQHandler
                0x0000000008002534       0x14 ./Core/Src/stm32h7xx_it.o
                0x0000000008002534                DMA1_Stream0_IRQHandler
 .text.DMA1_Stream1_IRQHandler
                0x0000000008002548       0x14 ./Core/Src/stm32h7xx_it.o
                0x0000000008002548                DMA1_Stream1_IRQHandler
 .text.DMA1_Stream2_IRQHandler
                0x000000000800255c       0x14 ./Core/Src/stm32h7xx_it.o
                0x000000000800255c                DMA1_Stream2_IRQHandler
 .text.TIM4_IRQHandler
                0x0000000008002570       0x14 ./Core/Src/stm32h7xx_it.o
                0x0000000008002570                TIM4_IRQHandler
 .text.EXTI15_10_IRQHandler
                0x0000000008002584       0x10 ./Core/Src/stm32h7xx_it.o
                0x0000000008002584                EXTI15_10_IRQHandler
 .text._sbrk    0x0000000008002594       0x6c ./Core/Src/sysmem.o
                0x0000000008002594                _sbrk
 .text.SystemInit
                0x0000000008002600       0xf0 ./Core/Src/system_stm32h7xx.o
                0x0000000008002600                SystemInit
 .text.MX_TIM1_Init
                0x00000000080026f0       0xa8 ./Core/Src/tim.o
                0x00000000080026f0                MX_TIM1_Init
 .text.MX_TIM3_Init
                0x0000000008002798       0xac ./Core/Src/tim.o
                0x0000000008002798                MX_TIM3_Init
 .text.MX_TIM4_Init
                0x0000000008002844       0xa0 ./Core/Src/tim.o
                0x0000000008002844                MX_TIM4_Init
 .text.MX_TIM6_Init
                0x00000000080028e4       0x6c ./Core/Src/tim.o
                0x00000000080028e4                MX_TIM6_Init
 .text.HAL_TIM_Base_MspInit
                0x0000000008002950       0xac ./Core/Src/tim.o
                0x0000000008002950                HAL_TIM_Base_MspInit
 .text.HAL_TIM_Encoder_MspInit
                0x00000000080029fc       0xd4 ./Core/Src/tim.o
                0x00000000080029fc                HAL_TIM_Encoder_MspInit
 .text.Reset_Handler
                0x0000000008002ad0       0x50 ./Core/Startup/startup_stm32h7a3zitxq.o
                0x0000000008002ad0                Reset_Handler
 .text.Default_Handler
                0x0000000008002b20        0x2 ./Core/Startup/startup_stm32h7a3zitxq.o
                0x0000000008002b20                RTC_Alarm_IRQHandler
                0x0000000008002b20                EXTI2_IRQHandler
                0x0000000008002b20                TIM8_CC_IRQHandler
                0x0000000008002b20                UART8_IRQHandler
                0x0000000008002b20                BDMA2_Channel1_IRQHandler
                0x0000000008002b20                SPI4_IRQHandler
                0x0000000008002b20                BDMA2_Channel0_IRQHandler
                0x0000000008002b20                TIM1_CC_IRQHandler
                0x0000000008002b20                DMA2_Stream5_IRQHandler
                0x0000000008002b20                JPEG_IRQHandler
                0x0000000008002b20                DMA1_Stream5_IRQHandler
                0x0000000008002b20                EXTI3_IRQHandler
                0x0000000008002b20                LPTIM4_IRQHandler
                0x0000000008002b20                TIM8_TRG_COM_TIM14_IRQHandler
                0x0000000008002b20                LPTIM2_IRQHandler
                0x0000000008002b20                DFSDM1_FLT1_IRQHandler
                0x0000000008002b20                DMAMUX2_OVR_IRQHandler
                0x0000000008002b20                GFXMMU_IRQHandler
                0x0000000008002b20                TIM8_UP_TIM13_IRQHandler
                0x0000000008002b20                I2C3_ER_IRQHandler
                0x0000000008002b20                DFSDM1_FLT2_IRQHandler
                0x0000000008002b20                USART10_IRQHandler
                0x0000000008002b20                MDMA_IRQHandler
                0x0000000008002b20                LPTIM3_IRQHandler
                0x0000000008002b20                BDMA2_Channel3_IRQHandler
                0x0000000008002b20                HSEM1_IRQHandler
                0x0000000008002b20                EXTI0_IRQHandler
                0x0000000008002b20                I2C2_EV_IRQHandler
                0x0000000008002b20                DAC2_IRQHandler
                0x0000000008002b20                FPU_IRQHandler
                0x0000000008002b20                OTG_HS_WKUP_IRQHandler
                0x0000000008002b20                FDCAN1_IT1_IRQHandler
                0x0000000008002b20                LTDC_ER_IRQHandler
                0x0000000008002b20                DMA2_Stream2_IRQHandler
                0x0000000008002b20                SPI1_IRQHandler
                0x0000000008002b20                OCTOSPI1_IRQHandler
                0x0000000008002b20                TIM6_DAC_IRQHandler
                0x0000000008002b20                BDMA2_Channel6_IRQHandler
                0x0000000008002b20                DMA2_Stream3_IRQHandler
                0x0000000008002b20                OCTOSPI2_IRQHandler
                0x0000000008002b20                SAI2_IRQHandler
                0x0000000008002b20                BDMA1_IRQHandler
                0x0000000008002b20                DFSDM1_FLT3_IRQHandler
                0x0000000008002b20                USART6_IRQHandler
                0x0000000008002b20                TIM17_IRQHandler
                0x0000000008002b20                USART3_IRQHandler
                0x0000000008002b20                LPTIM5_IRQHandler
                0x0000000008002b20                UART5_IRQHandler
                0x0000000008002b20                DMA2_Stream0_IRQHandler
                0x0000000008002b20                I2C1_EV_IRQHandler
                0x0000000008002b20                DMA1_Stream6_IRQHandler
                0x0000000008002b20                DMAMUX1_OVR_IRQHandler
                0x0000000008002b20                TIM16_IRQHandler
                0x0000000008002b20                UART4_IRQHandler
                0x0000000008002b20                TIM3_IRQHandler
                0x0000000008002b20                RCC_IRQHandler
                0x0000000008002b20                UART9_IRQHandler
                0x0000000008002b20                TIM8_BRK_TIM12_IRQHandler
                0x0000000008002b20                TIM1_TRG_COM_IRQHandler
                0x0000000008002b20                Default_Handler
                0x0000000008002b20                ECC_IRQHandler
                0x0000000008002b20                BDMA2_Channel2_IRQHandler
                0x0000000008002b20                CEC_IRQHandler
                0x0000000008002b20                DFSDM1_FLT4_IRQHandler
                0x0000000008002b20                ADC_IRQHandler
                0x0000000008002b20                DMA1_Stream7_IRQHandler
                0x0000000008002b20                SPI5_IRQHandler
                0x0000000008002b20                TIM7_IRQHandler
                0x0000000008002b20                SDMMC1_IRQHandler
                0x0000000008002b20                TIM5_IRQHandler
                0x0000000008002b20                DMA2_Stream7_IRQHandler
                0x0000000008002b20                TIM15_IRQHandler
                0x0000000008002b20                I2C3_EV_IRQHandler
                0x0000000008002b20                DFSDM2_IRQHandler
                0x0000000008002b20                EXTI9_5_IRQHandler
                0x0000000008002b20                RTC_WKUP_IRQHandler
                0x0000000008002b20                LTDC_IRQHandler
                0x0000000008002b20                SPDIF_RX_IRQHandler
                0x0000000008002b20                PVD_PVM_IRQHandler
                0x0000000008002b20                SPI2_IRQHandler
                0x0000000008002b20                OTG_HS_EP1_IN_IRQHandler
                0x0000000008002b20                DFSDM1_FLT5_IRQHandler
                0x0000000008002b20                CRS_IRQHandler
                0x0000000008002b20                EXTI4_IRQHandler
                0x0000000008002b20                DFSDM1_FLT6_IRQHandler
                0x0000000008002b20                RNG_IRQHandler
                0x0000000008002b20                FDCAN2_IT1_IRQHandler
                0x0000000008002b20                COMP_IRQHandler
                0x0000000008002b20                TIM1_UP_IRQHandler
                0x0000000008002b20                OTG_HS_EP1_OUT_IRQHandler
                0x0000000008002b20                WWDG_IRQHandler
                0x0000000008002b20                SPI6_IRQHandler
                0x0000000008002b20                MDIOS_IRQHandler
                0x0000000008002b20                I2C4_EV_IRQHandler
                0x0000000008002b20                FDCAN2_IT0_IRQHandler
                0x0000000008002b20                LPUART1_IRQHandler
                0x0000000008002b20                FDCAN1_IT0_IRQHandler
                0x0000000008002b20                TIM2_IRQHandler
                0x0000000008002b20                BDMA2_Channel5_IRQHandler
                0x0000000008002b20                OTG_HS_IRQHandler
                0x0000000008002b20                DMA2D_IRQHandler
                0x0000000008002b20                TIM1_BRK_IRQHandler
                0x0000000008002b20                EXTI1_IRQHandler
                0x0000000008002b20                SDMMC2_IRQHandler
                0x0000000008002b20                DTS_IRQHandler
                0x0000000008002b20                UART7_IRQHandler
                0x0000000008002b20                MDIOS_WKUP_IRQHandler
                0x0000000008002b20                USART2_IRQHandler
                0x0000000008002b20                DFSDM1_FLT0_IRQHandler
                0x0000000008002b20                I2C2_ER_IRQHandler
                0x0000000008002b20                DMA2_Stream1_IRQHandler
                0x0000000008002b20                DFSDM1_FLT7_IRQHandler
                0x0000000008002b20                FLASH_IRQHandler
                0x0000000008002b20                DMA2_Stream4_IRQHandler
                0x0000000008002b20                USART1_IRQHandler
                0x0000000008002b20                SPI3_IRQHandler
                0x0000000008002b20                WAKEUP_PIN_IRQHandler
                0x0000000008002b20                DMA1_Stream4_IRQHandler
                0x0000000008002b20                I2C1_ER_IRQHandler
                0x0000000008002b20                FMC_IRQHandler
                0x0000000008002b20                BDMA2_Channel7_IRQHandler
                0x0000000008002b20                FDCAN_CAL_IRQHandler
                0x0000000008002b20                SWPMI1_IRQHandler
                0x0000000008002b20                LPTIM1_IRQHandler
                0x0000000008002b20                DCMI_PSSI_IRQHandler
                0x0000000008002b20                I2C4_ER_IRQHandler
                0x0000000008002b20                DMA2_Stream6_IRQHandler
                0x0000000008002b20                SAI1_IRQHandler
                0x0000000008002b20                DMA1_Stream3_IRQHandler
                0x0000000008002b20                RTC_TAMP_STAMP_CSS_LSE_IRQHandler
                0x0000000008002b20                BDMA2_Channel4_IRQHandler
 *fill*         0x0000000008002b22        0x2 
 .text.HAL_Init
                0x0000000008002b24       0x78 ./Drivers/STM32H7xx_HAL_Driver/Src/stm32h7xx_hal.o
                0x0000000008002b24                HAL_Init
 .text.HAL_InitTick
                0x0000000008002b9c       0x6c ./Drivers/STM32H7xx_HAL_Driver/Src/stm32h7xx_hal.o
                0x0000000008002b9c                HAL_InitTick
 .text.HAL_IncTick
                0x0000000008002c08       0x28 ./Drivers/STM32H7xx_HAL_Driver/Src/stm32h7xx_hal.o
                0x0000000008002c08                HAL_IncTick
 .text.HAL_GetTick
                0x0000000008002c30       0x18 ./Drivers/STM32H7xx_HAL_Driver/Src/stm32h7xx_hal.o
                0x0000000008002c30                HAL_GetTick
 .text.HAL_Delay
                0x0000000008002c48       0x48 ./Drivers/STM32H7xx_HAL_Driver/Src/stm32h7xx_hal.o
                0x0000000008002c48                HAL_Delay
 .text.LL_ADC_SetCommonClock
                0x0000000008002c90       0x26 ./Drivers/STM32H7xx_HAL_Driver/Src/stm32h7xx_hal_adc.o
 .text.LL_ADC_SetCommonPathInternalCh
                0x0000000008002cb6       0x26 ./Drivers/STM32H7xx_HAL_Driver/Src/stm32h7xx_hal_adc.o
 .text.LL_ADC_GetCommonPathInternalCh
                0x0000000008002cdc       0x1c ./Drivers/STM32H7xx_HAL_Driver/Src/stm32h7xx_hal_adc.o
 .text.LL_ADC_SetOffset
                0x0000000008002cf8       0x40 ./Drivers/STM32H7xx_HAL_Driver/Src/stm32h7xx_hal_adc.o
 .text.LL_ADC_SetDataRightShift
                0x0000000008002d38       0x32 ./Drivers/STM32H7xx_HAL_Driver/Src/stm32h7xx_hal_adc.o
 .text.LL_ADC_SetOffsetSignedSaturation
                0x0000000008002d6a       0x36 ./Drivers/STM32H7xx_HAL_Driver/Src/stm32h7xx_hal_adc.o
 .text.LL_ADC_REG_IsTriggerSourceSWStart
                0x0000000008002da0       0x26 ./Drivers/STM32H7xx_HAL_Driver/Src/stm32h7xx_hal_adc.o
 .text.LL_ADC_REG_SetSequencerRanks
                0x0000000008002dc6       0x58 ./Drivers/STM32H7xx_HAL_Driver/Src/stm32h7xx_hal_adc.o
 .text.LL_ADC_REG_SetDataTransferMode
                0x0000000008002e1e       0x26 ./Drivers/STM32H7xx_HAL_Driver/Src/stm32h7xx_hal_adc.o
 .text.LL_ADC_SetChannelSamplingTime
                0x0000000008002e44       0x56 ./Drivers/STM32H7xx_HAL_Driver/Src/stm32h7xx_hal_adc.o
 *fill*         0x0000000008002e9a        0x2 
 .text.LL_ADC_SetChannelSingleDiff
                0x0000000008002e9c       0x48 ./Drivers/STM32H7xx_HAL_Driver/Src/stm32h7xx_hal_adc.o
 .text.LL_ADC_GetMultimode
                0x0000000008002ee4       0x1c ./Drivers/STM32H7xx_HAL_Driver/Src/stm32h7xx_hal_adc.o
 .text.LL_ADC_DisableDeepPowerDown
                0x0000000008002f00       0x24 ./Drivers/STM32H7xx_HAL_Driver/Src/stm32h7xx_hal_adc.o
 .text.LL_ADC_IsDeepPowerDownEnabled
                0x0000000008002f24       0x28 ./Drivers/STM32H7xx_HAL_Driver/Src/stm32h7xx_hal_adc.o
 .text.LL_ADC_EnableInternalRegulator
                0x0000000008002f4c       0x28 ./Drivers/STM32H7xx_HAL_Driver/Src/stm32h7xx_hal_adc.o
 .text.LL_ADC_IsInternalRegulatorEnabled
                0x0000000008002f74       0x28 ./Drivers/STM32H7xx_HAL_Driver/Src/stm32h7xx_hal_adc.o
 .text.LL_ADC_Enable
                0x0000000008002f9c       0x28 ./Drivers/STM32H7xx_HAL_Driver/Src/stm32h7xx_hal_adc.o
 .text.LL_ADC_IsEnabled
                0x0000000008002fc4       0x26 ./Drivers/STM32H7xx_HAL_Driver/Src/stm32h7xx_hal_adc.o
 *fill*         0x0000000008002fea        0x2 
 .text.LL_ADC_REG_StartConversion
                0x0000000008002fec       0x28 ./Drivers/STM32H7xx_HAL_Driver/Src/stm32h7xx_hal_adc.o
 .text.LL_ADC_REG_IsConversionOngoing
                0x0000000008003014       0x26 ./Drivers/STM32H7xx_HAL_Driver/Src/stm32h7xx_hal_adc.o
 .text.LL_ADC_INJ_IsConversionOngoing
                0x000000000800303a       0x26 ./Drivers/STM32H7xx_HAL_Driver/Src/stm32h7xx_hal_adc.o
 .text.HAL_ADC_Init
                0x0000000008003060      0x2b4 ./Drivers/STM32H7xx_HAL_Driver/Src/stm32h7xx_hal_adc.o
                0x0000000008003060                HAL_ADC_Init
 .text.HAL_ADC_Start_DMA
                0x0000000008003314      0x168 ./Drivers/STM32H7xx_HAL_Driver/Src/stm32h7xx_hal_adc.o
                0x0000000008003314                HAL_ADC_Start_DMA
 .text.HAL_ADC_ErrorCallback
                0x000000000800347c       0x14 ./Drivers/STM32H7xx_HAL_Driver/Src/stm32h7xx_hal_adc.o
                0x000000000800347c                HAL_ADC_ErrorCallback
 .text.HAL_ADC_ConfigChannel
                0x0000000008003490      0x5cc ./Drivers/STM32H7xx_HAL_Driver/Src/stm32h7xx_hal_adc.o
                0x0000000008003490                HAL_ADC_ConfigChannel
 .text.ADC_Enable
                0x0000000008003a5c       0xf8 ./Drivers/STM32H7xx_HAL_Driver/Src/stm32h7xx_hal_adc.o
                0x0000000008003a5c                ADC_Enable
 .text.ADC_DMAConvCplt
                0x0000000008003b54       0xd8 ./Drivers/STM32H7xx_HAL_Driver/Src/stm32h7xx_hal_adc.o
                0x0000000008003b54                ADC_DMAConvCplt
 .text.ADC_DMAHalfConvCplt
                0x0000000008003c2c       0x1c ./Drivers/STM32H7xx_HAL_Driver/Src/stm32h7xx_hal_adc.o
                0x0000000008003c2c                ADC_DMAHalfConvCplt
 .text.ADC_DMAError
                0x0000000008003c48       0x34 ./Drivers/STM32H7xx_HAL_Driver/Src/stm32h7xx_hal_adc.o
                0x0000000008003c48                ADC_DMAError
 .text.ADC_ConfigureBoostMode
                0x0000000008003c7c      0x198 ./Drivers/STM32H7xx_HAL_Driver/Src/stm32h7xx_hal_adc.o
                0x0000000008003c7c                ADC_ConfigureBoostMode
 .text.LL_ADC_IsEnabled
                0x0000000008003e14       0x26 ./Drivers/STM32H7xx_HAL_Driver/Src/stm32h7xx_hal_adc_ex.o
 .text.LL_ADC_REG_IsConversionOngoing
                0x0000000008003e3a       0x26 ./Drivers/STM32H7xx_HAL_Driver/Src/stm32h7xx_hal_adc_ex.o
 .text.HAL_ADCEx_MultiModeConfigChannel
                0x0000000008003e60      0x138 ./Drivers/STM32H7xx_HAL_Driver/Src/stm32h7xx_hal_adc_ex.o
                0x0000000008003e60                HAL_ADCEx_MultiModeConfigChannel
 .text.__NVIC_SetPriorityGrouping
                0x0000000008003f98       0x48 ./Drivers/STM32H7xx_HAL_Driver/Src/stm32h7xx_hal_cortex.o
 .text.__NVIC_GetPriorityGrouping
                0x0000000008003fe0       0x1c ./Drivers/STM32H7xx_HAL_Driver/Src/stm32h7xx_hal_cortex.o
 .text.__NVIC_EnableIRQ
                0x0000000008003ffc       0x3c ./Drivers/STM32H7xx_HAL_Driver/Src/stm32h7xx_hal_cortex.o
 .text.__NVIC_SetPriority
                0x0000000008004038       0x54 ./Drivers/STM32H7xx_HAL_Driver/Src/stm32h7xx_hal_cortex.o
 .text.NVIC_EncodePriority
                0x000000000800408c       0x66 ./Drivers/STM32H7xx_HAL_Driver/Src/stm32h7xx_hal_cortex.o
 *fill*         0x00000000080040f2        0x2 
 .text.SysTick_Config
                0x00000000080040f4       0x44 ./Drivers/STM32H7xx_HAL_Driver/Src/stm32h7xx_hal_cortex.o
 .text.HAL_NVIC_SetPriorityGrouping
                0x0000000008004138       0x16 ./Drivers/STM32H7xx_HAL_Driver/Src/stm32h7xx_hal_cortex.o
                0x0000000008004138                HAL_NVIC_SetPriorityGrouping
 .text.HAL_NVIC_SetPriority
                0x000000000800414e       0x34 ./Drivers/STM32H7xx_HAL_Driver/Src/stm32h7xx_hal_cortex.o
                0x000000000800414e                HAL_NVIC_SetPriority
 .text.HAL_NVIC_EnableIRQ
                0x0000000008004182       0x1c ./Drivers/STM32H7xx_HAL_Driver/Src/stm32h7xx_hal_cortex.o
                0x0000000008004182                HAL_NVIC_EnableIRQ
 .text.HAL_SYSTICK_Config
                0x000000000800419e       0x18 ./Drivers/STM32H7xx_HAL_Driver/Src/stm32h7xx_hal_cortex.o
                0x000000000800419e                HAL_SYSTICK_Config
 .text.HAL_DAC_Init
                0x00000000080041b6       0x44 ./Drivers/STM32H7xx_HAL_Driver/Src/stm32h7xx_hal_dac.o
                0x00000000080041b6                HAL_DAC_Init
 *fill*         0x00000000080041fa        0x2 
 .text.HAL_DAC_Start_DMA
                0x00000000080041fc      0x198 ./Drivers/STM32H7xx_HAL_Driver/Src/stm32h7xx_hal_dac.o
                0x00000000080041fc                HAL_DAC_Start_DMA
 .text.HAL_DAC_ConvCpltCallbackCh1
                0x0000000008004394       0x14 ./Drivers/STM32H7xx_HAL_Driver/Src/stm32h7xx_hal_dac.o
                0x0000000008004394                HAL_DAC_ConvCpltCallbackCh1
 .text.HAL_DAC_ConvHalfCpltCallbackCh1
                0x00000000080043a8       0x14 ./Drivers/STM32H7xx_HAL_Driver/Src/stm32h7xx_hal_dac.o
                0x00000000080043a8                HAL_DAC_ConvHalfCpltCallbackCh1
 .text.HAL_DAC_ErrorCallbackCh1
                0x00000000080043bc       0x14 ./Drivers/STM32H7xx_HAL_Driver/Src/stm32h7xx_hal_dac.o
                0x00000000080043bc                HAL_DAC_ErrorCallbackCh1
 .text.HAL_DAC_ConfigChannel
                0x00000000080043d0      0x260 ./Drivers/STM32H7xx_HAL_Driver/Src/stm32h7xx_hal_dac.o
                0x00000000080043d0                HAL_DAC_ConfigChannel
 .text.DAC_DMAConvCpltCh1
                0x0000000008004630       0x22 ./Drivers/STM32H7xx_HAL_Driver/Src/stm32h7xx_hal_dac.o
                0x0000000008004630                DAC_DMAConvCpltCh1
 .text.DAC_DMAHalfConvCpltCh1
                0x0000000008004652       0x1c ./Drivers/STM32H7xx_HAL_Driver/Src/stm32h7xx_hal_dac.o
                0x0000000008004652                DAC_DMAHalfConvCpltCh1
 .text.DAC_DMAErrorCh1
                0x000000000800466e       0x2e ./Drivers/STM32H7xx_HAL_Driver/Src/stm32h7xx_hal_dac.o
                0x000000000800466e                DAC_DMAErrorCh1
 .text.HAL_DACEx_ConvCpltCallbackCh2
                0x000000000800469c       0x14 ./Drivers/STM32H7xx_HAL_Driver/Src/stm32h7xx_hal_dac_ex.o
                0x000000000800469c                HAL_DACEx_ConvCpltCallbackCh2
 .text.HAL_DACEx_ConvHalfCpltCallbackCh2
                0x00000000080046b0       0x14 ./Drivers/STM32H7xx_HAL_Driver/Src/stm32h7xx_hal_dac_ex.o
                0x00000000080046b0                HAL_DACEx_ConvHalfCpltCallbackCh2
 .text.HAL_DACEx_ErrorCallbackCh2
                0x00000000080046c4       0x14 ./Drivers/STM32H7xx_HAL_Driver/Src/stm32h7xx_hal_dac_ex.o
                0x00000000080046c4                HAL_DACEx_ErrorCallbackCh2
 .text.DAC_DMAConvCpltCh2
                0x00000000080046d8       0x22 ./Drivers/STM32H7xx_HAL_Driver/Src/stm32h7xx_hal_dac_ex.o
                0x00000000080046d8                DAC_DMAConvCpltCh2
 .text.DAC_DMAHalfConvCpltCh2
                0x00000000080046fa       0x1c ./Drivers/STM32H7xx_HAL_Driver/Src/stm32h7xx_hal_dac_ex.o
                0x00000000080046fa                DAC_DMAHalfConvCpltCh2
 .text.DAC_DMAErrorCh2
                0x0000000008004716       0x2e ./Drivers/STM32H7xx_HAL_Driver/Src/stm32h7xx_hal_dac_ex.o
                0x0000000008004716                DAC_DMAErrorCh2
 .text.HAL_DMA_Init
                0x0000000008004744      0x720 ./Drivers/STM32H7xx_HAL_Driver/Src/stm32h7xx_hal_dma.o
                0x0000000008004744                HAL_DMA_Init
 .text.HAL_DMA_Start_IT
                0x0000000008004e64      0x4d4 ./Drivers/STM32H7xx_HAL_Driver/Src/stm32h7xx_hal_dma.o
                0x0000000008004e64                HAL_DMA_Start_IT
 .text.HAL_DMA_IRQHandler
                0x0000000008005338      0xec4 ./Drivers/STM32H7xx_HAL_Driver/Src/stm32h7xx_hal_dma.o
                0x0000000008005338                HAL_DMA_IRQHandler
 .text.DMA_SetConfig
                0x00000000080061fc      0x3c8 ./Drivers/STM32H7xx_HAL_Driver/Src/stm32h7xx_hal_dma.o
 .text.DMA_CalcBaseAndBitshift
                0x00000000080065c4      0x164 ./Drivers/STM32H7xx_HAL_Driver/Src/stm32h7xx_hal_dma.o
 .text.DMA_CheckFifoParam
                0x0000000008006728       0xf8 ./Drivers/STM32H7xx_HAL_Driver/Src/stm32h7xx_hal_dma.o
 .text.DMA_CalcDMAMUXChannelBaseAndMask
                0x0000000008006820      0x134 ./Drivers/STM32H7xx_HAL_Driver/Src/stm32h7xx_hal_dma.o
 .text.DMA_CalcDMAMUXRequestGenBaseAndMask
                0x0000000008006954       0xe8 ./Drivers/STM32H7xx_HAL_Driver/Src/stm32h7xx_hal_dma.o
 .text.HAL_GPIO_Init
                0x0000000008006a3c      0x360 ./Drivers/STM32H7xx_HAL_Driver/Src/stm32h7xx_hal_gpio.o
                0x0000000008006a3c                HAL_GPIO_Init
 .text.HAL_GPIO_WritePin
                0x0000000008006d9c       0x32 ./Drivers/STM32H7xx_HAL_Driver/Src/stm32h7xx_hal_gpio.o
                0x0000000008006d9c                HAL_GPIO_WritePin
 .text.HAL_GPIO_EXTI_IRQHandler
                0x0000000008006dce       0x34 ./Drivers/STM32H7xx_HAL_Driver/Src/stm32h7xx_hal_gpio.o
                0x0000000008006dce                HAL_GPIO_EXTI_IRQHandler
 *fill*         0x0000000008006e02        0x2 
 .text.HAL_I2C_Init
                0x0000000008006e04      0x120 ./Drivers/STM32H7xx_HAL_Driver/Src/stm32h7xx_hal_i2c.o
                0x0000000008006e04                HAL_I2C_Init
 .text.HAL_I2C_Master_Transmit
                0x0000000008006f24      0x1e8 ./Drivers/STM32H7xx_HAL_Driver/Src/stm32h7xx_hal_i2c.o
                0x0000000008006f24                HAL_I2C_Master_Transmit
 .text.I2C_Flush_TXDR
                0x000000000800710c       0x48 ./Drivers/STM32H7xx_HAL_Driver/Src/stm32h7xx_hal_i2c.o
 .text.I2C_WaitOnFlagUntilTimeout
                0x0000000008007154       0x80 ./Drivers/STM32H7xx_HAL_Driver/Src/stm32h7xx_hal_i2c.o
 .text.I2C_WaitOnTXISFlagUntilTimeout
                0x00000000080071d4       0x80 ./Drivers/STM32H7xx_HAL_Driver/Src/stm32h7xx_hal_i2c.o
 .text.I2C_WaitOnSTOPFlagUntilTimeout
                0x0000000008007254       0x78 ./Drivers/STM32H7xx_HAL_Driver/Src/stm32h7xx_hal_i2c.o
 .text.I2C_IsErrorOccurred
                0x00000000080072cc      0x1d8 ./Drivers/STM32H7xx_HAL_Driver/Src/stm32h7xx_hal_i2c.o
 .text.I2C_TransferConfig
                0x00000000080074a4       0x64 ./Drivers/STM32H7xx_HAL_Driver/Src/stm32h7xx_hal_i2c.o
 .text.HAL_I2CEx_ConfigAnalogFilter
                0x0000000008007508       0x96 ./Drivers/STM32H7xx_HAL_Driver/Src/stm32h7xx_hal_i2c_ex.o
                0x0000000008007508                HAL_I2CEx_ConfigAnalogFilter
 .text.HAL_I2CEx_ConfigDigitalFilter
                0x000000000800759e       0x98 ./Drivers/STM32H7xx_HAL_Driver/Src/stm32h7xx_hal_i2c_ex.o
                0x000000000800759e                HAL_I2CEx_ConfigDigitalFilter
 *fill*         0x0000000008007636        0x2 
 .text.HAL_PWREx_ConfigSupply
                0x0000000008007638       0xb4 ./Drivers/STM32H7xx_HAL_Driver/Src/stm32h7xx_hal_pwr_ex.o
                0x0000000008007638                HAL_PWREx_ConfigSupply
 .text.HAL_RCC_OscConfig
                0x00000000080076ec      0x808 ./Drivers/STM32H7xx_HAL_Driver/Src/stm32h7xx_hal_rcc.o
                0x00000000080076ec                HAL_RCC_OscConfig
 .text.HAL_RCC_ClockConfig
                0x0000000008007ef4      0x36c ./Drivers/STM32H7xx_HAL_Driver/Src/stm32h7xx_hal_rcc.o
                0x0000000008007ef4                HAL_RCC_ClockConfig
 .text.HAL_RCC_GetSysClockFreq
                0x0000000008008260      0x2f4 ./Drivers/STM32H7xx_HAL_Driver/Src/stm32h7xx_hal_rcc.o
                0x0000000008008260                HAL_RCC_GetSysClockFreq
 .text.HAL_RCC_GetHCLKFreq
                0x0000000008008554       0x60 ./Drivers/STM32H7xx_HAL_Driver/Src/stm32h7xx_hal_rcc.o
                0x0000000008008554                HAL_RCC_GetHCLKFreq
 .text.HAL_RCCEx_PeriphCLKConfig
                0x00000000080085b4      0xe18 ./Drivers/STM32H7xx_HAL_Driver/Src/stm32h7xx_hal_rcc_ex.o
                0x00000000080085b4                HAL_RCCEx_PeriphCLKConfig
 .text.HAL_RCCEx_GetPeriphCLKFreq
                0x00000000080093cc      0x85c ./Drivers/STM32H7xx_HAL_Driver/Src/stm32h7xx_hal_rcc_ex.o
                0x00000000080093cc                HAL_RCCEx_GetPeriphCLKFreq
 .text.HAL_RCCEx_GetD3PCLK1Freq
                0x0000000008009c28       0x2c ./Drivers/STM32H7xx_HAL_Driver/Src/stm32h7xx_hal_rcc_ex.o
                0x0000000008009c28                HAL_RCCEx_GetD3PCLK1Freq
 .text.HAL_RCCEx_GetPLL2ClockFreq
                0x0000000008009c54      0x2a8 ./Drivers/STM32H7xx_HAL_Driver/Src/stm32h7xx_hal_rcc_ex.o
                0x0000000008009c54                HAL_RCCEx_GetPLL2ClockFreq
 .text.HAL_RCCEx_GetPLL3ClockFreq
                0x0000000008009efc      0x2a8 ./Drivers/STM32H7xx_HAL_Driver/Src/stm32h7xx_hal_rcc_ex.o
                0x0000000008009efc                HAL_RCCEx_GetPLL3ClockFreq
 .text.HAL_RCCEx_GetPLL1ClockFreq
                0x000000000800a1a4      0x2a4 ./Drivers/STM32H7xx_HAL_Driver/Src/stm32h7xx_hal_rcc_ex.o
                0x000000000800a1a4                HAL_RCCEx_GetPLL1ClockFreq
 .text.RCCEx_PLL2_Config
                0x000000000800a448      0x164 ./Drivers/STM32H7xx_HAL_Driver/Src/stm32h7xx_hal_rcc_ex.o
 .text.RCCEx_PLL3_Config
                0x000000000800a5ac      0x164 ./Drivers/STM32H7xx_HAL_Driver/Src/stm32h7xx_hal_rcc_ex.o
 .text.HAL_TIM_Base_Init
                0x000000000800a710       0xae ./Drivers/STM32H7xx_HAL_Driver/Src/stm32h7xx_hal_tim.o
                0x000000000800a710                HAL_TIM_Base_Init
 *fill*         0x000000000800a7be        0x2 
 .text.HAL_TIM_Base_Start
                0x000000000800a7c0       0xe0 ./Drivers/STM32H7xx_HAL_Driver/Src/stm32h7xx_hal_tim.o
                0x000000000800a7c0                HAL_TIM_Base_Start
 .text.HAL_TIM_Base_Start_IT
                0x000000000800a8a0       0xf0 ./Drivers/STM32H7xx_HAL_Driver/Src/stm32h7xx_hal_tim.o
                0x000000000800a8a0                HAL_TIM_Base_Start_IT
 .text.HAL_TIM_Encoder_Init
                0x000000000800a990      0x14c ./Drivers/STM32H7xx_HAL_Driver/Src/stm32h7xx_hal_tim.o
                0x000000000800a990                HAL_TIM_Encoder_Init
 .text.HAL_TIM_Encoder_Start_IT
                0x000000000800aadc      0x15c ./Drivers/STM32H7xx_HAL_Driver/Src/stm32h7xx_hal_tim.o
                0x000000000800aadc                HAL_TIM_Encoder_Start_IT
 .text.HAL_TIM_IRQHandler
                0x000000000800ac38      0x23e ./Drivers/STM32H7xx_HAL_Driver/Src/stm32h7xx_hal_tim.o
                0x000000000800ac38                HAL_TIM_IRQHandler
 *fill*         0x000000000800ae76        0x2 
 .text.HAL_TIM_ConfigClockSource
                0x000000000800ae78      0x1f0 ./Drivers/STM32H7xx_HAL_Driver/Src/stm32h7xx_hal_tim.o
                0x000000000800ae78                HAL_TIM_ConfigClockSource
 .text.HAL_TIM_OC_DelayElapsedCallback
                0x000000000800b068       0x14 ./Drivers/STM32H7xx_HAL_Driver/Src/stm32h7xx_hal_tim.o
                0x000000000800b068                HAL_TIM_OC_DelayElapsedCallback
 .text.HAL_TIM_IC_CaptureCallback
                0x000000000800b07c       0x14 ./Drivers/STM32H7xx_HAL_Driver/Src/stm32h7xx_hal_tim.o
                0x000000000800b07c                HAL_TIM_IC_CaptureCallback
 .text.HAL_TIM_PWM_PulseFinishedCallback
                0x000000000800b090       0x14 ./Drivers/STM32H7xx_HAL_Driver/Src/stm32h7xx_hal_tim.o
                0x000000000800b090                HAL_TIM_PWM_PulseFinishedCallback
 .text.HAL_TIM_TriggerCallback
                0x000000000800b0a4       0x14 ./Drivers/STM32H7xx_HAL_Driver/Src/stm32h7xx_hal_tim.o
                0x000000000800b0a4                HAL_TIM_TriggerCallback
 .text.TIM_Base_SetConfig
                0x000000000800b0b8      0x134 ./Drivers/STM32H7xx_HAL_Driver/Src/stm32h7xx_hal_tim.o
                0x000000000800b0b8                TIM_Base_SetConfig
 .text.TIM_TI1_ConfigInputStage
                0x000000000800b1ec       0x5e ./Drivers/STM32H7xx_HAL_Driver/Src/stm32h7xx_hal_tim.o
 .text.TIM_TI2_ConfigInputStage
                0x000000000800b24a       0x60 ./Drivers/STM32H7xx_HAL_Driver/Src/stm32h7xx_hal_tim.o
 *fill*         0x000000000800b2aa        0x2 
 .text.TIM_ITRx_SetConfig
                0x000000000800b2ac       0x3c ./Drivers/STM32H7xx_HAL_Driver/Src/stm32h7xx_hal_tim.o
 .text.TIM_ETR_SetConfig
                0x000000000800b2e8       0x40 ./Drivers/STM32H7xx_HAL_Driver/Src/stm32h7xx_hal_tim.o
                0x000000000800b2e8                TIM_ETR_SetConfig
 .text.TIM_CCxChannelCmd
                0x000000000800b328       0x4a ./Drivers/STM32H7xx_HAL_Driver/Src/stm32h7xx_hal_tim.o
                0x000000000800b328                TIM_CCxChannelCmd
 *fill*         0x000000000800b372        0x2 
 .text.HAL_TIMEx_MasterConfigSynchronization
                0x000000000800b374      0x11c ./Drivers/STM32H7xx_HAL_Driver/Src/stm32h7xx_hal_tim_ex.o
                0x000000000800b374                HAL_TIMEx_MasterConfigSynchronization
 .text.HAL_TIMEx_CommutCallback
                0x000000000800b490       0x14 ./Drivers/STM32H7xx_HAL_Driver/Src/stm32h7xx_hal_tim_ex.o
                0x000000000800b490                HAL_TIMEx_CommutCallback
 .text.HAL_TIMEx_BreakCallback
                0x000000000800b4a4       0x14 ./Drivers/STM32H7xx_HAL_Driver/Src/stm32h7xx_hal_tim_ex.o
                0x000000000800b4a4                HAL_TIMEx_BreakCallback
 .text.HAL_TIMEx_Break2Callback
                0x000000000800b4b8       0x14 ./Drivers/STM32H7xx_HAL_Driver/Src/stm32h7xx_hal_tim_ex.o
                0x000000000800b4b8                HAL_TIMEx_Break2Callback
 .text.__errno  0x000000000800b4cc        0xc c:/st/stm32cubeide_1.9.0/stm32cubeide/plugins/com.st.stm32cube.ide.mcu.externaltools.gnu-tools-for-stm32.10.3-2021.10.win32_1.0.0.202111181127/tools/bin/../lib/gcc/arm-none-eabi/10.3.1/../../../../arm-none-eabi/lib/thumb/v7e-m+dp/hard\libc_nano.a(lib_a-errno.o)
                0x000000000800b4cc                __errno
 .text.__libc_init_array
                0x000000000800b4d8       0x48 c:/st/stm32cubeide_1.9.0/stm32cubeide/plugins/com.st.stm32cube.ide.mcu.externaltools.gnu-tools-for-stm32.10.3-2021.10.win32_1.0.0.202111181127/tools/bin/../lib/gcc/arm-none-eabi/10.3.1/../../../../arm-none-eabi/lib/thumb/v7e-m+dp/hard\libc_nano.a(lib_a-init.o)
                0x000000000800b4d8                __libc_init_array
 .text.malloc   0x000000000800b520       0x10 c:/st/stm32cubeide_1.9.0/stm32cubeide/plugins/com.st.stm32cube.ide.mcu.externaltools.gnu-tools-for-stm32.10.3-2021.10.win32_1.0.0.202111181127/tools/bin/../lib/gcc/arm-none-eabi/10.3.1/../../../../arm-none-eabi/lib/thumb/v7e-m+dp/hard\libc_nano.a(lib_a-malloc.o)
                0x000000000800b520                malloc
 .text.free     0x000000000800b530       0x10 c:/st/stm32cubeide_1.9.0/stm32cubeide/plugins/com.st.stm32cube.ide.mcu.externaltools.gnu-tools-for-stm32.10.3-2021.10.win32_1.0.0.202111181127/tools/bin/../lib/gcc/arm-none-eabi/10.3.1/../../../../arm-none-eabi/lib/thumb/v7e-m+dp/hard\libc_nano.a(lib_a-malloc.o)
                0x000000000800b530                free
 .text.memset   0x000000000800b540       0x10 c:/st/stm32cubeide_1.9.0/stm32cubeide/plugins/com.st.stm32cube.ide.mcu.externaltools.gnu-tools-for-stm32.10.3-2021.10.win32_1.0.0.202111181127/tools/bin/../lib/gcc/arm-none-eabi/10.3.1/../../../../arm-none-eabi/lib/thumb/v7e-m+dp/hard\libc_nano.a(lib_a-memset.o)
                0x000000000800b540                memset
 .text._free_r  0x000000000800b550       0x98 c:/st/stm32cubeide_1.9.0/stm32cubeide/plugins/com.st.stm32cube.ide.mcu.externaltools.gnu-tools-for-stm32.10.3-2021.10.win32_1.0.0.202111181127/tools/bin/../lib/gcc/arm-none-eabi/10.3.1/../../../../arm-none-eabi/lib/thumb/v7e-m+dp/hard\libc_nano.a(lib_a-nano-freer.o)
                0x000000000800b550                _free_r
 .text.sbrk_aligned
                0x000000000800b5e8       0x40 c:/st/stm32cubeide_1.9.0/stm32cubeide/plugins/com.st.stm32cube.ide.mcu.externaltools.gnu-tools-for-stm32.10.3-2021.10.win32_1.0.0.202111181127/tools/bin/../lib/gcc/arm-none-eabi/10.3.1/../../../../arm-none-eabi/lib/thumb/v7e-m+dp/hard\libc_nano.a(lib_a-nano-mallocr.o)
 .text._malloc_r
                0x000000000800b628       0xe8 c:/st/stm32cubeide_1.9.0/stm32cubeide/plugins/com.st.stm32cube.ide.mcu.externaltools.gnu-tools-for-stm32.10.3-2021.10.win32_1.0.0.202111181127/tools/bin/../lib/gcc/arm-none-eabi/10.3.1/../../../../arm-none-eabi/lib/thumb/v7e-m+dp/hard\libc_nano.a(lib_a-nano-mallocr.o)
                0x000000000800b628                _malloc_r
 .text._sbrk_r  0x000000000800b710       0x20 c:/st/stm32cubeide_1.9.0/stm32cubeide/plugins/com.st.stm32cube.ide.mcu.externaltools.gnu-tools-for-stm32.10.3-2021.10.win32_1.0.0.202111181127/tools/bin/../lib/gcc/arm-none-eabi/10.3.1/../../../../arm-none-eabi/lib/thumb/v7e-m+dp/hard\libc_nano.a(lib_a-sbrkr.o)
                0x000000000800b710                _sbrk_r
 .text.__malloc_lock
                0x000000000800b730        0xc c:/st/stm32cubeide_1.9.0/stm32cubeide/plugins/com.st.stm32cube.ide.mcu.externaltools.gnu-tools-for-stm32.10.3-2021.10.win32_1.0.0.202111181127/tools/bin/../lib/gcc/arm-none-eabi/10.3.1/../../../../arm-none-eabi/lib/thumb/v7e-m+dp/hard\libc_nano.a(lib_a-mlock.o)
                0x000000000800b730                __malloc_lock
 .text.__malloc_unlock
                0x000000000800b73c        0xc c:/st/stm32cubeide_1.9.0/stm32cubeide/plugins/com.st.stm32cube.ide.mcu.externaltools.gnu-tools-for-stm32.10.3-2021.10.win32_1.0.0.202111181127/tools/bin/../lib/gcc/arm-none-eabi/10.3.1/../../../../arm-none-eabi/lib/thumb/v7e-m+dp/hard\libc_nano.a(lib_a-mlock.o)
                0x000000000800b73c                __malloc_unlock
 .text.__retarget_lock_acquire_recursive
                0x000000000800b748        0x2 c:/st/stm32cubeide_1.9.0/stm32cubeide/plugins/com.st.stm32cube.ide.mcu.externaltools.gnu-tools-for-stm32.10.3-2021.10.win32_1.0.0.202111181127/tools/bin/../lib/gcc/arm-none-eabi/10.3.1/../../../../arm-none-eabi/lib/thumb/v7e-m+dp/hard\libc_nano.a(lib_a-lock.o)
                0x000000000800b748                __retarget_lock_acquire_recursive
 .text.__retarget_lock_release_recursive
                0x000000000800b74a        0x2 c:/st/stm32cubeide_1.9.0/stm32cubeide/plugins/com.st.stm32cube.ide.mcu.externaltools.gnu-tools-for-stm32.10.3-2021.10.win32_1.0.0.202111181127/tools/bin/../lib/gcc/arm-none-eabi/10.3.1/../../../../arm-none-eabi/lib/thumb/v7e-m+dp/hard\libc_nano.a(lib_a-lock.o)
                0x000000000800b74a                __retarget_lock_release_recursive
 .text.floorf   0x000000000800b74c       0x84 c:/st/stm32cubeide_1.9.0/stm32cubeide/plugins/com.st.stm32cube.ide.mcu.externaltools.gnu-tools-for-stm32.10.3-2021.10.win32_1.0.0.202111181127/tools/bin/../lib/gcc/arm-none-eabi/10.3.1/../../../../arm-none-eabi/lib/thumb/v7e-m+dp/hard\libm.a(lib_a-sf_floor.o)
                0x000000000800b74c                floorf
 .text.sinf_poly
                0x000000000800b7d0       0x54 c:/st/stm32cubeide_1.9.0/stm32cubeide/plugins/com.st.stm32cube.ide.mcu.externaltools.gnu-tools-for-stm32.10.3-2021.10.win32_1.0.0.202111181127/tools/bin/../lib/gcc/arm-none-eabi/10.3.1/../../../../arm-none-eabi/lib/thumb/v7e-m+dp/hard\libm.a(lib_a-sinf.o)
 *fill*         0x000000000800b824        0x4 
 .text.sinf     0x000000000800b828      0x130 c:/st/stm32cubeide_1.9.0/stm32cubeide/plugins/com.st.stm32cube.ide.mcu.externaltools.gnu-tools-for-stm32.10.3-2021.10.win32_1.0.0.202111181127/tools/bin/../lib/gcc/arm-none-eabi/10.3.1/../../../../arm-none-eabi/lib/thumb/v7e-m+dp/hard\libm.a(lib_a-sinf.o)
                0x000000000800b828                sinf
 .text.with_errnof
                0x000000000800b958       0x16 c:/st/stm32cubeide_1.9.0/stm32cubeide/plugins/com.st.stm32cube.ide.mcu.externaltools.gnu-tools-for-stm32.10.3-2021.10.win32_1.0.0.202111181127/tools/bin/../lib/gcc/arm-none-eabi/10.3.1/../../../../arm-none-eabi/lib/thumb/v7e-m+dp/hard\libm.a(lib_a-math_errf.o)
 .text.__math_invalidf
                0x000000000800b96e       0x1e c:/st/stm32cubeide_1.9.0/stm32cubeide/plugins/com.st.stm32cube.ide.mcu.externaltools.gnu-tools-for-stm32.10.3-2021.10.win32_1.0.0.202111181127/tools/bin/../lib/gcc/arm-none-eabi/10.3.1/../../../../arm-none-eabi/lib/thumb/v7e-m+dp/hard\libm.a(lib_a-math_errf.o)
                0x000000000800b96e                __math_invalidf
 *(.glue_7)
 .glue_7        0x000000000800b98c        0x0 linker stubs
 *(.glue_7t)
 .glue_7t       0x000000000800b98c        0x0 linker stubs
 *(.eh_frame)
 .eh_frame      0x000000000800b98c        0x0 c:/st/stm32cubeide_1.9.0/stm32cubeide/plugins/com.st.stm32cube.ide.mcu.externaltools.gnu-tools-for-stm32.10.3-2021.10.win32_1.0.0.202111181127/tools/bin/../lib/gcc/arm-none-eabi/10.3.1/thumb/v7e-m+dp/hard/crtbegin.o
 *(.init)
 .init          0x000000000800b98c        0x4 c:/st/stm32cubeide_1.9.0/stm32cubeide/plugins/com.st.stm32cube.ide.mcu.externaltools.gnu-tools-for-stm32.10.3-2021.10.win32_1.0.0.202111181127/tools/bin/../lib/gcc/arm-none-eabi/10.3.1/thumb/v7e-m+dp/hard/crti.o
                0x000000000800b98c                _init
 .init          0x000000000800b990        0x8 c:/st/stm32cubeide_1.9.0/stm32cubeide/plugins/com.st.stm32cube.ide.mcu.externaltools.gnu-tools-for-stm32.10.3-2021.10.win32_1.0.0.202111181127/tools/bin/../lib/gcc/arm-none-eabi/10.3.1/thumb/v7e-m+dp/hard/crtn.o
 *(.fini)
 .fini          0x000000000800b998        0x4 c:/st/stm32cubeide_1.9.0/stm32cubeide/plugins/com.st.stm32cube.ide.mcu.externaltools.gnu-tools-for-stm32.10.3-2021.10.win32_1.0.0.202111181127/tools/bin/../lib/gcc/arm-none-eabi/10.3.1/thumb/v7e-m+dp/hard/crti.o
                0x000000000800b998                _fini
 .fini          0x000000000800b99c        0x8 c:/st/stm32cubeide_1.9.0/stm32cubeide/plugins/com.st.stm32cube.ide.mcu.externaltools.gnu-tools-for-stm32.10.3-2021.10.win32_1.0.0.202111181127/tools/bin/../lib/gcc/arm-none-eabi/10.3.1/thumb/v7e-m+dp/hard/crtn.o
                0x000000000800b9a4                . = ALIGN (0x4)
                0x000000000800b9a4                _etext = .

.vfp11_veneer   0x000000000800b9a4        0x0
 .vfp11_veneer  0x000000000800b9a4        0x0 linker stubs

.v4_bx          0x000000000800b9a4        0x0
 .v4_bx         0x000000000800b9a4        0x0 linker stubs

.iplt           0x000000000800b9a4        0x0
 .iplt          0x000000000800b9a4        0x0 c:/st/stm32cubeide_1.9.0/stm32cubeide/plugins/com.st.stm32cube.ide.mcu.externaltools.gnu-tools-for-stm32.10.3-2021.10.win32_1.0.0.202111181127/tools/bin/../lib/gcc/arm-none-eabi/10.3.1/thumb/v7e-m+dp/hard/crtbegin.o

.rodata         0x000000000800b9a8      0x1c8
                0x000000000800b9a8                . = ALIGN (0x4)
 *(.rodata)
 .rodata        0x000000000800b9a8       0x6d ./Core/Src/main.o
 *(.rodata*)
 *fill*         0x000000000800ba15        0x3 
 .rodata.D1CorePrescTable
                0x000000000800ba18       0x10 ./Core/Src/system_stm32h7xx.o
                0x000000000800ba18                D1CorePrescTable
 .rodata.flagBitshiftOffset.0
                0x000000000800ba28        0x8 ./Drivers/STM32H7xx_HAL_Driver/Src/stm32h7xx_hal_dma.o
 .rodata.__inv_pio4
                0x000000000800ba30       0x60 c:/st/stm32cubeide_1.9.0/stm32cubeide/plugins/com.st.stm32cube.ide.mcu.externaltools.gnu-tools-for-stm32.10.3-2021.10.win32_1.0.0.202111181127/tools/bin/../lib/gcc/arm-none-eabi/10.3.1/../../../../arm-none-eabi/lib/thumb/v7e-m+dp/hard\libm.a(lib_a-sincosf_data.o)
                0x000000000800ba30                __inv_pio4
 .rodata.__sincosf_table
                0x000000000800ba90       0xe0 c:/st/stm32cubeide_1.9.0/stm32cubeide/plugins/com.st.stm32cube.ide.mcu.externaltools.gnu-tools-for-stm32.10.3-2021.10.win32_1.0.0.202111181127/tools/bin/../lib/gcc/arm-none-eabi/10.3.1/../../../../arm-none-eabi/lib/thumb/v7e-m+dp/hard\libm.a(lib_a-sincosf_data.o)
                0x000000000800ba90                __sincosf_table
                0x000000000800bb70                . = ALIGN (0x4)

.rel.dyn        0x000000000800bb70        0x0
 .rel.iplt      0x000000000800bb70        0x0 c:/st/stm32cubeide_1.9.0/stm32cubeide/plugins/com.st.stm32cube.ide.mcu.externaltools.gnu-tools-for-stm32.10.3-2021.10.win32_1.0.0.202111181127/tools/bin/../lib/gcc/arm-none-eabi/10.3.1/thumb/v7e-m+dp/hard/crtbegin.o

.ARM.extab
 *(.ARM.extab* .gnu.linkonce.armextab.*)

.ARM            0x000000000800bb70        0x0
                0x000000000800bb70                __exidx_start = .
 *(.ARM.exidx*)
                0x000000000800bb70                __exidx_end = .

.preinit_array  0x000000000800bb70        0x0
                0x000000000800bb70                PROVIDE (__preinit_array_start = .)
 *(.preinit_array*)
                0x000000000800bb70                PROVIDE (__preinit_array_end = .)

.init_array     0x000000000800bb70        0x4
                0x000000000800bb70                PROVIDE (__init_array_start = .)
 *(SORT_BY_NAME(.init_array.*))
 *(.init_array*)
 .init_array    0x000000000800bb70        0x4 c:/st/stm32cubeide_1.9.0/stm32cubeide/plugins/com.st.stm32cube.ide.mcu.externaltools.gnu-tools-for-stm32.10.3-2021.10.win32_1.0.0.202111181127/tools/bin/../lib/gcc/arm-none-eabi/10.3.1/thumb/v7e-m+dp/hard/crtbegin.o
                0x000000000800bb74                PROVIDE (__init_array_end = .)

.fini_array     0x000000000800bb74        0x4
                [!provide]                        PROVIDE (__fini_array_start = .)
 *(SORT_BY_NAME(.fini_array.*))
 *(.fini_array*)
 .fini_array    0x000000000800bb74        0x4 c:/st/stm32cubeide_1.9.0/stm32cubeide/plugins/com.st.stm32cube.ide.mcu.externaltools.gnu-tools-for-stm32.10.3-2021.10.win32_1.0.0.202111181127/tools/bin/../lib/gcc/arm-none-eabi/10.3.1/thumb/v7e-m+dp/hard/crtbegin.o
                [!provide]                        PROVIDE (__fini_array_end = .)
                0x000000000800bb78                _sidata = LOADADDR (.data)

.data           0x0000000024000000       0x78 load address 0x000000000800bb78
                0x0000000024000000                . = ALIGN (0x4)
                0x0000000024000000                _sdata = .
 *(.data)
 *(.data*)
 .data.effectReady
                0x0000000024000000        0x1 ./Core/Src/main.o
                0x0000000024000000                effectReady
 .data.encoderDirection
                0x0000000024000001        0x1 ./Core/Src/main.o
                0x0000000024000001                encoderDirection
 *fill*         0x0000000024000002        0x2 
 .data.SystemCoreClock
                0x0000000024000004        0x4 ./Core/Src/system_stm32h7xx.o
                0x0000000024000004                SystemCoreClock
 .data.SystemD2Clock
                0x0000000024000008        0x4 ./Core/Src/system_stm32h7xx.o
                0x0000000024000008                SystemD2Clock
 .data.uwTickPrio
                0x000000002400000c        0x4 ./Drivers/STM32H7xx_HAL_Driver/Src/stm32h7xx_hal.o
                0x000000002400000c                uwTickPrio
 .data.uwTickFreq
                0x0000000024000010        0x1 ./Drivers/STM32H7xx_HAL_Driver/Src/stm32h7xx_hal.o
                0x0000000024000010                uwTickFreq
 *fill*         0x0000000024000011        0x3 
 .data._impure_ptr
                0x0000000024000014        0x4 c:/st/stm32cubeide_1.9.0/stm32cubeide/plugins/com.st.stm32cube.ide.mcu.externaltools.gnu-tools-for-stm32.10.3-2021.10.win32_1.0.0.202111181127/tools/bin/../lib/gcc/arm-none-eabi/10.3.1/../../../../arm-none-eabi/lib/thumb/v7e-m+dp/hard\libc_nano.a(lib_a-impure.o)
                0x0000000024000014                _impure_ptr
 .data.impure_data
                0x0000000024000018       0x60 c:/st/stm32cubeide_1.9.0/stm32cubeide/plugins/com.st.stm32cube.ide.mcu.externaltools.gnu-tools-for-stm32.10.3-2021.10.win32_1.0.0.202111181127/tools/bin/../lib/gcc/arm-none-eabi/10.3.1/../../../../arm-none-eabi/lib/thumb/v7e-m+dp/hard\libc_nano.a(lib_a-impure.o)
 *(.RamFunc)
 *(.RamFunc*)
                0x0000000024000078                . = ALIGN (0x4)
                0x0000000024000078                _edata = .

.igot.plt       0x0000000024000078        0x0 load address 0x000000000800bbf0
 .igot.plt      0x0000000024000078        0x0 c:/st/stm32cubeide_1.9.0/stm32cubeide/plugins/com.st.stm32cube.ide.mcu.externaltools.gnu-tools-for-stm32.10.3-2021.10.win32_1.0.0.202111181127/tools/bin/../lib/gcc/arm-none-eabi/10.3.1/thumb/v7e-m+dp/hard/crtbegin.o
                0x0000000024000078                . = ALIGN (0x4)

.bss            0x0000000024000078      0xc30 load address 0x000000000800bbf0
                0x0000000024000078                _sbss = .
                0x0000000024000078                __bss_start__ = _sbss
 *(.bss)
 .bss           0x0000000024000078       0x1c c:/st/stm32cubeide_1.9.0/stm32cubeide/plugins/com.st.stm32cube.ide.mcu.externaltools.gnu-tools-for-stm32.10.3-2021.10.win32_1.0.0.202111181127/tools/bin/../lib/gcc/arm-none-eabi/10.3.1/thumb/v7e-m+dp/hard/crtbegin.o
 *(.bss*)
 .bss.chorus    0x0000000024000094        0x4 ./Core/Src/ChorusEffect.o
                0x0000000024000094                chorus
 .bss.delay     0x0000000024000098        0x4 ./Core/Src/DelayEffect.o
                0x0000000024000098                delay
 .bss.tremolo   0x000000002400009c        0x4 ./Core/Src/TremoloEffect.o
                0x000000002400009c                tremolo
 .bss.hadc1     0x00000000240000a0       0x64 ./Core/Src/adc.o
                0x00000000240000a0                hadc1
 .bss.hadc2     0x0000000024000104       0x64 ./Core/Src/adc.o
                0x0000000024000104                hadc2
 .bss.hdma_adc1
                0x0000000024000168       0x78 ./Core/Src/adc.o
                0x0000000024000168                hdma_adc1
 .bss.hdma_adc2
                0x00000000240001e0       0x78 ./Core/Src/adc.o
                0x00000000240001e0                hdma_adc2
 .bss.HAL_RCC_ADC12_CLK_ENABLED
                0x0000000024000258        0x4 ./Core/Src/adc.o
 .bss.hdac1     0x000000002400025c       0x14 ./Core/Src/dac.o
                0x000000002400025c                hdac1
 .bss.hdma_dac1_ch1
                0x0000000024000270       0x78 ./Core/Src/dac.o
                0x0000000024000270                hdma_dac1_ch1
 .bss.hi2c2     0x00000000240002e8       0x4c ./Core/Src/i2c.o
                0x00000000240002e8                hi2c2
 .bss.adcData   0x0000000024000334      0x400 ./Core/Src/main.o
                0x0000000024000334                adcData
 .bss.dacData   0x0000000024000734      0x400 ./Core/Src/main.o
                0x0000000024000734                dacData
 .bss.adc2Data  0x0000000024000b34        0x6 ./Core/Src/main.o
                0x0000000024000b34                adc2Data
 *fill*         0x0000000024000b3a        0x2 
 .bss.inBuffPtr
                0x0000000024000b3c        0x4 ./Core/Src/main.o
 .bss.outBuffPtr
                0x0000000024000b40        0x4 ./Core/Src/main.o
 .bss.dataReady
                0x0000000024000b44        0x1 ./Core/Src/main.o
                0x0000000024000b44                dataReady
 .bss.currentEffect
                0x0000000024000b45        0x1 ./Core/Src/main.o
                0x0000000024000b45                currentEffect
 *fill*         0x0000000024000b46        0x2 
 .bss.counterOld
                0x0000000024000b48        0x4 ./Core/Src/main.o
                0x0000000024000b48                counterOld
 .bss.triggerChange
                0x0000000024000b4c        0x1 ./Core/Src/main.o
                0x0000000024000b4c                triggerChange
 *fill*         0x0000000024000b4d        0x3 
 .bss.in.3      0x0000000024000b50        0x4 ./Core/Src/main.o
 .bss.out.2     0x0000000024000b54        0x4 ./Core/Src/main.o
 .bss.in.1      0x0000000024000b58        0x4 ./Core/Src/main.o
 .bss.out.0     0x0000000024000b5c        0x4 ./Core/Src/main.o
 .bss.__sbrk_heap_end
                0x0000000024000b60        0x4 ./Core/Src/sysmem.o
 .bss.htim1     0x0000000024000b64       0x4c ./Core/Src/tim.o
                0x0000000024000b64                htim1
 .bss.htim3     0x0000000024000bb0       0x4c ./Core/Src/tim.o
                0x0000000024000bb0                htim3
 .bss.htim4     0x0000000024000bfc       0x4c ./Core/Src/tim.o
                0x0000000024000bfc                htim4
 .bss.htim6     0x0000000024000c48       0x4c ./Core/Src/tim.o
                0x0000000024000c48                htim6
 .bss.uwTick    0x0000000024000c94        0x4 ./Drivers/STM32H7xx_HAL_Driver/Src/stm32h7xx_hal.o
                0x0000000024000c94                uwTick
 .bss.__malloc_free_list
                0x0000000024000c98        0x4 c:/st/stm32cubeide_1.9.0/stm32cubeide/plugins/com.st.stm32cube.ide.mcu.externaltools.gnu-tools-for-stm32.10.3-2021.10.win32_1.0.0.202111181127/tools/bin/../lib/gcc/arm-none-eabi/10.3.1/../../../../arm-none-eabi/lib/thumb/v7e-m+dp/hard\libc_nano.a(lib_a-nano-mallocr.o)
                0x0000000024000c98                __malloc_free_list
 .bss.__malloc_sbrk_start
                0x0000000024000c9c        0x4 c:/st/stm32cubeide_1.9.0/stm32cubeide/plugins/com.st.stm32cube.ide.mcu.externaltools.gnu-tools-for-stm32.10.3-2021.10.win32_1.0.0.202111181127/tools/bin/../lib/gcc/arm-none-eabi/10.3.1/../../../../arm-none-eabi/lib/thumb/v7e-m+dp/hard\libc_nano.a(lib_a-nano-mallocr.o)
                0x0000000024000c9c                __malloc_sbrk_start
 .bss.errno     0x0000000024000ca0        0x4 c:/st/stm32cubeide_1.9.0/stm32cubeide/plugins/com.st.stm32cube.ide.mcu.externaltools.gnu-tools-for-stm32.10.3-2021.10.win32_1.0.0.202111181127/tools/bin/../lib/gcc/arm-none-eabi/10.3.1/../../../../arm-none-eabi/lib/thumb/v7e-m+dp/hard\libc_nano.a(lib_a-reent.o)
                0x0000000024000ca0                errno
 .bss.__lock___malloc_recursive_mutex
                0x0000000024000ca4        0x1 c:/st/stm32cubeide_1.9.0/stm32cubeide/plugins/com.st.stm32cube.ide.mcu.externaltools.gnu-tools-for-stm32.10.3-2021.10.win32_1.0.0.202111181127/tools/bin/../lib/gcc/arm-none-eabi/10.3.1/../../../../arm-none-eabi/lib/thumb/v7e-m+dp/hard\libc_nano.a(lib_a-lock.o)
                0x0000000024000ca4                __lock___malloc_recursive_mutex
 *(COMMON)
                0x0000000024000ca8                . = ALIGN (0x4)
 *fill*         0x0000000024000ca5        0x3 
                0x0000000024000ca8                _ebss = .
                0x0000000024000ca8                __bss_end__ = _ebss

._user_heap_stack
                0x0000000024000ca8      0x600 load address 0x000000000800bbf0
                0x0000000024000ca8                . = ALIGN (0x8)
                [!provide]                        PROVIDE (end = .)
                0x0000000024000ca8                PROVIDE (_end = .)
                0x0000000024000ea8                . = (. + _Min_Heap_Size)
 *fill*         0x0000000024000ca8      0x200 
                0x00000000240012a8                . = (. + _Min_Stack_Size)
 *fill*         0x0000000024000ea8      0x400 
                0x00000000240012a8                . = ALIGN (0x8)

/DISCARD/
 libc.a(*)
 libm.a(*)
 libgcc.a(*)

.ARM.attributes
                0x0000000000000000       0x2e
 *(.ARM.attributes)
 .ARM.attributes
                0x0000000000000000       0x1e c:/st/stm32cubeide_1.9.0/stm32cubeide/plugins/com.st.stm32cube.ide.mcu.externaltools.gnu-tools-for-stm32.10.3-2021.10.win32_1.0.0.202111181127/tools/bin/../lib/gcc/arm-none-eabi/10.3.1/thumb/v7e-m+dp/hard/crti.o
 .ARM.attributes
                0x000000000000001e       0x32 c:/st/stm32cubeide_1.9.0/stm32cubeide/plugins/com.st.stm32cube.ide.mcu.externaltools.gnu-tools-for-stm32.10.3-2021.10.win32_1.0.0.202111181127/tools/bin/../lib/gcc/arm-none-eabi/10.3.1/thumb/v7e-m+dp/hard/crtbegin.o
 .ARM.attributes
                0x0000000000000050       0x32 ./Core/Src/ChorusEffect.o
 .ARM.attributes
                0x0000000000000082       0x32 ./Core/Src/DelayEffect.o
 .ARM.attributes
                0x00000000000000b4       0x32 ./Core/Src/TremoloEffect.o
 .ARM.attributes
                0x00000000000000e6       0x32 ./Core/Src/adc.o
 .ARM.attributes
                0x0000000000000118       0x32 ./Core/Src/dac.o
 .ARM.attributes
                0x000000000000014a       0x32 ./Core/Src/dma.o
 .ARM.attributes
                0x000000000000017c       0x32 ./Core/Src/gpio.o
 .ARM.attributes
                0x00000000000001ae       0x32 ./Core/Src/i2c-lcd.o
 .ARM.attributes
                0x00000000000001e0       0x32 ./Core/Src/i2c.o
 .ARM.attributes
                0x0000000000000212       0x32 ./Core/Src/main.o
 .ARM.attributes
                0x0000000000000244       0x32 ./Core/Src/stm32h7xx_hal_msp.o
 .ARM.attributes
                0x0000000000000276       0x32 ./Core/Src/stm32h7xx_it.o
 .ARM.attributes
                0x00000000000002a8       0x32 ./Core/Src/sysmem.o
 .ARM.attributes
                0x00000000000002da       0x32 ./Core/Src/system_stm32h7xx.o
 .ARM.attributes
                0x000000000000030c       0x32 ./Core/Src/tim.o
 .ARM.attributes
                0x000000000000033e       0x21 ./Core/Startup/startup_stm32h7a3zitxq.o
 .ARM.attributes
                0x000000000000035f       0x32 ./Drivers/STM32H7xx_HAL_Driver/Src/stm32h7xx_hal.o
 .ARM.attributes
                0x0000000000000391       0x32 ./Drivers/STM32H7xx_HAL_Driver/Src/stm32h7xx_hal_adc.o
 .ARM.attributes
                0x00000000000003c3       0x32 ./Drivers/STM32H7xx_HAL_Driver/Src/stm32h7xx_hal_adc_ex.o
 .ARM.attributes
                0x00000000000003f5       0x32 ./Drivers/STM32H7xx_HAL_Driver/Src/stm32h7xx_hal_cortex.o
 .ARM.attributes
                0x0000000000000427       0x32 ./Drivers/STM32H7xx_HAL_Driver/Src/stm32h7xx_hal_dac.o
 .ARM.attributes
                0x0000000000000459       0x32 ./Drivers/STM32H7xx_HAL_Driver/Src/stm32h7xx_hal_dac_ex.o
 .ARM.attributes
                0x000000000000048b       0x32 ./Drivers/STM32H7xx_HAL_Driver/Src/stm32h7xx_hal_dma.o
 .ARM.attributes
                0x00000000000004bd       0x32 ./Drivers/STM32H7xx_HAL_Driver/Src/stm32h7xx_hal_gpio.o
 .ARM.attributes
                0x00000000000004ef       0x32 ./Drivers/STM32H7xx_HAL_Driver/Src/stm32h7xx_hal_i2c.o
 .ARM.attributes
                0x0000000000000521       0x32 ./Drivers/STM32H7xx_HAL_Driver/Src/stm32h7xx_hal_i2c_ex.o
 .ARM.attributes
                0x0000000000000553       0x32 ./Drivers/STM32H7xx_HAL_Driver/Src/stm32h7xx_hal_pwr_ex.o
 .ARM.attributes
                0x0000000000000585       0x32 ./Drivers/STM32H7xx_HAL_Driver/Src/stm32h7xx_hal_rcc.o
 .ARM.attributes
                0x00000000000005b7       0x32 ./Drivers/STM32H7xx_HAL_Driver/Src/stm32h7xx_hal_rcc_ex.o
 .ARM.attributes
                0x00000000000005e9       0x32 ./Drivers/STM32H7xx_HAL_Driver/Src/stm32h7xx_hal_tim.o
 .ARM.attributes
                0x000000000000061b       0x32 ./Drivers/STM32H7xx_HAL_Driver/Src/stm32h7xx_hal_tim_ex.o
 .ARM.attributes
                0x000000000000064d       0x32 c:/st/stm32cubeide_1.9.0/stm32cubeide/plugins/com.st.stm32cube.ide.mcu.externaltools.gnu-tools-for-stm32.10.3-2021.10.win32_1.0.0.202111181127/tools/bin/../lib/gcc/arm-none-eabi/10.3.1/../../../../arm-none-eabi/lib/thumb/v7e-m+dp/hard\libc_nano.a(lib_a-errno.o)
 .ARM.attributes
                0x000000000000067f       0x32 c:/st/stm32cubeide_1.9.0/stm32cubeide/plugins/com.st.stm32cube.ide.mcu.externaltools.gnu-tools-for-stm32.10.3-2021.10.win32_1.0.0.202111181127/tools/bin/../lib/gcc/arm-none-eabi/10.3.1/../../../../arm-none-eabi/lib/thumb/v7e-m+dp/hard\libc_nano.a(lib_a-impure.o)
 .ARM.attributes
                0x00000000000006b1       0x32 c:/st/stm32cubeide_1.9.0/stm32cubeide/plugins/com.st.stm32cube.ide.mcu.externaltools.gnu-tools-for-stm32.10.3-2021.10.win32_1.0.0.202111181127/tools/bin/../lib/gcc/arm-none-eabi/10.3.1/../../../../arm-none-eabi/lib/thumb/v7e-m+dp/hard\libc_nano.a(lib_a-init.o)
 .ARM.attributes
                0x00000000000006e3       0x32 c:/st/stm32cubeide_1.9.0/stm32cubeide/plugins/com.st.stm32cube.ide.mcu.externaltools.gnu-tools-for-stm32.10.3-2021.10.win32_1.0.0.202111181127/tools/bin/../lib/gcc/arm-none-eabi/10.3.1/../../../../arm-none-eabi/lib/thumb/v7e-m+dp/hard\libc_nano.a(lib_a-malloc.o)
 .ARM.attributes
                0x0000000000000715       0x32 c:/st/stm32cubeide_1.9.0/stm32cubeide/plugins/com.st.stm32cube.ide.mcu.externaltools.gnu-tools-for-stm32.10.3-2021.10.win32_1.0.0.202111181127/tools/bin/../lib/gcc/arm-none-eabi/10.3.1/../../../../arm-none-eabi/lib/thumb/v7e-m+dp/hard\libc_nano.a(lib_a-memset.o)
 .ARM.attributes
                0x0000000000000747       0x32 c:/st/stm32cubeide_1.9.0/stm32cubeide/plugins/com.st.stm32cube.ide.mcu.externaltools.gnu-tools-for-stm32.10.3-2021.10.win32_1.0.0.202111181127/tools/bin/../lib/gcc/arm-none-eabi/10.3.1/../../../../arm-none-eabi/lib/thumb/v7e-m+dp/hard\libc_nano.a(lib_a-nano-freer.o)
 .ARM.attributes
                0x0000000000000779       0x32 c:/st/stm32cubeide_1.9.0/stm32cubeide/plugins/com.st.stm32cube.ide.mcu.externaltools.gnu-tools-for-stm32.10.3-2021.10.win32_1.0.0.202111181127/tools/bin/../lib/gcc/arm-none-eabi/10.3.1/../../../../arm-none-eabi/lib/thumb/v7e-m+dp/hard\libc_nano.a(lib_a-nano-mallocr.o)
 .ARM.attributes
                0x00000000000007ab       0x32 c:/st/stm32cubeide_1.9.0/stm32cubeide/plugins/com.st.stm32cube.ide.mcu.externaltools.gnu-tools-for-stm32.10.3-2021.10.win32_1.0.0.202111181127/tools/bin/../lib/gcc/arm-none-eabi/10.3.1/../../../../arm-none-eabi/lib/thumb/v7e-m+dp/hard\libc_nano.a(lib_a-sbrkr.o)
 .ARM.attributes
                0x00000000000007dd       0x32 c:/st/stm32cubeide_1.9.0/stm32cubeide/plugins/com.st.stm32cube.ide.mcu.externaltools.gnu-tools-for-stm32.10.3-2021.10.win32_1.0.0.202111181127/tools/bin/../lib/gcc/arm-none-eabi/10.3.1/../../../../arm-none-eabi/lib/thumb/v7e-m+dp/hard\libc_nano.a(lib_a-mlock.o)
 .ARM.attributes
                0x000000000000080f       0x32 c:/st/stm32cubeide_1.9.0/stm32cubeide/plugins/com.st.stm32cube.ide.mcu.externaltools.gnu-tools-for-stm32.10.3-2021.10.win32_1.0.0.202111181127/tools/bin/../lib/gcc/arm-none-eabi/10.3.1/../../../../arm-none-eabi/lib/thumb/v7e-m+dp/hard\libc_nano.a(lib_a-reent.o)
 .ARM.attributes
                0x0000000000000841       0x32 c:/st/stm32cubeide_1.9.0/stm32cubeide/plugins/com.st.stm32cube.ide.mcu.externaltools.gnu-tools-for-stm32.10.3-2021.10.win32_1.0.0.202111181127/tools/bin/../lib/gcc/arm-none-eabi/10.3.1/../../../../arm-none-eabi/lib/thumb/v7e-m+dp/hard\libc_nano.a(lib_a-lock.o)
 .ARM.attributes
                0x0000000000000873       0x32 c:/st/stm32cubeide_1.9.0/stm32cubeide/plugins/com.st.stm32cube.ide.mcu.externaltools.gnu-tools-for-stm32.10.3-2021.10.win32_1.0.0.202111181127/tools/bin/../lib/gcc/arm-none-eabi/10.3.1/../../../../arm-none-eabi/lib/thumb/v7e-m+dp/hard\libm.a(lib_a-sf_floor.o)
 .ARM.attributes
                0x00000000000008a5       0x32 c:/st/stm32cubeide_1.9.0/stm32cubeide/plugins/com.st.stm32cube.ide.mcu.externaltools.gnu-tools-for-stm32.10.3-2021.10.win32_1.0.0.202111181127/tools/bin/../lib/gcc/arm-none-eabi/10.3.1/../../../../arm-none-eabi/lib/thumb/v7e-m+dp/hard\libm.a(lib_a-sinf.o)
 .ARM.attributes
                0x00000000000008d7       0x32 c:/st/stm32cubeide_1.9.0/stm32cubeide/plugins/com.st.stm32cube.ide.mcu.externaltools.gnu-tools-for-stm32.10.3-2021.10.win32_1.0.0.202111181127/tools/bin/../lib/gcc/arm-none-eabi/10.3.1/../../../../arm-none-eabi/lib/thumb/v7e-m+dp/hard\libm.a(lib_a-math_errf.o)
 .ARM.attributes
                0x0000000000000909       0x32 c:/st/stm32cubeide_1.9.0/stm32cubeide/plugins/com.st.stm32cube.ide.mcu.externaltools.gnu-tools-for-stm32.10.3-2021.10.win32_1.0.0.202111181127/tools/bin/../lib/gcc/arm-none-eabi/10.3.1/../../../../arm-none-eabi/lib/thumb/v7e-m+dp/hard\libm.a(lib_a-sincosf_data.o)
 .ARM.attributes
                0x000000000000093b       0x1e c:/st/stm32cubeide_1.9.0/stm32cubeide/plugins/com.st.stm32cube.ide.mcu.externaltools.gnu-tools-for-stm32.10.3-2021.10.win32_1.0.0.202111181127/tools/bin/../lib/gcc/arm-none-eabi/10.3.1/thumb/v7e-m+dp/hard\libgcc.a(_arm_addsubdf3.o)
 .ARM.attributes
                0x0000000000000959       0x1e c:/st/stm32cubeide_1.9.0/stm32cubeide/plugins/com.st.stm32cube.ide.mcu.externaltools.gnu-tools-for-stm32.10.3-2021.10.win32_1.0.0.202111181127/tools/bin/../lib/gcc/arm-none-eabi/10.3.1/thumb/v7e-m+dp/hard/crtn.o
OUTPUT(thesis-2-nucleo-h7a3zi-q.elf elf32-littlearm)
LOAD linker stubs
LOAD c:/st/stm32cubeide_1.9.0/stm32cubeide/plugins/com.st.stm32cube.ide.mcu.externaltools.gnu-tools-for-stm32.10.3-2021.10.win32_1.0.0.202111181127/tools/bin/../lib/gcc/arm-none-eabi/10.3.1/../../../../arm-none-eabi/lib/thumb/v7e-m+dp/hard\libc.a
LOAD c:/st/stm32cubeide_1.9.0/stm32cubeide/plugins/com.st.stm32cube.ide.mcu.externaltools.gnu-tools-for-stm32.10.3-2021.10.win32_1.0.0.202111181127/tools/bin/../lib/gcc/arm-none-eabi/10.3.1/../../../../arm-none-eabi/lib/thumb/v7e-m+dp/hard\libm.a
LOAD c:/st/stm32cubeide_1.9.0/stm32cubeide/plugins/com.st.stm32cube.ide.mcu.externaltools.gnu-tools-for-stm32.10.3-2021.10.win32_1.0.0.202111181127/tools/bin/../lib/gcc/arm-none-eabi/10.3.1/thumb/v7e-m+dp/hard\libgcc.a

.debug_info     0x0000000000000000    0x1e130
 .debug_info    0x0000000000000000      0x2c6 ./Core/Src/ChorusEffect.o
 .debug_info    0x00000000000002c6      0x234 ./Core/Src/DelayEffect.o
 .debug_info    0x00000000000004fa      0x256 ./Core/Src/TremoloEffect.o
 .debug_info    0x0000000000000750     0x112e ./Core/Src/adc.o
 .debug_info    0x000000000000187e      0xd90 ./Core/Src/dac.o
 .debug_info    0x000000000000260e      0x871 ./Core/Src/dma.o
 .debug_info    0x0000000000002e7f      0xac7 ./Core/Src/gpio.o
 .debug_info    0x0000000000003946      0x8ac ./Core/Src/i2c-lcd.o
 .debug_info    0x00000000000041f2     0x103c ./Core/Src/i2c.o
 .debug_info    0x000000000000522e     0x1f2b ./Core/Src/main.o
 .debug_info    0x0000000000007159      0x4cc ./Core/Src/stm32h7xx_hal_msp.o
 .debug_info    0x0000000000007625      0x910 ./Core/Src/stm32h7xx_it.o
 .debug_info    0x0000000000007f35      0x171 ./Core/Src/sysmem.o
 .debug_info    0x00000000000080a6      0xc8a ./Core/Src/system_stm32h7xx.o
 .debug_info    0x0000000000008d30     0x14e9 ./Core/Src/tim.o
 .debug_info    0x000000000000a219       0x22 ./Core/Startup/startup_stm32h7a3zitxq.o
 .debug_info    0x000000000000a23b     0x1476 ./Drivers/STM32H7xx_HAL_Driver/Src/stm32h7xx_hal.o
 .debug_info    0x000000000000b6b1     0x1ebc ./Drivers/STM32H7xx_HAL_Driver/Src/stm32h7xx_hal_adc.o
 .debug_info    0x000000000000d56d     0x1ffc ./Drivers/STM32H7xx_HAL_Driver/Src/stm32h7xx_hal_adc_ex.o
 .debug_info    0x000000000000f569     0x114f ./Drivers/STM32H7xx_HAL_Driver/Src/stm32h7xx_hal_cortex.o
 .debug_info    0x00000000000106b8      0xc27 ./Drivers/STM32H7xx_HAL_Driver/Src/stm32h7xx_hal_dac.o
 .debug_info    0x00000000000112df      0xc26 ./Drivers/STM32H7xx_HAL_Driver/Src/stm32h7xx_hal_dac_ex.o
 .debug_info    0x0000000000011f05      0xc06 ./Drivers/STM32H7xx_HAL_Driver/Src/stm32h7xx_hal_dma.o
 .debug_info    0x0000000000012b0b      0xbe7 ./Drivers/STM32H7xx_HAL_Driver/Src/stm32h7xx_hal_gpio.o
 .debug_info    0x00000000000136f2     0x23b3 ./Drivers/STM32H7xx_HAL_Driver/Src/stm32h7xx_hal_i2c.o
 .debug_info    0x0000000000015aa5      0xcf8 ./Drivers/STM32H7xx_HAL_Driver/Src/stm32h7xx_hal_i2c_ex.o
 .debug_info    0x000000000001679d      0xfba ./Drivers/STM32H7xx_HAL_Driver/Src/stm32h7xx_hal_pwr_ex.o
 .debug_info    0x0000000000017757      0xf8f ./Drivers/STM32H7xx_HAL_Driver/Src/stm32h7xx_hal_rcc.o
 .debug_info    0x00000000000186e6     0x12a4 ./Drivers/STM32H7xx_HAL_Driver/Src/stm32h7xx_hal_rcc_ex.o
 .debug_info    0x000000000001998a     0x2dd1 ./Drivers/STM32H7xx_HAL_Driver/Src/stm32h7xx_hal_tim.o
 .debug_info    0x000000000001c75b     0x19d5 ./Drivers/STM32H7xx_HAL_Driver/Src/stm32h7xx_hal_tim_ex.o

.debug_abbrev   0x0000000000000000     0x3f4c
 .debug_abbrev  0x0000000000000000      0x182 ./Core/Src/ChorusEffect.o
 .debug_abbrev  0x0000000000000182      0x15a ./Core/Src/DelayEffect.o
 .debug_abbrev  0x00000000000002dc      0x1a4 ./Core/Src/TremoloEffect.o
 .debug_abbrev  0x0000000000000480      0x266 ./Core/Src/adc.o
 .debug_abbrev  0x00000000000006e6      0x239 ./Core/Src/dac.o
 .debug_abbrev  0x000000000000091f      0x12c ./Core/Src/dma.o
 .debug_abbrev  0x0000000000000a4b      0x195 ./Core/Src/gpio.o
 .debug_abbrev  0x0000000000000be0      0x1e9 ./Core/Src/i2c-lcd.o
 .debug_abbrev  0x0000000000000dc9      0x248 ./Core/Src/i2c.o
 .debug_abbrev  0x0000000000001011      0x3b0 ./Core/Src/main.o
 .debug_abbrev  0x00000000000013c1       0xeb ./Core/Src/stm32h7xx_hal_msp.o
 .debug_abbrev  0x00000000000014ac      0x19e ./Core/Src/stm32h7xx_it.o
 .debug_abbrev  0x000000000000164a       0xbb ./Core/Src/sysmem.o
 .debug_abbrev  0x0000000000001705      0x147 ./Core/Src/system_stm32h7xx.o
 .debug_abbrev  0x000000000000184c      0x26f ./Core/Src/tim.o
 .debug_abbrev  0x0000000000001abb       0x12 ./Core/Startup/startup_stm32h7a3zitxq.o
 .debug_abbrev  0x0000000000001acd      0x289 ./Drivers/STM32H7xx_HAL_Driver/Src/stm32h7xx_hal.o
 .debug_abbrev  0x0000000000001d56      0x2bf ./Drivers/STM32H7xx_HAL_Driver/Src/stm32h7xx_hal_adc.o
 .debug_abbrev  0x0000000000002015      0x305 ./Drivers/STM32H7xx_HAL_Driver/Src/stm32h7xx_hal_adc_ex.o
 .debug_abbrev  0x000000000000231a      0x329 ./Drivers/STM32H7xx_HAL_Driver/Src/stm32h7xx_hal_cortex.o
 .debug_abbrev  0x0000000000002643      0x209 ./Drivers/STM32H7xx_HAL_Driver/Src/stm32h7xx_hal_dac.o
 .debug_abbrev  0x000000000000284c      0x23d ./Drivers/STM32H7xx_HAL_Driver/Src/stm32h7xx_hal_dac_ex.o
 .debug_abbrev  0x0000000000002a89      0x239 ./Drivers/STM32H7xx_HAL_Driver/Src/stm32h7xx_hal_dma.o
 .debug_abbrev  0x0000000000002cc2      0x1ec ./Drivers/STM32H7xx_HAL_Driver/Src/stm32h7xx_hal_gpio.o
 .debug_abbrev  0x0000000000002eae      0x243 ./Drivers/STM32H7xx_HAL_Driver/Src/stm32h7xx_hal_i2c.o
 .debug_abbrev  0x00000000000030f1      0x1e1 ./Drivers/STM32H7xx_HAL_Driver/Src/stm32h7xx_hal_i2c_ex.o
 .debug_abbrev  0x00000000000032d2      0x27e ./Drivers/STM32H7xx_HAL_Driver/Src/stm32h7xx_hal_pwr_ex.o
 .debug_abbrev  0x0000000000003550      0x2b8 ./Drivers/STM32H7xx_HAL_Driver/Src/stm32h7xx_hal_rcc.o
 .debug_abbrev  0x0000000000003808      0x26d ./Drivers/STM32H7xx_HAL_Driver/Src/stm32h7xx_hal_rcc_ex.o
 .debug_abbrev  0x0000000000003a75      0x25d ./Drivers/STM32H7xx_HAL_Driver/Src/stm32h7xx_hal_tim.o
 .debug_abbrev  0x0000000000003cd2      0x27a ./Drivers/STM32H7xx_HAL_Driver/Src/stm32h7xx_hal_tim_ex.o

.debug_aranges  0x0000000000000000     0x1840
 .debug_aranges
                0x0000000000000000       0x40 ./Core/Src/ChorusEffect.o
 .debug_aranges
                0x0000000000000040       0x38 ./Core/Src/DelayEffect.o
 .debug_aranges
                0x0000000000000078       0x40 ./Core/Src/TremoloEffect.o
 .debug_aranges
                0x00000000000000b8       0x38 ./Core/Src/adc.o
 .debug_aranges
                0x00000000000000f0       0x30 ./Core/Src/dac.o
 .debug_aranges
                0x0000000000000120       0x20 ./Core/Src/dma.o
 .debug_aranges
                0x0000000000000140       0x20 ./Core/Src/gpio.o
 .debug_aranges
                0x0000000000000160       0x48 ./Core/Src/i2c-lcd.o
 .debug_aranges
                0x00000000000001a8       0x30 ./Core/Src/i2c.o
 .debug_aranges
                0x00000000000001d8       0x88 ./Core/Src/main.o
 .debug_aranges
                0x0000000000000260       0x20 ./Core/Src/stm32h7xx_hal_msp.o
 .debug_aranges
                0x0000000000000280       0x88 ./Core/Src/stm32h7xx_it.o
 .debug_aranges
                0x0000000000000308       0x20 ./Core/Src/sysmem.o
 .debug_aranges
                0x0000000000000328       0x28 ./Core/Src/system_stm32h7xx.o
 .debug_aranges
                0x0000000000000350       0x58 ./Core/Src/tim.o
 .debug_aranges
                0x00000000000003a8       0x28 ./Core/Startup/startup_stm32h7a3zitxq.o
 .debug_aranges
                0x00000000000003d0      0x1a0 ./Drivers/STM32H7xx_HAL_Driver/Src/stm32h7xx_hal.o
 .debug_aranges
                0x0000000000000570      0x228 ./Drivers/STM32H7xx_HAL_Driver/Src/stm32h7xx_hal_adc.o
 .debug_aranges
                0x0000000000000798      0x1d8 ./Drivers/STM32H7xx_HAL_Driver/Src/stm32h7xx_hal_adc_ex.o
 .debug_aranges
                0x0000000000000970      0x120 ./Drivers/STM32H7xx_HAL_Driver/Src/stm32h7xx_hal_cortex.o
 .debug_aranges
                0x0000000000000a90       0xc0 ./Drivers/STM32H7xx_HAL_Driver/Src/stm32h7xx_hal_dac.o
 .debug_aranges
                0x0000000000000b50       0xa8 ./Drivers/STM32H7xx_HAL_Driver/Src/stm32h7xx_hal_dac_ex.o
 .debug_aranges
                0x0000000000000bf8       0xa0 ./Drivers/STM32H7xx_HAL_Driver/Src/stm32h7xx_hal_dma.o
 .debug_aranges
                0x0000000000000c98       0x58 ./Drivers/STM32H7xx_HAL_Driver/Src/stm32h7xx_hal_gpio.o
 .debug_aranges
                0x0000000000000cf0      0x290 ./Drivers/STM32H7xx_HAL_Driver/Src/stm32h7xx_hal_i2c.o
 .debug_aranges
                0x0000000000000f80       0x48 ./Drivers/STM32H7xx_HAL_Driver/Src/stm32h7xx_hal_i2c_ex.o
 .debug_aranges
                0x0000000000000fc8      0x188 ./Drivers/STM32H7xx_HAL_Driver/Src/stm32h7xx_hal_pwr_ex.o
 .debug_aranges
                0x0000000000001150       0x88 ./Drivers/STM32H7xx_HAL_Driver/Src/stm32h7xx_hal_rcc.o
 .debug_aranges
                0x00000000000011d8       0xf0 ./Drivers/STM32H7xx_HAL_Driver/Src/stm32h7xx_hal_rcc_ex.o
 .debug_aranges
                0x00000000000012c8      0x3e0 ./Drivers/STM32H7xx_HAL_Driver/Src/stm32h7xx_hal_tim.o
 .debug_aranges
                0x00000000000016a8      0x198 ./Drivers/STM32H7xx_HAL_Driver/Src/stm32h7xx_hal_tim_ex.o

.debug_ranges   0x0000000000000000     0x1658
 .debug_ranges  0x0000000000000000       0x30 ./Core/Src/ChorusEffect.o
 .debug_ranges  0x0000000000000030       0x28 ./Core/Src/DelayEffect.o
 .debug_ranges  0x0000000000000058       0x30 ./Core/Src/TremoloEffect.o
 .debug_ranges  0x0000000000000088       0x28 ./Core/Src/adc.o
 .debug_ranges  0x00000000000000b0       0x20 ./Core/Src/dac.o
 .debug_ranges  0x00000000000000d0       0x10 ./Core/Src/dma.o
 .debug_ranges  0x00000000000000e0       0x10 ./Core/Src/gpio.o
 .debug_ranges  0x00000000000000f0       0x38 ./Core/Src/i2c-lcd.o
 .debug_ranges  0x0000000000000128       0x20 ./Core/Src/i2c.o
 .debug_ranges  0x0000000000000148       0x78 ./Core/Src/main.o
 .debug_ranges  0x00000000000001c0       0x10 ./Core/Src/stm32h7xx_hal_msp.o
 .debug_ranges  0x00000000000001d0       0x78 ./Core/Src/stm32h7xx_it.o
 .debug_ranges  0x0000000000000248       0x10 ./Core/Src/sysmem.o
 .debug_ranges  0x0000000000000258       0x18 ./Core/Src/system_stm32h7xx.o
 .debug_ranges  0x0000000000000270       0x48 ./Core/Src/tim.o
 .debug_ranges  0x00000000000002b8       0x20 ./Core/Startup/startup_stm32h7a3zitxq.o
 .debug_ranges  0x00000000000002d8      0x190 ./Drivers/STM32H7xx_HAL_Driver/Src/stm32h7xx_hal.o
 .debug_ranges  0x0000000000000468      0x218 ./Drivers/STM32H7xx_HAL_Driver/Src/stm32h7xx_hal_adc.o
 .debug_ranges  0x0000000000000680      0x1c8 ./Drivers/STM32H7xx_HAL_Driver/Src/stm32h7xx_hal_adc_ex.o
 .debug_ranges  0x0000000000000848      0x110 ./Drivers/STM32H7xx_HAL_Driver/Src/stm32h7xx_hal_cortex.o
 .debug_ranges  0x0000000000000958       0xb0 ./Drivers/STM32H7xx_HAL_Driver/Src/stm32h7xx_hal_dac.o
 .debug_ranges  0x0000000000000a08       0x98 ./Drivers/STM32H7xx_HAL_Driver/Src/stm32h7xx_hal_dac_ex.o
 .debug_ranges  0x0000000000000aa0       0x90 ./Drivers/STM32H7xx_HAL_Driver/Src/stm32h7xx_hal_dma.o
 .debug_ranges  0x0000000000000b30       0x48 ./Drivers/STM32H7xx_HAL_Driver/Src/stm32h7xx_hal_gpio.o
 .debug_ranges  0x0000000000000b78      0x280 ./Drivers/STM32H7xx_HAL_Driver/Src/stm32h7xx_hal_i2c.o
 .debug_ranges  0x0000000000000df8       0x38 ./Drivers/STM32H7xx_HAL_Driver/Src/stm32h7xx_hal_i2c_ex.o
 .debug_ranges  0x0000000000000e30      0x178 ./Drivers/STM32H7xx_HAL_Driver/Src/stm32h7xx_hal_pwr_ex.o
 .debug_ranges  0x0000000000000fa8       0x78 ./Drivers/STM32H7xx_HAL_Driver/Src/stm32h7xx_hal_rcc.o
 .debug_ranges  0x0000000000001020       0xe0 ./Drivers/STM32H7xx_HAL_Driver/Src/stm32h7xx_hal_rcc_ex.o
 .debug_ranges  0x0000000000001100      0x3d0 ./Drivers/STM32H7xx_HAL_Driver/Src/stm32h7xx_hal_tim.o
 .debug_ranges  0x00000000000014d0      0x188 ./Drivers/STM32H7xx_HAL_Driver/Src/stm32h7xx_hal_tim_ex.o

.debug_macro    0x0000000000000000    0x342ab
 .debug_macro   0x0000000000000000      0x120 ./Core/Src/ChorusEffect.o
 .debug_macro   0x0000000000000120      0xa90 ./Core/Src/ChorusEffect.o
 .debug_macro   0x0000000000000bb0       0x1d ./Core/Src/ChorusEffect.o
 .debug_macro   0x0000000000000bcd       0x22 ./Core/Src/ChorusEffect.o
 .debug_macro   0x0000000000000bef       0x4c ./Core/Src/ChorusEffect.o
 .debug_macro   0x0000000000000c3b       0x94 ./Core/Src/ChorusEffect.o
 .debug_macro   0x0000000000000ccf       0x3c ./Core/Src/ChorusEffect.o
 .debug_macro   0x0000000000000d0b       0x34 ./Core/Src/ChorusEffect.o
 .debug_macro   0x0000000000000d3f       0x16 ./Core/Src/ChorusEffect.o
 .debug_macro   0x0000000000000d55      0x10e ./Core/Src/ChorusEffect.o
 .debug_macro   0x0000000000000e63       0x8d ./Core/Src/ChorusEffect.o
 .debug_macro   0x0000000000000ef0       0x16 ./Core/Src/ChorusEffect.o
 .debug_macro   0x0000000000000f06       0x43 ./Core/Src/ChorusEffect.o
 .debug_macro   0x0000000000000f49       0x57 ./Core/Src/ChorusEffect.o
 .debug_macro   0x0000000000000fa0       0x34 ./Core/Src/ChorusEffect.o
 .debug_macro   0x0000000000000fd4       0x10 ./Core/Src/ChorusEffect.o
 .debug_macro   0x0000000000000fe4       0x58 ./Core/Src/ChorusEffect.o
 .debug_macro   0x000000000000103c       0x71 ./Core/Src/ChorusEffect.o
 .debug_macro   0x00000000000010ad       0x1c ./Core/Src/ChorusEffect.o
 .debug_macro   0x00000000000010c9      0x12a ./Core/Src/ChorusEffect.o
 .debug_macro   0x00000000000011f3      0x341 ./Core/Src/ChorusEffect.o
 .debug_macro   0x0000000000001534       0x16 ./Core/Src/ChorusEffect.o
 .debug_macro   0x000000000000154a       0x29 ./Core/Src/ChorusEffect.o
 .debug_macro   0x0000000000001573      0x19b ./Core/Src/ChorusEffect.o
 .debug_macro   0x000000000000170e      0x144 ./Core/Src/DelayEffect.o
 .debug_macro   0x0000000000001852      0x103 ./Core/Src/DelayEffect.o
 .debug_macro   0x0000000000001955       0x6a ./Core/Src/DelayEffect.o
 .debug_macro   0x00000000000019bf      0x1df ./Core/Src/DelayEffect.o
 .debug_macro   0x0000000000001b9e      0x151 ./Core/Src/TremoloEffect.o
 .debug_macro   0x0000000000001cef      0x2e4 ./Core/Src/adc.o
 .debug_macro   0x0000000000001fd3      0x23e ./Core/Src/adc.o
 .debug_macro   0x0000000000002211       0x2e ./Core/Src/adc.o
 .debug_macro   0x000000000000223f       0x42 ./Core/Src/adc.o
 .debug_macro   0x0000000000002281       0x8e ./Core/Src/adc.o
 .debug_macro   0x000000000000230f       0x51 ./Core/Src/adc.o
 .debug_macro   0x0000000000002360       0x1c ./Core/Src/adc.o
 .debug_macro   0x000000000000237c       0x22 ./Core/Src/adc.o
 .debug_macro   0x000000000000239e       0xfb ./Core/Src/adc.o
 .debug_macro   0x0000000000002499     0x1305 ./Core/Src/adc.o
 .debug_macro   0x000000000000379e      0x11f ./Core/Src/adc.o
 .debug_macro   0x00000000000038bd       0x27 ./Core/Src/adc.o