../Core/Src/main.c:95:6:HAL_ADC_ConvHalfCpltCallback	16	static
../Core/Src/main.c:108:6:HAL_ADC_ConvCpltCallback	16	static
../Core/Src/main.c:125:9:Is_Tremolo	4	static
../Core/Src/main.c:129:6:Init_Tremolo_Waveform	8	static
../Core/Src/main.c:135:6:processData	40	static
../Core/Src/main.c:178:6:initEffect	16	static
../Core/Src/main.c:197:6:changeEffect	16	static
../Core/Src/main.c:215:6:displayEffect	16	static
../Core/Src/main.c:242:6:HAL_TIM_PeriodElapsedCallback	24	static
../Core/Src/main.c:270:5:main	16	static
../Core/Src/main.c:359:6:SystemClock_Config	120	static
../Core/Src/main.c:424:6:PeriphCommonClock_Config	192	static
../Core/Src/main.c:448:6:HAL_GPIO_EXTI_Callback	16	static,ignoring_inline_asm
../Core/Src/main.c:484:6:Error_Handler	4	static,ignoring_inline_asm
