../Core/Src/main.c:93:6:HAL_ADC_ConvHalfCpltCallback	16	static
../Core/Src/main.c:106:6:HAL_ADC_ConvCpltCallback	16	static
../Core/Src/main.c:122:9:Is_Tremolo	4	static
../Core/Src/main.c:126:6:Init_Tremolo_Waveform	8	static
../Core/Src/main.c:132:6:processData	40	static
../Core/Src/main.c:178:5:main	16	static
../Core/Src/main.c:246:6:SystemClock_Config	120	static
../Core/Src/main.c:311:6:PeriphCommonClock_Config	192	static
../Core/Src/main.c:335:6:HAL_GPIO_EXTI_Callback	16	static,ignoring_inline_asm
../Core/Src/main.c:371:6:Error_Handler	4	static,ignoring_inline_asm
